rltr_market_hotness_msa_phoenix.csv
month_date_yyyymm,postal_code,zip_name,city,state,nielsen_hh_rank,hotness_rank,hotness_rank_mm,hotness_rank_yy,hotness_score,supply_score,demand_score,median_days_on_market,median_days_on_market_mm,median_dom_mm_day,median_days_on_market_yy,median_dom_yy_day,median_dom_vs_us,ldpviews_per_property_mm,ldpviews_per_property_yy,ldpviews_per_property_vs_us,median_listing_price,median_listing_price_mm,median_listing_price_yy,median_listing_price_vs_us,cbsa_name,cbsa_zip_name
2020-11-01,85019,"phoenix, az",phoenix,az,6465,2358,-1493,-564,74.321452,87.43459778,61.20830608,35,1.0588,18,-0.0278,-1,-22.5,-0.2662,0.7771,1.209,237500,-0.0304,0.0558,0.6818,"Phoenix-Mesa-Glendale, AZ Metropolitan Statistical Area","Phoenix, AZ"
2020-11-01,85007,"phoenix, az",phoenix,az,8167,5668,810,-3457,53.155657,51.20176586,55.10954872,53,0.06,3,0.1042,5,-4.5,-0.0037,0.462,1.1025,487550,0.0177,0.413,1.3998,"Phoenix-Mesa-Glendale, AZ Metropolitan Statistical Area","Phoenix, AZ"
2020-11-01,85016,"phoenix, az",phoenix,az,1068,4846,1738,1766,58.150752,75.64584696,40.65565729,41,-0.0238,-1,-0.3492,-22,-16.5,0.0693,0.6364,0.8852,467549.5,-0.0833,-0.0743,1.3424,"Phoenix-Mesa-Glendale, AZ Metropolitan Statistical Area","Phoenix, AZ"
2020-11-01,85022,"phoenix, az",phoenix,az,383,1711,23,581,79.426913,88.36657946,70.48724657,34.5,0.6429,13.5,-0.266,-12.5,-23,0.0366,0.9101,1.3934,395050,0.1289,0,1.1342,"Phoenix-Mesa-Glendale, AZ Metropolitan Statistical Area","Phoenix, AZ"
2020-11-01,85051,"phoenix, az",phoenix,az,1860,2953,262,-528,70.180674,76.62688031,63.73446697,40.5,0.3966,11.5,-0.0122,-0.5,-17,0.1333,0.9615,1.2541,267000,0.0074,0.1765,0.7665,"Phoenix-Mesa-Glendale, AZ Metropolitan Statistical Area","Phoenix, AZ"
2020-11-01,85014,"phoenix, az",phoenix,az,2792,3653,1279,1504,65.483976,89.82177894,41.14617397,33.5,-0.0147,-0.5,-0.4018,-22.5,-24,0.0283,0.5797,0.8934,450000,-0.0197,0.1687,1.292,"Phoenix-Mesa-Glendale, AZ Metropolitan Statistical Area","Phoenix, AZ"
2020-11-01,85009,"phoenix, az",phoenix,az,2815,1984,-83,288,77.26864,96.60725965,57.93001962,26.5,-0.1452,-4.5,-0.4479,-21.5,-31,-0.2405,0.544,1.1516,230050,0,0.2784,0.6604,"Phoenix-Mesa-Glendale, AZ Metropolitan Statistical Area","Phoenix, AZ"
2020-11-01,85013,"phoenix, az",phoenix,az,4529,4264,-374,-524,61.61707,83.04447351,40.18966645,37.5,0.1719,5.5,-0.1667,-7.5,-20,-0.1535,0.5809,0.8811,394999.5,-0.0102,0.1619,1.1341,"Phoenix-Mesa-Glendale, AZ Metropolitan Statistical Area","Phoenix, AZ"
2020-11-01,85035,"phoenix, az",phoenix,az,2967,2913,-714,-489,70.454545,85.80771746,55.10137345,36,0.0909,3,-0.027,-1,-21.5,-0.2486,0.7933,1.1025,237500,-0.0065,0.1148,0.6818,"Phoenix-Mesa-Glendale, AZ Metropolitan Statistical Area","Phoenix, AZ"
2020-11-01,85034,"phoenix, az",phoenix,az,12974,9638,NA,NA,26.336658,35.35807717,17.31523872,64,-0.5493,-78,-0.0303,-2,6.5,-0.0493,0.6875,0.5533,250000,2e-4,0.0414,0.7177,"Phoenix-Mesa-Glendale, AZ Metropolitan Statistical Area","Phoenix, AZ"
2020-11-01,85029,"phoenix, az",phoenix,az,1102,879,1095,183,86.780576,96.00228908,77.558862,27.5,-0.0833,-2.5,-0.1406,-4.5,-30,0.0702,0.9844,1.5615,266000,0.0638,0.0855,0.7637,"Phoenix-Mesa-Glendale, AZ Metropolitan Statistical Area","Phoenix, AZ"
2020-11-01,85053,"phoenix, az",phoenix,az,3586,835,-188,168,87.258829,96.4028777,78.1147809,27,-0.129,-4,-0.2895,-11,-30.5,-0.3356,0.8462,1.5738,293550,-0.0184,0.142,0.8428,"Phoenix-Mesa-Glendale, AZ Metropolitan Statistical Area","Phoenix, AZ"
2020-11-01,85054,"phoenix, az",phoenix,az,10739,4858,4664,524,58.056736,90.50032701,25.61314585,33,-0.4677,-29,-0.3774,-20,-24.5,-0.1033,0.2891,0.6762,349950,-0.0414,-0.1649,1.0047,"Phoenix-Mesa-Glendale, AZ Metropolitan Statistical Area","Phoenix, AZ"
2020-11-01,85041,"phoenix, az",phoenix,az,1098,1336,1106,-895,82.553957,89.13505559,75.97285808,34,-0.1053,-4,0.1333,4,-23.5,-0.0817,0.613,1.5205,287550,0.0088,0.0648,0.8255,"Phoenix-Mesa-Glendale, AZ Metropolitan Statistical Area","Phoenix, AZ"
2020-11-01,85012,"phoenix, az",phoenix,az,10259,7370,-2812,4007,42.654513,49.5912361,35.7177894,54,0.5,18,-0.4857,-51,-3.5,-0.2103,0.6864,0.8156,487050,0.0072,0.236,1.3984,"Phoenix-Mesa-Glendale, AZ Metropolitan Statistical Area","Phoenix, AZ"
2020-11-01,85031,"phoenix, az",phoenix,az,6014,1450,1764,3384,81.703728,97.97253107,65.43492479,23.5,-0.2656,-8.5,-0.5877,-33.5,-34,0.0903,1.0933,1.2869,244500,0.019,0.153,0.7019,"Phoenix-Mesa-Glendale, AZ Metropolitan Statistical Area","Phoenix, AZ"
2020-11-01,85040,"phoenix, az",phoenix,az,4774,2352,1406,-1398,74.366416,83.92740353,64.80542838,37,-0.075,-3,0.0882,3,-20.5,-0.0401,0.555,1.2746,250050,0.0421,0.1111,0.7179,"Phoenix-Mesa-Glendale, AZ Metropolitan Statistical Area","Phoenix, AZ"
2020-11-01,85003,"phoenix, az",phoenix,az,9001,10095,-98,-1853,22.751799,22.0323741,23.47122302,79.5,0.2231,14.5,0.0063,0.5,22,-0.0814,0.0972,0.6475,446500,-0.0601,-0.0295,1.2819,"Phoenix-Mesa-Glendale, AZ Metropolitan Statistical Area","Phoenix, AZ"
2020-11-01,85018,"phoenix, az",phoenix,az,1254,4400,424,1382,60.815893,58.51863963,63.11314585,49,0.1395,6,-0.2344,-15,-8.5,0.0377,0.9934,1.2418,937050,-0.1076,0.0709,2.6905,"Phoenix-Mesa-Glendale, AZ Metropolitan Statistical Area","Phoenix, AZ"
2020-11-01,85027,"phoenix, az",phoenix,az,1540,1017,27,-858,85.484794,92.19260955,78.77697842,31.5,0.125,3.5,0.26,6.5,-26,-0.10780000000000001,0.4197,1.5943,282050,0.0071,0.1059,0.8097,"Phoenix-Mesa-Glendale, AZ Metropolitan Statistical Area","Phoenix, AZ"
2020-11-01,85033,"phoenix, az",phoenix,az,2034,1586,485,463,80.514225,95.26651406,65.76193591,28.5,-0.1094,-3.5,-0.2297,-8.5,-29,-0.1346,0.9688,1.291,237499.5,-0.0019,0.1044,0.6818,"Phoenix-Mesa-Glendale, AZ Metropolitan Statistical Area","Phoenix, AZ"
2020-11-01,85028,"phoenix, az",phoenix,az,5310,1659,-45,1651,79.937868,87.43459778,72.441138,35,0.2963,8,-0.3,-15,-22.5,-0.0304,1.1938,1.4385,507500,-0.0147,0.1801,1.4571,"Phoenix-Mesa-Glendale, AZ Metropolitan Statistical Area","Phoenix, AZ"
2020-11-01,85044,"phoenix, az",phoenix,az,967,1075,699,-338,84.957489,94.46533682,75.44964029,29.5,-0.1571,-5.5,-0.2805,-11.5,-28,-0.1425,0.5684,1.5041,372550,-0.0424,-0.0325,1.0696,"Phoenix-Mesa-Glendale, AZ Metropolitan Statistical Area","Phoenix, AZ"
2020-11-01,85043,"phoenix, az",phoenix,az,3841,944,1388,886,86.122466,93.32079791,78.92413342,30.5,0.0893,2.5,-0.2375,-9.5,-27,0.242,1.2674,1.5984,274950,-0.0182,0.1465,0.7894,"Phoenix-Mesa-Glendale, AZ Metropolitan Statistical Area","Phoenix, AZ"
2020-11-01,85021,"phoenix, az",phoenix,az,1551,3326,168,1095,67.736266,88.36657946,47.1059516,34.5,0.0147,0.5,-0.3235,-16.5,-23,-0.1489,0.7391,0.9836,390000,-0.1521,-0.2122,1.1197,"Phoenix-Mesa-Glendale, AZ Metropolitan Statistical Area","Phoenix, AZ"
2020-11-01,85006,"phoenix, az",phoenix,az,4953,9342,-1587,-3142,28.613473,35.88129496,21.34565075,63.5,0.4767,20.5,0.2959,14.5,6,-0.0506,0.4706,0.6148,359550,-0.0413,0.0627,1.0323,"Phoenix-Mesa-Glendale, AZ Metropolitan Statistical Area","Phoenix, AZ"
2020-11-01,85023,"phoenix, az",phoenix,az,2086,1827,-153,-1021,78.625736,89.13505559,68.11641596,34,0.0303,1,-0.0556,-2,-23.5,-0.2,0.5327,1.3443,318550,-0.0016,-0.0016,0.9145,"Phoenix-Mesa-Glendale, AZ Metropolitan Statistical Area","Phoenix, AZ"
2020-11-01,85024,"phoenix, az",phoenix,az,4045,1224,1050,1198,83.551341,89.13505559,77.9676259,34,0,0,-0.3061,-15,-23.5,0.0639,1.1044,1.5697,427000,0.0676,0.1089,1.226,"Phoenix-Mesa-Glendale, AZ Metropolitan Statistical Area","Phoenix, AZ"
2020-11-01,85045,"phoenix, az",phoenix,az,11338,601,NA,920,89.596959,96.00228908,83.19162852,27.5,-0.1667,-5.5,-0.375,-16.5,-30,0.1164,1.11,1.7295,525050,0.0398,0.2963,1.5075,"Phoenix-Mesa-Glendale, AZ Metropolitan Statistical Area","Phoenix, AZ"
2020-11-01,85017,"phoenix, az",phoenix,az,3244,5044,-1123,-3070,56.940811,69.51438849,44.36723349,44,0.2571,9,0.5172,15,-13.5,-0.1606,0.4935,0.9426,240000,0.0433,0.1426,0.689,"Phoenix-Mesa-Glendale, AZ Metropolitan Statistical Area","Phoenix, AZ"
2020-11-01,85083,"phoenix, az",phoenix,az,6714,519,894,894,90.72106,93.32079791,88.12132112,30.5,-0.0469,-1.5,-0.3646,-17.5,-27,0.0876,1.1261,1.9344,550000,0.0186,0.2224,1.5791,"Phoenix-Mesa-Glendale, AZ Metropolitan Statistical Area","Phoenix, AZ"
2020-11-01,85048,"phoenix, az",phoenix,az,2580,2145,22,-725,76.0914,77.6324395,74.55035971,40,0.1429,5,-0.1111,-5,-17.5,-0.0573,0.7238,1.4836,452545,-0.1631,0.0523,1.2993,"Phoenix-Mesa-Glendale, AZ Metropolitan Statistical Area","Phoenix, AZ"
2020-11-01,85004,"phoenix, az",phoenix,az,12132,9567,-420,-3860,26.90484,28.84238064,24.96729889,70,0.4,20,0.2963,16,12.5,0.1643,0.3145,0.668,350050,-0.0787,0.0294,1.005,"Phoenix-Mesa-Glendale, AZ Metropolitan Statistical Area","Phoenix, AZ"
2020-11-01,85042,"phoenix, az",phoenix,az,2049,2060,856,-371,76.667757,89.13505559,64.20045782,34,0.0968,3,-0.15,-6,-23.5,0.0336,0.75,1.2623,352549.5,0.0074,-0.0208,1.0122,"Phoenix-Mesa-Glendale, AZ Metropolitan Statistical Area","Phoenix, AZ"
2020-11-01,85032,"phoenix, az",phoenix,az,90,1221,533,-644,83.588129,94.46533682,72.71092217,29.5,-0.0167,-0.5,-0.2805,-11.5,-28,-0.0588,0.3968,1.4426,356900,0.0199,0.17,1.0247,"Phoenix-Mesa-Glendale, AZ Metropolitan Statistical Area","Phoenix, AZ"
2020-11-01,85085,"phoenix, az",phoenix,az,5409,956,1215,3516,85.999836,96.00228908,75.99738391,27.5,-0.2143,-7.5,-0.4022,-18.5,-30,-0.0339,1.9919,1.5205,468500,0.001,0.0462,1.3451,"Phoenix-Mesa-Glendale, AZ Metropolitan Statistical Area","Phoenix, AZ"
2020-11-01,85008,"phoenix, az",phoenix,az,407,3418,60,-1730,67.086331,96.91792021,37.25474166,26,-0.1034,-3,-0.381,-16,-31.5,-0.2031,0.1209,0.8361,329216.5,-0.0541,0.0322,0.9452,"Phoenix-Mesa-Glendale, AZ Metropolitan Statistical Area","Phoenix, AZ"
2020-11-01,85037,"phoenix, az",phoenix,az,2275,561,832,508,90.210105,93.32079791,87.09941138,30.5,-0.1528,-5.5,-0.1286,-4.5,-27,-0.1016,1.3469,1.8852,272500,0.0281,0.185,0.7823,"Phoenix-Mesa-Glendale, AZ Metropolitan Statistical Area","Phoenix, AZ"
2020-11-01,85050,"phoenix, az",phoenix,az,3420,902,1745,889,86.633421,94.85775016,78.40909091,29,-0.2162,-8,-0.3958,-19,-28.5,0.0321,0.93,1.582,477550,-0.1549,0.0997,1.3711,"Phoenix-Mesa-Glendale, AZ Metropolitan Statistical Area","Phoenix, AZ"
2020-11-01,85015,"phoenix, az",phoenix,az,1925,3918,-290,-1806,63.808044,87.43459778,40.18149117,35,0.25,7,-0.0789,-3,-22.5,-0.1116,0.3438,0.8811,277550,-0.0719,0.0886,0.7968,"Phoenix-Mesa-Glendale, AZ Metropolitan Statistical Area","Phoenix, AZ"
2020-11-01,85020,"phoenix, az",phoenix,az,1569,3251,901,1174,68.189993,83.04447351,53.33551341,37.5,0.0135,0.5,-0.3421,-19.5,-20,-0.0709,0.6582,1.0738,440000,0.207,0.3054,1.2633,"Phoenix-Mesa-Glendale, AZ Metropolitan Statistical Area","Phoenix, AZ"
2020-10-01,85016,"phoenix, az",phoenix,az,1068,6584,-495,763,48.901875,66.07577065,31.72797866,42,0,0,-0.2632,-15,-11,-0.1368,0.6694,0.7426,510050,0.0313,0.0304,1.4576,"Phoenix-Mesa-Glendale, AZ Metropolitan Statistical Area","Phoenix, AZ"
2020-10-01,85022,"phoenix, az",phoenix,az,383,1734,-307,293,79.406228,96.94093654,61.87151933,21,-0.25,-7,-0.475,-19,-32,-0.239,0.754,1.2059,349950,0.0308,-0.1347,1,"Phoenix-Mesa-Glendale, AZ Metropolitan Statistical Area","Phoenix, AZ"
2020-10-01,85027,"phoenix, az",phoenix,az,1540,1044,-511,-745,85.026277,90.67377834,79.37877481,28,0.3023,6.5,-0.082,-2.5,-25,-0.2087,0.5912,1.6029,280050,0.0419,0.1213,0.8002,"Phoenix-Mesa-Glendale, AZ Metropolitan Statistical Area","Phoenix, AZ"
2020-10-01,85033,"phoenix, az",phoenix,az,2034,2071,-446,979,76.73543,84.75958899,68.71127147,32,-0.0725,-2.5,-0.1111,-4,-21,-0.2385,1.5103,1.3382,237950,0.0123,0.1358,0.6799,"Phoenix-Mesa-Glendale, AZ Metropolitan Statistical Area","Phoenix, AZ"
2020-10-01,85017,"phoenix, az",phoenix,az,3244,3921,-1213,-2676,64.75802,79.66899365,49.84704683,35,0.129,4,0.3462,9,-18,-0.1893,0.4811,1.0074,230050,0,0.0952,0.6573,"Phoenix-Mesa-Glendale, AZ Metropolitan Statistical Area","Phoenix, AZ"
2020-10-01,85043,"phoenix, az",phoenix,az,3841,2332,576,2746,74.876461,90.67377834,59.07914346,28,0.1667,4,-0.3636,-16,-25,0.0903,1.512,1.1544,280050,-0.0225,0.1525,0.8002,"Phoenix-Mesa-Glendale, AZ Metropolitan Statistical Area","Phoenix, AZ"
2020-10-01,85004,"phoenix, az",phoenix,az,12132,9147,-1214,-2395,32.90062,50.14510942,15.65612989,50,0.2346,9.5,-0.0099,-0.5,-3,0.0294,0.2174,0.5147,379950,0.106,0.1872,1.0857,"Phoenix-Mesa-Glendale, AZ Metropolitan Statistical Area","Phoenix, AZ"
2020-10-01,85044,"phoenix, az",phoenix,az,967,1774,557,-507,79.03365,79.66899365,78.39830575,35,-0.0541,-2,-0.0909,-3.5,-18,-0.0115,1.0094,1.5735,389050,0.0173,0.0237,1.1117,"Phoenix-Mesa-Glendale, AZ Metropolitan Statistical Area","Phoenix, AZ"
2020-10-01,85054,"phoenix, az",phoenix,az,10739,9522,-2030,-4697,30.257275,33.586948,26.92760216,62,0.2525,12.5,0.55,22,9,-0.1858,0.5207,0.6765,365050,0.0581,-0.1884,1.0432,"Phoenix-Mesa-Glendale, AZ Metropolitan Statistical Area","Phoenix, AZ"
2020-10-01,85029,"phoenix, az",phoenix,az,1102,1974,-1602,-105,77.44529,87.6774649,67.21311475,30,0.6667,12,-0.2208,-8.5,-23,-0.3851,0.9037,1.3088,250049,0.0103,-0.0175,0.7145,"Phoenix-Mesa-Glendale, AZ Metropolitan Statistical Area","Phoenix, AZ"
2020-10-01,85083,"phoenix, az",phoenix,az,6714,1413,-350,703,81.931916,84.75958899,79.10424347,32,0.0159,0.5,-0.2381,-10,-21,-0.1918,1.2842,1.5956,539950,0.0692,0.2078,1.543,"Phoenix-Mesa-Glendale, AZ Metropolitan Statistical Area","Phoenix, AZ"
2020-10-01,85040,"phoenix, az",phoenix,az,4774,3758,-1001,-2567,65.648286,70.20158444,61.09498784,40,0.1594,5.5,0.5094,13.5,-13,-0.1074,0.7234,1.1912,239950,-0.0105,0.0904,0.6856,"Phoenix-Mesa-Glendale, AZ Metropolitan Statistical Area","Phoenix, AZ"
2020-10-01,85021,"phoenix, az",phoenix,az,1551,3494,-1257,2883,67.260177,82.50843203,52.0119225,34,0.0462,1.5,-0.3585,-19,-19,-0.2713,1.2205,1.0368,459950,-0.0317,-0.0517,1.3144,"Phoenix-Mesa-Glendale, AZ Metropolitan Statistical Area","Phoenix, AZ"
2020-10-01,85023,"phoenix, az",phoenix,az,2086,1674,108,-543,79.927837,83.88108871,75.97458624,33,-0.0704,-2.5,-0.0833,-3,-20,-0.1368,0.9431,1.5074,319050,-0.0185,-0.0548,0.9117,"Phoenix-Mesa-Glendale, AZ Metropolitan Statistical Area","Phoenix, AZ"
2020-10-01,85018,"phoenix, az",phoenix,az,1254,4824,55,2075,59.079143,63.61283238,54.54545455,43,0,0,-0.2893,-17.5,-10,-0.0299,1.1314,1.0735,1050050,-0.0929,0.262,3.0009,"Phoenix-Mesa-Glendale, AZ Metropolitan Statistical Area","Phoenix, AZ"
2020-10-01,85037,"phoenix, az",phoenix,az,2275,1393,426,-766,82.026041,77.05702408,86.99505844,36,0.0141,0.5,0.6364,14,-17,0.0917,1.4038,1.8824,265050,0.0293,0.1942,0.7574,"Phoenix-Mesa-Glendale, AZ Metropolitan Statistical Area","Phoenix, AZ"
2020-10-01,85042,"phoenix, az",phoenix,az,2049,2916,-331,-1445,70.958507,86.18715193,55.72986117,31,-0.1268,-4.5,0.1923,5,-22,-0.2359,0.7029,1.0956,349950,-0.084,-0.0072,1,"Phoenix-Mesa-Glendale, AZ Metropolitan Statistical Area","Phoenix, AZ"
2020-10-01,85006,"phoenix, az",phoenix,az,4953,7755,-367,-2411,41.893482,63.61283238,20.1741313,43,0.0361,1.5,0.1169,4.5,-10,-0.076,0.4495,0.5809,375050,0.0431,0.0907,1.0717,"Phoenix-Mesa-Glendale, AZ Metropolitan Statistical Area","Phoenix, AZ"
2020-10-01,85008,"phoenix, az",phoenix,az,407,3478,-333,-283,67.35038,88.9638403,45.73692054,29,-0.0169,-0.5,-0.3333,-14.5,-24,-0.1438,0.5706,0.9412,348050,0.0014,0.0978,0.9946,"Phoenix-Mesa-Glendale, AZ Metropolitan Statistical Area","Phoenix, AZ"
2020-10-01,85050,"phoenix, az",phoenix,az,3420,2647,-1227,-258,72.731195,74.86077339,70.60161581,37,0.2982,8.5,-0.1294,-5.5,-16,-0.1442,1.0663,1.375,565050,0.0275,0.2152,1.6147,"Phoenix-Mesa-Glendale, AZ Metropolitan Statistical Area","Phoenix, AZ"
2020-10-01,85013,"phoenix, az",phoenix,az,4529,3890,-293,1007,64.930583,84.75958899,45.10157659,32,-0.0448,-1.5,-0.3118,-14.5,-21,-0.1419,0.8955,0.9338,399050,-0.0011,0.222,1.1403,"Phoenix-Mesa-Glendale, AZ Metropolitan Statistical Area","Phoenix, AZ"
2020-10-01,85053,"phoenix, az",phoenix,az,3586,647,-160,503,88.861872,86.18715193,91.53659111,31,0.1481,4,0.1698,4.5,-22,-0.1066,2.0421,2.125,299050,0.0603,0.1502,0.8545,"Phoenix-Mesa-Glendale, AZ Metropolitan Statistical Area","Phoenix, AZ"
2020-10-01,85028,"phoenix, az",phoenix,az,5310,1614,-148,2013,80.390619,92.36018511,68.42105263,27,0.0385,1,-0.4,-18,-26,-0.1214,1.3057,1.3309,515050,0.005,0.1979,1.4718,"Phoenix-Mesa-Glendale, AZ Metropolitan Statistical Area","Phoenix, AZ"
2020-10-01,85035,"phoenix, az",phoenix,az,2967,2199,NA,164,75.707899,83.88108871,67.5347086,33,0.082,2.5,0.1579,4.5,-20,0.0377,1.3867,1.3162,239050,0.0063,0.1381,0.6831,"Phoenix-Mesa-Glendale, AZ Metropolitan Statistical Area","Phoenix, AZ"
2020-10-01,85007,"phoenix, az",phoenix,az,8167,6478,-1607,-584,49.501922,50.14510942,48.85873402,50,0.2987,11.5,-0.0741,-4,-3,0.0227,0.9565,0.9926,479050,0.0646,0.4303,1.369,"Phoenix-Mesa-Glendale, AZ Metropolitan Statistical Area","Phoenix, AZ"
2020-10-01,85041,"phoenix, az",phoenix,az,1098,2442,-554,-1804,74.131304,73.08808534,75.17452349,38,0.0704,2.5,0.3818,10.5,-15,-0.1236,0.8532,1.4853,285050,-0.0138,0,0.8145,"Phoenix-Mesa-Glendale, AZ Metropolitan Statistical Area","Phoenix, AZ"
2020-10-01,85048,"phoenix, az",phoenix,az,2580,2167,50,-865,75.986352,79.66899365,72.30371009,35,-0.0541,-2,-0.0909,-3.5,-18,-0.1332,0.8199,1.4118,540710,-0.0709,0.2589,1.5452,"Phoenix-Mesa-Glendale, AZ Metropolitan Statistical Area","Phoenix, AZ"
2020-10-01,85032,"phoenix, az",phoenix,az,90,1754,-486,-561,79.178759,87.6774649,70.68005334,30,-0.0909,-3,-0.1892,-7,-23,-0.2794,0.7725,1.375,349950,0.0446,0.1379,1,"Phoenix-Mesa-Glendale, AZ Metropolitan Statistical Area","Phoenix, AZ"
2020-10-01,85085,"phoenix, az",phoenix,az,5409,2171,-160,1886,75.970664,79.66899365,72.27233509,35,0.1111,3.5,0.0769,2.5,-18,-0.0376,2.2,1.4118,468040,0.0698,0.022,1.3375,"Phoenix-Mesa-Glendale, AZ Metropolitan Statistical Area","Phoenix, AZ"
