rltr_market_hotness_msa_phoenix.csv
month_date_yyyymm,postal_code,zip_name,city,state,nielsen_hh_rank,hotness_rank,hotness_rank_mm,hotness_rank_yy,hotness_score,supply_score,demand_score,median_days_on_market,median_days_on_market_mm,median_dom_mm_day,median_days_on_market_yy,median_dom_yy_day,median_dom_vs_us,ldpviews_per_property_mm,ldpviews_per_property_yy,ldpviews_per_property_vs_us,median_listing_price,median_listing_price_mm,median_listing_price_yy,median_listing_price_vs_us,cbsa_name,cbsa_zip_name
2020-08-01,85032,"phoenix, az",phoenix,az,90,868,597,881,87.485701,90.28445055,84.68695188,29,-0.2368,-9,-0.2162,-8,-27,0.1098,1.6505,1.8079,345050,0.0298,0.1037,0.986,"Phoenix-Mesa-Glendale, AZ Metropolitan Statistical Area","Phoenix, AZ"
2020-08-01,85012,"phoenix, az",phoenix,az,10259,6880,1302,3598,48.005796,61.23694044,34.77465111,46,-0.2269,-13.5,-0.3784,-28,-10,0.0348,0.9372,0.7881,410550,-0.0036,0.0186,1.1732,"Phoenix-Mesa-Glendale, AZ Metropolitan Statistical Area","Phoenix, AZ"
2020-08-01,85013,"phoenix, az",phoenix,az,4529,3874,-263,5406,64.78304,78.23533898,51.33074049,37,-0.119,-5,-0.4308,-28,-19,-0.0491,1.5,1.0265,399050,-0.0025,0.2251,1.1403,"Phoenix-Mesa-Glendale, AZ Metropolitan Statistical Area","Phoenix, AZ"
2020-08-01,85085,"phoenix, az",phoenix,az,5409,2397,389,5766,74.845573,78.23533898,71.45580721,37,-0.0864,-3.5,-0.3934,-24,-19,0.1522,2.2052,1.404,467550,-0.026,-0.0022,1.3361,"Phoenix-Mesa-Glendale, AZ Metropolitan Statistical Area","Phoenix, AZ"
2020-08-01,85003,"phoenix, az",phoenix,az,9001,8851,-2243,4374,36.665904,52.79493632,20.53687181,51,0.2289,9.5,-0.4742,-46,-5,-0.0481,0.7402,0.5894,443050,-0.0317,0.0144,1.2661,"Phoenix-Mesa-Glendale, AZ Metropolitan Statistical Area","Phoenix, AZ"
2020-08-01,85027,"phoenix, az",phoenix,az,1540,689,-17,-16,89.743003,85.48768398,93.99832228,33,-0.0704,-2.5,0,0,-23,0.027,1.7527,2.3907,270050,0.0249,0.0358,0.7716,"Phoenix-Mesa-Glendale, AZ Metropolitan Statistical Area","Phoenix, AZ"
2020-08-01,85029,"phoenix, az",phoenix,az,1102,837,618,998,87.863189,80.07320979,95.65316861,36,-0.122,-5,-0.027,-1,-20,0.3857,2.847,2.5695,270050,0.0609,0.081,0.7716,"Phoenix-Mesa-Glendale, AZ Metropolitan Statistical Area","Phoenix, AZ"
2020-08-01,85040,"phoenix, az",phoenix,az,4774,2942,164,-2411,70.807596,61.23694044,80.37825059,46,0.0575,2.5,1,23,-10,0.328,1.0725,1.649,259950,0.061,0.2419,0.7428,"Phoenix-Mesa-Glendale, AZ Metropolitan Statistical Area","Phoenix, AZ"
2020-08-01,85022,"phoenix, az",phoenix,az,383,1324,408,2773,83.173187,80.07320979,86.27316404,36,-0.0649,-2.5,-0.2,-9,-20,0.2423,2.5187,1.8675,380050,0.0818,-0.0297,1.086,"Phoenix-Mesa-Glendale, AZ Metropolitan Statistical Area","Phoenix, AZ"
2020-08-01,85051,"phoenix, az",phoenix,az,1860,1632,2077,529,80.729048,80.07320979,81.38488523,36,-0.301,-15.5,0.0909,3,-20,0.23,1.8911,1.6821,235050,-0.0309,0.0277,0.6716,"Phoenix-Mesa-Glendale, AZ Metropolitan Statistical Area","Phoenix, AZ"
2020-08-01,85031,"phoenix, az",phoenix,az,6014,1511,NA,3042,81.647983,85.48768398,77.80828186,33,-0.2326,-10,-0.2326,-10,-23,0.1477,2.318,1.5695,220050,0.0011,0.1326,0.6288,"Phoenix-Mesa-Glendale, AZ Metropolitan Statistical Area","Phoenix, AZ"
2020-08-01,85004,"phoenix, az",phoenix,az,12132,5774,-280,384,53.999847,90.28445055,17.71524441,29,-0.1944,-7,-0.3556,-16,-27,-0.1741,0.3703,0.5497,360050,-0.0987,0.1054,1.0289,"Phoenix-Mesa-Glendale, AZ Metropolitan Statistical Area","Phoenix, AZ"
2020-08-01,85024,"phoenix, az",phoenix,az,4045,2163,-16,2678,76.469915,91.61137802,61.32845268,28,-0.1385,-4.5,-0.4909,-27,-28,0.0255,1.0435,1.1987,450210,0.1425,0.1314,1.2865,"Phoenix-Mesa-Glendale, AZ Metropolitan Statistical Area","Phoenix, AZ"
2020-08-01,85006,"phoenix, az",phoenix,az,4953,5993,-750,469,52.779684,84.44291924,21.11644933,34,0.0625,2,-0.3462,-18,-22,-0.0476,0.3152,0.596,329950,0.0558,0.0071,0.9428,"Phoenix-Mesa-Glendale, AZ Metropolitan Statistical Area","Phoenix, AZ"
2020-07-01,85041,"phoenix, az",phoenix,az,1098,2511,-260,-1031,74.370437,72.28430934,76.45656385,43,-0.14,-7,0.2286,8,-16.5,0.0605,0.9401,1.4772,285000,0.0252,0.0753,0.8165,"Phoenix-Mesa-Glendale, AZ Metropolitan Statistical Area","Phoenix, AZ"
2020-07-01,85043,"phoenix, az",phoenix,az,3841,2970,1800,4241,71.319475,87.37147966,55.26747132,33.5,-0.2472,-11,-0.3619,-19,-26,0.4519,1.237,1.0596,266950,0.0036,0.1121,0.7648,"Phoenix-Mesa-Glendale, AZ Metropolitan Statistical Area","Phoenix, AZ"
2020-07-01,85004,"phoenix, az",phoenix,az,12132,5494,4986,2385,56.776188,83.72820742,29.82416927,36,-0.55,-44,-0.301,-15.5,-23.5,0.5,0.6612,0.7053,399500,-0.0124,0.1748,1.1446,"Phoenix-Mesa-Glendale, AZ Metropolitan Statistical Area","Phoenix, AZ"
2020-07-01,85020,"phoenix, az",phoenix,az,1569,5090,221,2596,58.776635,57.17478766,60.37848309,52,0.0722,3.5,-0.0545,-3,-7.5,0.5749,1.4328,1.1439,442300,0.0167,0.0074,1.2672,"Phoenix-Mesa-Glendale, AZ Metropolitan Statistical Area","Phoenix, AZ"
2020-07-01,85051,"phoenix, az",phoenix,az,1860,3709,2112,-1607,66.63314,57.9868872,75.27939204,51.5,-0.1197,-7,0.5606,18.5,-8,0.8035,1.2818,1.4491,242550,0.0432,0.0548,0.6948,"Phoenix-Mesa-Glendale, AZ Metropolitan Statistical Area","Phoenix, AZ"
2020-07-01,85018,"phoenix, az",phoenix,az,1254,6792,736,3233,49.772761,42.52719416,57.01832812,63,-0.1,-7,-0.1064,-7.5,3.5,0.4856,1.306,1.0842,972550,-0.0201,0.2171,2.7865,"Phoenix-Mesa-Glendale, AZ Metropolitan Statistical Area","Phoenix, AZ"
2020-07-01,85029,"phoenix, az",phoenix,az,1102,1455,532,39,82.62554,75.80837431,89.44270601,41,-0.1546,-7.5,0.5769,15,-18.5,0.3365,1.963,1.9649,254550,0.0182,0.0285,0.7292,"Phoenix-Mesa-Glendale, AZ Metropolitan Statistical Area","Phoenix, AZ"
2020-07-01,85003,"phoenix, az",phoenix,az,9001,6608,1066,6106,50.659365,74.96647295,26.35225749,41.5,-0.5284,-46.5,-0.4939,-40.5,-18,-0.2695,0.8515,0.6561,457550,-0.0097,0.0066,1.3109,"Phoenix-Mesa-Glendale, AZ Metropolitan Statistical Area","Phoenix, AZ"
2020-07-01,85006,"phoenix, az",phoenix,az,4953,5243,45,2771,58.009239,89.21174192,26.80673521,32,-0.2381,-10,-0.3846,-20,-27.5,0.0385,0.575,0.6632,312499.5,-0.0529,-0.0517,0.8953,"Phoenix-Mesa-Glendale, AZ Metropolitan Statistical Area","Phoenix, AZ"
2020-07-01,85042,"phoenix, az",phoenix,az,2049,2174,-74,1786,76.944569,77.41767248,76.47146476,40,-0.0476,-2,-0.1304,-6,-19.5,0.2567,1.352,1.4772,345045,0.1205,-0.0199,0.9885,"Phoenix-Mesa-Glendale, AZ Metropolitan Statistical Area","Phoenix, AZ"
2020-07-01,85015,"phoenix, az",phoenix,az,1925,5315,1705,160,57.629265,64.74444941,50.51408136,47.5,-0.3262,-23,0.1446,6,-12,0.2325,1.1783,0.986,265000,0.1398,0.023,0.7592,"Phoenix-Mesa-Glendale, AZ Metropolitan Statistical Area","Phoenix, AZ"
2020-07-01,85007,"phoenix, az",phoenix,az,8167,6537,-1816,5256,50.998361,52.65981225,49.33690955,55,0.1111,5.5,-0.3529,-30,-4.5,0.194,1.2339,0.9719,445045,0.0301,0.2225,1.2751,"Phoenix-Mesa-Glendale, AZ Metropolitan Statistical Area","Phoenix, AZ"
2020-07-01,85032,"phoenix, az",phoenix,az,90,1465,1957,743,82.592013,80.79272836,84.39129787,38,-0.2549,-13,0.027,1,-21.5,0.6346,1.5492,1.7263,335050,0.0472,0.1093,0.9599,"Phoenix-Mesa-Glendale, AZ Metropolitan Statistical Area","Phoenix, AZ"
2020-07-01,85021,"phoenix, az",phoenix,az,1551,6801,-900,2054,49.728058,38.88392192,60.5721949,66.5,0.1368,8,0.0813,5,7,0.4469,1.4586,1.1474,539500,-0.0028,0.233,1.5457,"Phoenix-Mesa-Glendale, AZ Metropolitan Statistical Area","Phoenix, AZ"
2020-07-01,85016,"phoenix, az",phoenix,az,1068,6664,1859,3774,50.353897,57.17478766,43.53300551,52,-0.2518,-17.5,-0.1875,-12,-7.5,0.44,1.25,0.8842,495000,-0.0199,0.0707,1.4182,"Phoenix-Mesa-Glendale, AZ Metropolitan Statistical Area","Phoenix, AZ"
2020-07-01,85033,"phoenix, az",phoenix,az,2034,2332,-92,-1241,75.715244,75.80837431,75.62211295,41,-0.1277,-6,0.3226,10,-18.5,0.1366,0.8655,1.4596,229550,0.0413,0.1623,0.6576,"Phoenix-Mesa-Glendale, AZ Metropolitan Statistical Area","Phoenix, AZ"
2020-07-01,85027,"phoenix, az",phoenix,az,1540,672,320,-385,89.99404,84.48070332,95.50737595,35.5,-0.1446,-6,0.3396,9,-24,0.3493,1.3278,2.4667,263500,-0.0057,0.0233,0.7549,"Phoenix-Mesa-Glendale, AZ Metropolitan Statistical Area","Phoenix, AZ"
2020-07-01,85014,"phoenix, az",phoenix,az,2792,4722,314,3821,60.900015,60.52749218,61.27253762,50,0.0989,4.5,-0.1597,-9.5,-9.5,0.6176,1.4812,1.1579,447550,0.1403,0.0758,1.2822,"Phoenix-Mesa-Glendale, AZ Metropolitan Statistical Area","Phoenix, AZ"
2020-07-01,85054,"phoenix, az",phoenix,az,10739,9459,-1640,4181,34.387573,51.90731635,16.86782894,55.5,0.1327,6.5,-0.4,-37,-4,0.1353,0.6064,0.5298,384300,0.0978,-0.2209,1.101,"Phoenix-Mesa-Glendale, AZ Metropolitan Statistical Area","Phoenix, AZ"
2020-07-01,85024,"phoenix, az",phoenix,az,4045,2147,-376,2474,77.101028,88.63060647,65.57144986,32.5,-0.0714,-2.5,-0.2614,-11.5,-27,0.1278,1.2774,1.2386,394050,-0.0814,-0.0481,1.1289,"Phoenix-Mesa-Glendale, AZ Metropolitan Statistical Area","Phoenix, AZ"
2020-07-01,85013,"phoenix, az",phoenix,az,4529,3611,1271,5191,67.221726,74.11712114,60.32632991,42,-0.1923,-10,-0.2696,-15.5,-17.5,0.3814,1.6504,1.1439,400049,-0.1342,0.1594,1.1461,"Phoenix-Mesa-Glendale, AZ Metropolitan Statistical Area","Phoenix, AZ"
2020-07-01,85012,"phoenix, az",phoenix,az,10259,8182,1797,1658,42.001937,46.34927731,37.65459693,59.5,-0.3161,-27.5,-0.0703,-4.5,0,0.3609,0.8852,0.807,412050,-0.1234,-0.012,1.1805,"Phoenix-Mesa-Glendale, AZ Metropolitan Statistical Area","Phoenix, AZ"
2020-07-01,85017,"phoenix, az",phoenix,az,3244,3537,-257,-1284,67.672478,49.70943228,85.63552377,57,-0.0087,-0.5,0.4074,16.5,-2.5,0.427,1.4423,1.7825,219950,0.0654,0.1323,0.6301,"Phoenix-Mesa-Glendale, AZ Metropolitan Statistical Area","Phoenix, AZ"
2020-07-01,85053,"phoenix, az",phoenix,az,3586,685,216,-11,89.83758,84.48070332,95.19445686,35.5,-0.1125,-4.5,0.2456,7,-24,0.347,1.7863,2.4246,265000,0,0,0.7592,"Phoenix-Mesa-Glendale, AZ Metropolitan Statistical Area","Phoenix, AZ"
2020-07-01,85040,"phoenix, az",phoenix,az,4774,3106,462,-2171,70.339741,71.24124572,69.43823573,43.5,-0.1714,-9,0.5818,16,-16,0.2458,0.6892,1.3158,244995,0.0448,0.1036,0.7018,"Phoenix-Mesa-Glendale, AZ Metropolitan Statistical Area","Phoenix, AZ"
2020-07-01,85083,"phoenix, az",phoenix,az,6714,979,987,4554,86.678587,86.76799285,86.58918194,34,-0.2,-8.5,-0.3585,-19,-25.5,0.4661,2.0529,1.8211,477550,-0.0051,0.0683,1.3682,"Phoenix-Mesa-Glendale, AZ Metropolitan Statistical Area","Phoenix, AZ"
2020-07-01,85009,"phoenix, az",phoenix,az,2815,8197,-3006,-5864,41.927433,26.56832067,57.28654448,84.5,0.1419,10.5,1.8644,55,25,-0.0251,0.8848,1.0912,190049,-0.0452,0.0411,0.5444,"Phoenix-Mesa-Glendale, AZ Metropolitan Statistical Area","Phoenix, AZ"
2020-07-01,85044,"phoenix, az",phoenix,az,967,3642,790,665,67.050365,46.34927731,87.75145284,59.5,-0.1793,-13,0.0531,3,0,0.4643,1.3795,1.8702,391300,-0.0092,-0.0889,1.1211,"Phoenix-Mesa-Glendale, AZ Metropolitan Statistical Area","Phoenix, AZ"
2020-07-01,85023,"phoenix, az",phoenix,az,2086,3687,-1106,-1046,66.782149,53.38995679,80.17434063,54.5,0.2247,10,0.2111,9.5,-5,0.4331,1.0455,1.5789,325050,-0.0297,0.0175,0.9312,"Phoenix-Mesa-Glendale, AZ Metropolitan Statistical Area","Phoenix, AZ"
2020-07-01,85050,"phoenix, az",phoenix,az,3420,2619,767,3345,73.684995,76.5310684,70.83892117,40.5,-0.0241,-1,-0.25,-13.5,-19,0.5506,1.3497,1.3439,520050,-0.0133,0.0167,1.49,"Phoenix-Mesa-Glendale, AZ Metropolitan Statistical Area","Phoenix, AZ"
2020-07-01,85008,"phoenix, az",phoenix,az,407,5302,1005,2241,57.673968,63.07554761,52.27238862,48.5,-0.2362,-15,-0.0849,-4.5,-11,0.2522,1.1985,1.0105,362500,0.0741,0.1452,1.0385,"Phoenix-Mesa-Glendale, AZ Metropolitan Statistical Area","Phoenix, AZ"
2020-07-01,85028,"phoenix, az",phoenix,az,5310,2726,-809,4962,72.872895,74.96647295,70.77931754,41.5,0.1216,4.5,-0.2719,-15.5,-18,0.2159,1.7163,1.3439,497750,-0.1104,0.2139,1.4261,"Phoenix-Mesa-Glendale, AZ Metropolitan Statistical Area","Phoenix, AZ"
2020-07-01,85022,"phoenix, az",phoenix,az,383,1732,68,4526,80.297273,79.89867382,80.69587245,38.5,-0.0833,-3.5,-0.2736,-14.5,-21,0.2371,1.9481,1.593,351300,-0.0756,-0.0324,1.0064,"Phoenix-Mesa-Glendale, AZ Metropolitan Statistical Area","Phoenix, AZ"
2020-07-01,85037,"phoenix, az",phoenix,az,2275,795,126,-184,88.649233,82.29772016,95.00074505,37,-0.0864,-3.5,0.2542,7.5,-22.5,0.3084,1.6169,2.3965,242500,0.0198,0.0659,0.6947,"Phoenix-Mesa-Glendale, AZ Metropolitan Statistical Area","Phoenix, AZ"
2020-07-01,85048,"phoenix, az",phoenix,az,2580,3677,266,-1457,66.819401,55.65489495,77.98390702,53,0.0291,1.5,0.5821,19.5,-6.5,0.573,1.4213,1.5123,527377.5,-0.0143,0.2166,1.511,"Phoenix-Mesa-Glendale, AZ Metropolitan Statistical Area","Phoenix, AZ"
2020-07-01,85085,"phoenix, az",phoenix,az,5409,2786,-159,5418,72.474296,76.5310684,68.41752347,40.5,0.1096,4,-0.25,-13.5,-19,0.41,2.0164,1.2912,480045,0.016,0.0021,1.3753,"Phoenix-Mesa-Glendale, AZ Metropolitan Statistical Area","Phoenix, AZ"
2020-06-01,85017,"phoenix, az",phoenix,az,3244,3280,-878,-1001,69.7355,59.20285631,80.2681434,57.5,0.5972,21.5,0.9167,27.5,-14,0.8737,1.1975,1.6036,206450,-0.0614,0.059,0.6044,"Phoenix-Mesa-Glendale, AZ Metropolitan Statistical Area","Phoenix, AZ"
2020-06-01,85027,"phoenix, az",phoenix,az,1540,992,15,1352,87.066453,79.91110463,94.22180122,41.5,0.0921,3.5,0.0641,2.5,-30,0.9154,1.605,2.3468,265000,2e-4,0.0309,0.7758,"Phoenix-Mesa-Glendale, AZ Metropolitan Statistical Area","Phoenix, AZ"
2020-06-01,85033,"phoenix, az",phoenix,az,2034,2240,-1655,-1047,76.923637,72.23112795,81.6161469,47,0.3824,13,0.9583,23,-24.5,0.2039,0.9063,1.6486,220450,0.0018,0.1025,0.6454,"Phoenix-Mesa-Glendale, AZ Metropolitan Statistical Area","Phoenix, AZ"
2020-06-01,85041,"phoenix, az",phoenix,az,1098,2251,-778,-172,76.843486,68.15797144,85.52900029,50,0.3514,13,0.4286,15,-21.5,0.6966,1.1576,1.7883,278000,0.0107,0.0572,0.8139,"Phoenix-Mesa-Glendale, AZ Metropolitan Statistical Area","Phoenix, AZ"
2020-06-01,85054,"phoenix, az",phoenix,az,10739,7819,-1136,5810,45.136258,69.52054795,20.75196736,49,0,0,-0.4674,-43,-22.5,0.1271,0.622,0.5991,350050,-0.054,-0.2842,1.0248,"Phoenix-Mesa-Glendale, AZ Metropolitan Statistical Area","Phoenix, AZ"
2020-06-01,85014,"phoenix, az",phoenix,az,2792,5036,423,3952,59.723841,74.07461382,45.37306908,45.5,-0.0521,-2.5,-0.2018,-11.5,-26,0.4571,0.7895,0.9189,392500,-0.0543,-0.0167,1.1491,"Phoenix-Mesa-Glendale, AZ Metropolitan Statistical Area","Phoenix, AZ"
2020-06-01,85037,"phoenix, az",phoenix,az,2275,921,-289,641,87.747741,81.20081609,94.29466628,40.5,0.0658,2.5,0.4464,12.5,-31,0.6211,1.8681,2.3514,237800,0.0337,0.1058,0.6962,"Phoenix-Mesa-Glendale, AZ Metropolitan Statistical Area","Phoenix, AZ"
2020-06-01,85015,"phoenix, az",phoenix,az,1925,7020,-2889,-798,49.479015,46.13086564,52.82716409,70.5,0.4688,22.5,0.6786,28.5,-1,0.3412,1,1.027,232500,-0.0848,-0.1228,0.6806,"Phoenix-Mesa-Glendale, AZ Metropolitan Statistical Area","Phoenix, AZ"
2020-06-01,85029,"phoenix, az",phoenix,az,1102,1987,-1103,-851,78.978432,70.21276596,87.74409793,48.5,0.1829,7.5,0.5645,17.5,-23,0.4155,0.9045,1.8874,249997.5,0.0202,0.0419,0.7319,"Phoenix-Mesa-Glendale, AZ Metropolitan Statistical Area","Phoenix, AZ"
2020-06-01,85007,"phoenix, az",phoenix,az,8167,4721,-2640,5808,61.337802,68.74817837,53.92742641,49.5,0.1512,6.5,-0.2721,-18.5,-22,0.045,1.0714,1.045,432050,0.0165,0.2343,1.2649,"Phoenix-Mesa-Glendale, AZ Metropolitan Statistical Area","Phoenix, AZ"
2020-06-01,85035,"phoenix, az",phoenix,az,2967,2678,-802,-1068,73.856019,59.20285631,88.509181,57.5,0.3068,13.5,1.1296,30.5,-14,0.8178,1.4375,1.9324,220999,0.0329,0.0831,0.647,"Phoenix-Mesa-Glendale, AZ Metropolitan Statistical Area","Phoenix, AZ"
2020-06-01,85024,"phoenix, az",phoenix,az,4045,1771,75,3435,80.599679,87.99183911,73.20751967,35,0.0294,1,-0.1667,-7,-36.5,0.5048,1.3712,1.4099,428975,0.0591,0.0104,1.2559,"Phoenix-Mesa-Glendale, AZ Metropolitan Statistical Area","Phoenix, AZ"
2020-06-01,85050,"phoenix, az",phoenix,az,3420,3386,602,1789,69.134363,79.91110463,58.35762168,41.5,-0.0349,-1.5,-0.0778,-3.5,-30,0.5633,0.6918,1.1126,527050,-0.0401,-0.0148,1.5431,"Phoenix-Mesa-Glendale, AZ Metropolitan Statistical Area","Phoenix, AZ"
2020-06-01,85003,"phoenix, az",phoenix,az,9001,7674,2702,4949,45.952346,31.12795103,60.77674147,88,0.0864,7,0.0353,3,16.5,1.0984,1.6667,1.1532,462050,0.2,0.029,1.3528,"Phoenix-Mesa-Glendale, AZ Metropolitan Statistical Area","Phoenix, AZ"
2020-06-01,85048,"phoenix, az",phoenix,az,2580,3943,-2020,-2027,65.706062,66.03759837,65.37452638,51.5,0.2875,11.5,0.5147,17.5,-20,0.2569,0.4891,1.2342,535050,0.1056,0.1915,1.5665,"Phoenix-Mesa-Glendale, AZ Metropolitan Statistical Area","Phoenix, AZ"
2020-06-01,85040,"phoenix, az",phoenix,az,4774,3568,-707,-2119,67.979452,64.89361702,71.06528709,52.5,0.0938,4.5,0.8103,23.5,-19,0.4333,0.5677,1.3559,234500,0.0024,-0.0231,0.6865,"Phoenix-Mesa-Glendale, AZ Metropolitan Statistical Area","Phoenix, AZ"
2020-06-01,85006,"phoenix, az",phoenix,az,4953,5288,1314,4839,58.408627,79.051297,37.76595745,42,-0.125,-6,-0.3438,-22,-29.5,0.569,0.625,0.8198,329950,-0.0268,-0.0351,0.966,"Phoenix-Mesa-Glendale, AZ Metropolitan Statistical Area","Phoenix, AZ"
2020-06-01,85053,"phoenix, az",phoenix,az,3586,901,615,1187,87.911688,81.92946663,93.89390848,40,-0.0909,-4,0.0526,2,-31.5,0.9884,1.4903,2.3108,265000,-0.0187,2e-4,0.7758,"Phoenix-Mesa-Glendale, AZ Metropolitan Statistical Area","Phoenix, AZ"
2020-06-01,85085,"phoenix, az",phoenix,az,5409,2627,-46,4505,74.191198,86.17021277,62.21218304,36.5,-0.1889,-8.5,-0.2551,-12.5,-35,0.2548,1.1393,1.1757,472500,-0.0259,-0.0137,1.3834,"Phoenix-Mesa-Glendale, AZ Metropolitan Statistical Area","Phoenix, AZ"
2020-06-01,85031,"phoenix, az",phoenix,az,6014,5141,-3373,-2624,59.199213,48.44797435,69.950451760000007,68,0.4783,22,0.8889,32,-3.5,0.1434,0.6954,1.3288,207049.5,-0.0143,0.1189,0.6061,"Phoenix-Mesa-Glendale, AZ Metropolitan Statistical Area","Phoenix, AZ"
