rltr_market_hotness_msa_phoenix.csv
month_date_yyyymm,postal_code,zip_name,city,state,nielsen_hh_rank,hotness_rank,hotness_rank_mm,hotness_rank_yy,hotness_score,supply_score,demand_score,median_days_on_market,median_days_on_market_mm,median_dom_mm_day,median_days_on_market_yy,median_dom_yy_day,median_dom_vs_us,ldpviews_per_property_mm,ldpviews_per_property_yy,ldpviews_per_property_vs_us,median_listing_price,median_listing_price_mm,median_listing_price_yy,median_listing_price_vs_us,cbsa_name,cbsa_zip_name
2020-06-01,85042,"phoenix, az",phoenix,az,2049,2100,-135,4004,78.140484,79.051297,77.22967065,42,0,0,-0.1429,-7,-29.5,0.509,1.3929,1.509,307950,0.0263,-0.0435,0.9016,"Phoenix-Mesa-Glendale, AZ Metropolitan Statistical Area","Phoenix, AZ"
2020-06-01,85028,"phoenix, az",phoenix,az,5310,1917,760,7608,79.550423,85.47070825,73.63013699,37,-0.0976,-4,-0.4127,-26,-34.5,0.6579,1.625,1.4189,559500,0.2031,0.2861,1.6381,"Phoenix-Mesa-Glendale, AZ Metropolitan Statistical Area","Phoenix, AZ"
2020-06-01,85023,"phoenix, az",phoenix,az,2086,2581,-536,1575,74.453512,75.48090936,73.42611484,44.5,-0.0918,-4.5,-0.0111,-0.5,-27,0.2362,0.8471,1.4144,335000,0.0467,0.1165,0.9808,"Phoenix-Mesa-Glendale, AZ Metropolitan Statistical Area","Phoenix, AZ"
2020-06-01,85004,"phoenix, az",phoenix,az,12132,10480,-2937,618,29.237103,37.47449723,20.99970854,80,0.3333,20,0.2698,17,8.5,0,0.4565,0.6036,404500,0.0111,0.1555,1.1843,"Phoenix-Mesa-Glendale, AZ Metropolitan Statistical Area","Phoenix, AZ"
2020-06-01,85021,"phoenix, az",phoenix,az,1551,5901,-761,443,55.202565,58.14631303,52.25881667,58.5,0.17,8.5,0.3295,14.5,-13,0.4675,0.8833,1.018,541000,0.0841,0.291,1.5839,"Phoenix-Mesa-Glendale, AZ Metropolitan Statistical Area","Phoenix, AZ"
2020-06-01,85043,"phoenix, az",phoenix,az,3841,4770,-2128,637,61.046342,75.48090936,46.61177499,44.5,0.0349,1.5,0.2027,7.5,-27,0.0505,0.8246,0.9369,266000,0.0312,0.1144,0.7787,"Phoenix-Mesa-Glendale, AZ Metropolitan Statistical Area","Phoenix, AZ"
2020-06-01,85013,"phoenix, az",phoenix,az,4529,4882,-489,3003,60.423346,65.5348295,55.31186243,52,0.1556,7,0.04,2,-19.5,0.5325,1.0702,1.0631,462050,0.2323,0.2657,1.3528,"Phoenix-Mesa-Glendale, AZ Metropolitan Statistical Area","Phoenix, AZ"
2020-06-01,85051,"phoenix, az",phoenix,az,1860,5821,-4293,-2653,55.643398,58.14631303,53.14048382,58.5,0.5,19.5,0.5811,21.5,-13,-0.0297,0.43120000000000003,1.0315,232500,0.02,-0.031,0.6806,"Phoenix-Mesa-Glendale, AZ Metropolitan Statistical Area","Phoenix, AZ"
2020-06-01,85045,"phoenix, az",phoenix,az,11338,4179,-983,3367,64.328913,56.06237249,72.59545322,60.5,0.2872,13.5,0.21,10.5,-11,0.5816,1.5833,1.3964,481000,0.0041,0.1056,1.4083,"Phoenix-Mesa-Glendale, AZ Metropolitan Statistical Area","Phoenix, AZ"
2020-06-01,85012,"phoenix, az",phoenix,az,10259,9979,-2639,1429,32.658117,31.92946663,33.38676771,87,0.3182,21,0.0482,4,15.5,0.0696,0.4322,0.7613,470050,0.014,0.014,1.3762,"Phoenix-Mesa-Glendale, AZ Metropolitan Statistical Area","Phoenix, AZ"
2020-06-01,85016,"phoenix, az",phoenix,az,1068,8523,-822,1565,41.332702,47.17283591,35.49256776,69.5,0.178,10.5,0.1983,11.5,-2,0.3889,0.7857,0.7883,505050,0.012,0.0975,1.4787,"Phoenix-Mesa-Glendale, AZ Metropolitan Statistical Area","Phoenix, AZ"
2020-06-01,85020,"phoenix, az",phoenix,az,1569,5311,-562,2701,58.302973,70.21276596,46.39317983,48.5,-0.1339,-7.5,-0.03,-1.5,-23,0.1374,0.8482,0.9324,435050,0.0235,-0.0091,1.2737,"Phoenix-Mesa-Glendale, AZ Metropolitan Statistical Area","Phoenix, AZ"
2020-06-01,85008,"phoenix, az",phoenix,az,407,6307,-2812,1993,53.074905,52.65957447,53.49023608,63.5,0.4432,19.5,0.0948,5.5,-8,0.3218,0.7692,1.036,337500,0.0226,0.1305,0.9881,"Phoenix-Mesa-Glendale, AZ Metropolitan Statistical Area","Phoenix, AZ"
2020-06-01,85018,"phoenix, az",phoenix,az,1254,7528,-388,1999,46.724716,46.69921306,46.7502186,70,0.1111,7,0.0938,6,-1.5,0.3867,0.7049,0.9369,992525,0.0138,0.2268,2.9061,"Phoenix-Mesa-Glendale, AZ Metropolitan Statistical Area","Phoenix, AZ"
2020-06-01,85044,"phoenix, az",phoenix,az,967,4432,-2558,-1020,62.93719,44.49868843,81.37569222,72.5,0.4216,21.5,0.4796,23.5,1,0.3,0.6697,1.6396,394950,0.0601,-0.0103,1.1563,"Phoenix-Mesa-Glendale, AZ Metropolitan Statistical Area","Phoenix, AZ"
2020-06-01,85022,"phoenix, az",phoenix,az,383,1800,-285,2830,80.43209,79.051297,81.81288254,42,0,0,0.0244,1,-29.5,0.4919,1.6594,1.6532,380045,0.0599,0.0273,1.1127,"Phoenix-Mesa-Glendale, AZ Metropolitan Statistical Area","Phoenix, AZ"
2020-06-01,85032,"phoenix, az",phoenix,az,90,3422,-313,-674,68.912125,66.66423783,71.16001166,51,0.0851,4,0.4167,15,-20.5,0.5202,0.8133,1.3559,319950,0.0488,0.0663,0.9367,"Phoenix-Mesa-Glendale, AZ Metropolitan Statistical Area","Phoenix, AZ"
2020-06-01,85083,"phoenix, az",phoenix,az,6714,1966,-271,3195,79.138735,78.26435442,80.01311571,42.5,-0.1327,-6.5,-0.1327,-6.5,-29,0.2734,1.2125,1.5946,480000,-0.0391,0.0737,1.4053,"Phoenix-Mesa-Glendale, AZ Metropolitan Statistical Area","Phoenix, AZ"
2020-06-01,85009,"phoenix, az",phoenix,az,2815,5191,-917,-3886,58.88225,43.3838531,74.38064704,74,0.2542,15,2.0833,50,2.5,0.519,0.7151,1.4369,199050,-0.0478,0.0529,0.5827,"Phoenix-Mesa-Glendale, AZ Metropolitan Statistical Area","Phoenix, AZ"
2020-05-01,85023,"phoenix, az",phoenix,az,2086,2045,-609,1909,77.743169,78.62806173,76.85827552,49,0.5313,17,0.4203,14.5,-22,0.27,0.5776,1.427,320050,0.0041,-0.019,0.97,"Phoenix-Mesa-Glendale, AZ Metropolitan Statistical Area","Phoenix, AZ"
2020-05-01,85032,"phoenix, az",phoenix,az,90,3109,-1569,-69,71.074614,81.11992071,61.02930766,47,0.6491,18.5,0.3623,12.5,-24,0.0588,0.0588,1.1124,305050,-0.0392,0.017,0.9245,"Phoenix-Mesa-Glendale, AZ Metropolitan Statistical Area","Phoenix, AZ"
2020-05-01,85035,"phoenix, az",phoenix,az,2967,1876,-391,1395,78.936005,85.53022795,72.34178111,44,0.3538,11.5,0.3538,11.5,-27,0.1859,0.3721,1.3258,213950,-0.0051,0.0409,0.6484,"Phoenix-Mesa-Glendale, AZ Metropolitan Statistical Area","Phoenix, AZ"
2020-05-01,85044,"phoenix, az",phoenix,az,967,1874,-866,1921,78.960782,75.75392893,82.16763415,51,0.4783,16.5,0.1461,6.5,-20,0.1765,0.2903,1.573,372550,0.0276,-0.052,1.1291,"Phoenix-Mesa-Glendale, AZ Metropolitan Statistical Area","Phoenix, AZ"
2020-05-01,85043,"phoenix, az",phoenix,az,3841,2642,-904,6454,73.885035,86.8327906,60.93727878,43,0.5357,15,-0.2773,-16.5,-28,0.1061,0.4453,1.1124,257950,0.0194,0.0882,0.7818,"Phoenix-Mesa-Glendale, AZ Metropolitan Statistical Area","Phoenix, AZ"
2020-05-01,85028,"phoenix, az",phoenix,az,5310,2677,-962,7780,73.665581,89.21846241,58.11269999,41,0.3226,10,-0.4058,-28,-30,0.027,0.5079,1.0674,465050,-0.0211,0.0944,1.4095,"Phoenix-Mesa-Glendale, AZ Metropolitan Statistical Area","Phoenix, AZ"
2020-05-01,85041,"phoenix, az",phoenix,az,1098,1473,-450,1633,81.944641,91.91561659,71.97366558,37,0.1563,5,-0.0263,-1,-34,0.04,0.1527,1.3146,275050,0,0.0703,0.8336,"Phoenix-Mesa-Glendale, AZ Metropolitan Statistical Area","Phoenix, AZ"
2020-05-01,85037,"phoenix, az",phoenix,az,2275,632,-350,2244,89.749398,91.15106895,88.34772759,38,0.3571,10,0.0704,2.5,-33,0.1181,0.6345,1.809,230050,-0.0169,0.0599,0.6972,"Phoenix-Mesa-Glendale, AZ Metropolitan Statistical Area","Phoenix, AZ"
2020-05-01,85015,"phoenix, az",phoenix,az,1925,4131,-878,3197,65.220161,80.30581906,50.13450375,48,0.5,16,0,0,-23,0.2143,0.2319,0.9551,254050,-0.0037,-0.0117,0.7699,"Phoenix-Mesa-Glendale, AZ Metropolitan Statistical Area","Phoenix, AZ"
2020-05-01,85009,"phoenix, az",phoenix,az,2815,4274,-1486,-2225,64.430837,64.29279343,64.56888008,59,0.7101,24.5,1.6222,36.5,-12,0.3208,0.129,1.1798,209050,0.0693,0.1328,0.6335,"Phoenix-Mesa-Glendale, AZ Metropolitan Statistical Area","Phoenix, AZ"
2020-05-01,85051,"phoenix, az",phoenix,az,1860,1528,-485,1513,81.403087,90.35820473,72.44796829,39,0.2188,7,0.2581,8,-32,0.0536,0.3563,1.3258,227950,0.0359,-0.0339,0.6908,"Phoenix-Mesa-Glendale, AZ Metropolitan Statistical Area","Phoenix, AZ"
2020-05-01,85085,"phoenix, az",phoenix,az,5409,2581,2868,7530,74.267309,84.4329605,64.10165652,45,-0.1262,-6.5,-0.2562,-15.5,-26,0.415,0.7931,1.1685,485050,0.0567,0.0546,1.4701,"Phoenix-Mesa-Glendale, AZ Metropolitan Statistical Area","Phoenix, AZ"
2020-05-01,85013,"phoenix, az",phoenix,az,4529,4393,-1212,4857,63.956534,84.4329605,43.4801076,45,0.5254,15.5,-0.0816,-4,-26,0.1159,0.5098,0.8652,374950,0.0064,0.0132,1.1364,"Phoenix-Mesa-Glendale, AZ Metropolitan Statistical Area","Phoenix, AZ"
2020-05-01,85045,"phoenix, az",phoenix,az,11338,3196,-2069,3745,70.550757,81.11992071,59.98159422,47,0.6786,19,0.0217,1,-24,-0.0531,0.4101,1.1011,479050,-0.0468,0.053,1.452,"Phoenix-Mesa-Glendale, AZ Metropolitan Statistical Area","Phoenix, AZ"
2020-05-01,85029,"phoenix, az",phoenix,az,1102,884,-234,1083,87.048705,89.21846241,84.87894662,41,0.4138,12,0.4909,13.5,-30,0.2131,0.48,1.6629,245050,0.0166,0.0105,0.7426,"Phoenix-Mesa-Glendale, AZ Metropolitan Statistical Area","Phoenix, AZ"
2020-05-01,85083,"phoenix, az",phoenix,az,6714,1695,-343,3582,80.181934,78.62806173,81.73580631,49,0.4,14,0.1136,5,-22,0.287,0.645,1.5618,499549,0.0696,0.1125,1.5141,"Phoenix-Mesa-Glendale, AZ Metropolitan Statistical Area","Phoenix, AZ"
2020-05-01,85014,"phoenix, az",phoenix,az,2792,5459,-2135,4184,58.696729,80.30581906,37.08763981,48,0.3714,13,-0.1111,-6,-23,-0.0278,0.2844,0.7865,415050,-0.0166,0.1673,1.258,"Phoenix-Mesa-Glendale, AZ Metropolitan Statistical Area","Phoenix, AZ"
2020-05-01,85021,"phoenix, az",phoenix,az,1551,5140,-1618,2342,60.321393,77.08480816,43.5579782,50,0.4085,14.5,0.0638,3,-21,0.0922,0.1756,0.8652,499050,0.0511,0.349,1.5126,"Phoenix-Mesa-Glendale, AZ Metropolitan Statistical Area","Phoenix, AZ"
2020-05-01,85040,"phoenix, az",phoenix,az,4774,2861,-1879,-1575,72.416112,80.30581906,64.52640521,48,0.9592,23.5,1.087,25,-23,0.0048,-0.0667,1.1798,233950,0.0065,0.017,0.709,"Phoenix-Mesa-Glendale, AZ Metropolitan Statistical Area","Phoenix, AZ"
2020-05-01,85024,"phoenix, az",phoenix,az,4045,1846,-177,2078,79.187314,94.4428713,63.93175704,34,0.1525,4.5,0.0794,2.5,-37,0.1304,0.3684,1.1685,405050,0.0482,0.1035,1.2276,"Phoenix-Mesa-Glendale, AZ Metropolitan Statistical Area","Phoenix, AZ"
2020-05-01,85048,"phoenix, az",phoenix,az,2580,1923,-788,3323,78.571429,89.81311058,67.32974657,40,0.1429,5,-0.1919,-9.5,-31,-0.0563,0.1122,1.2247,483950,-0.0213,0.0579,1.4668,"Phoenix-Mesa-Glendale, AZ Metropolitan Statistical Area","Phoenix, AZ"
2020-05-01,85016,"phoenix, az",phoenix,az,1068,7701,-1263,2909,47.571853,64.29279343,30.85091321,59,0.2688,12.5,-0.056,-3.5,-12,0.115,0.156,0.7079,499050,0.0258,0.1232,1.5126,"Phoenix-Mesa-Glendale, AZ Metropolitan Statistical Area","Phoenix, AZ"
2020-05-01,85022,"phoenix, az",phoenix,az,383,1515,-655,3164,81.555288,88.05040351,75.06017273,42,0.4,12,0.1507,5.5,-29,0.0742,0.6291,1.382,358550,0.0244,-0.0643,1.0867,"Phoenix-Mesa-Glendale, AZ Metropolitan Statistical Area","Phoenix, AZ"
2020-05-01,85018,"phoenix, az",phoenix,az,1254,7140,-2232,1976,50.538015,59.06838454,42.00764548,63,0.3404,16,-0.0455,-3,-8,0.0417,-0.0066,0.8427,979050,0.0311,0.1867,2.9676,"Phoenix-Mesa-Glendale, AZ Metropolitan Statistical Area","Phoenix, AZ"
2020-05-01,85019,"phoenix, az",phoenix,az,6465,660,852,3247,89.452074,90.35820473,88.54594365,39,0.1143,4,-0.1236,-5.5,-32,0.5728,0.514,1.8202,220050,-0.0218,0.0837,0.6669,"Phoenix-Mesa-Glendale, AZ Metropolitan Statistical Area","Phoenix, AZ"
2020-05-01,85007,"phoenix, az",phoenix,az,8167,2081,2284,7873,77.498938,86.8327906,68.16508566,43,-0.2321,-13,-0.2773,-16.5,-28,0.1623,0.8814,1.2472,425050,-0.0104,0.1471,1.2883,"Phoenix-Mesa-Glendale, AZ Metropolitan Statistical Area","Phoenix, AZ"
2020-05-01,85012,"phoenix, az",phoenix,az,10259,7340,-246,4389,49.461985,53.86521308,45.0587569,66,0.2,11,-0.2626,-23.5,-5,0.2742,0.2742,0.8876,463550,-0.1296,-0.0669,1.405,"Phoenix-Mesa-Glendale, AZ Metropolitan Statistical Area","Phoenix, AZ"
2020-05-01,85004,"phoenix, az",phoenix,az,12132,7543,-534,-580,48.361178,62.62919439,34.09316155,60,0.2,10,0.519,20.5,-11,0.1964,0.1652,0.7528,400050,-0.006,0.1511,1.2125,"Phoenix-Mesa-Glendale, AZ Metropolitan Statistical Area","Phoenix, AZ"
2020-05-01,85042,"phoenix, az",phoenix,az,2049,1965,-304,5323,78.291802,88.05040351,68.53320119,42,0.2174,7.5,-0.1923,-10,-29,0.1269,0.4416,1.2472,300050,-0.0536,-0.0323,0.9094,"Phoenix-Mesa-Glendale, AZ Metropolitan Statistical Area","Phoenix, AZ"
2020-05-01,85020,"phoenix, az",phoenix,az,1569,4749,-1613,2930,62.215064,69.34730285,55.08282599,56,0.4933,18.5,0.1313,6.5,-15,0.1667,0.3285,1.0225,425050,-0.0172,0.052,1.2883,"Phoenix-Mesa-Glendale, AZ Metropolitan Statistical Area","Phoenix, AZ"
2020-05-01,85006,"phoenix, az",phoenix,az,4953,6602,-2193,3832,53.097126,80.30581906,25.88843268,48,0.3333,12,-0.1864,-11,-23,-0.0645,0.1048,0.6517,339050,-0.0174,0.0142,1.0276,"Phoenix-Mesa-Glendale, AZ Metropolitan Statistical Area","Phoenix, AZ"
2020-05-01,85027,"phoenix, az",phoenix,az,1540,1007,-406,49,85.848789,91.15106895,80.54650998,38,0.3333,9.5,0.7273,16,-33,0.1012,0.1574,1.5281,264950,0.0055,0.06,0.803,"Phoenix-Mesa-Glendale, AZ Metropolitan Statistical Area","Phoenix, AZ"
2020-05-01,85050,"phoenix, az",phoenix,az,3420,3988,-856,1299,66.073198,86.8327906,45.31360612,43,0.2647,9,0.0361,1.5,-28,0.0748,0.0064,0.8876,549050,0.0517,0.0459,1.6641,"Phoenix-Mesa-Glendale, AZ Metropolitan Statistical Area","Phoenix, AZ"
2020-05-01,85053,"phoenix, az",phoenix,az,3586,1516,-700,2171,81.523432,85.53022795,77.51663599,44,0.5172,15,0.2055,7.5,-27,0.1217,0.4659,1.4494,270050,0.0047,0.1081,0.8184,"Phoenix-Mesa-Glendale, AZ Metropolitan Statistical Area","Phoenix, AZ"
2020-05-01,85017,"phoenix, az",phoenix,az,3244,2402,-902,-1547,75.368116,92.80758884,57.92864222,36,0.1429,4.5,1.7692,23,-35,-0.0256,-0.1949,1.0674,219950,-2e-4,0.1,0.6666,"Phoenix-Mesa-Glendale, AZ Metropolitan Statistical Area","Phoenix, AZ"
2020-05-01,85008,"phoenix, az",phoenix,az,407,3495,-927,4202,68.71018,85.53022795,51.89013167,44,0.5172,15,-0.0638,-3,-27,0.1299,0.3701,0.9775,330050,0.0234,0.1002,1.0003,"Phoenix-Mesa-Glendale, AZ Metropolitan Statistical Area","Phoenix, AZ"
2020-05-01,85054,"phoenix, az",phoenix,az,10739,6683,-1071,5230,52.746708,78.62806173,26.86535467,49,0.3067,11.5,-0.2519,-16.5,-22,0.1238,0.3882,0.6629,370050,-0.0133,-0.1868,1.1216,"Phoenix-Mesa-Glendale, AZ Metropolitan Statistical Area","Phoenix, AZ"
2020-05-01,85033,"phoenix, az",phoenix,az,2034,585,406,3445,90.255557,94.4428713,86.06824296,34,0.193,5.5,-0.0933,-3.5,-37,0.4074,0.7674,1.7079,220050,0.0034,0.1003,0.6669,"Phoenix-Mesa-Glendale, AZ Metropolitan Statistical Area","Phoenix, AZ"
2020-05-01,85031,"phoenix, az",phoenix,az,6014,1768,-156,4314,79.686394,81.79243947,77.58034829,46,0.4839,15,-0.0316,-1.5,-25,0.3651,0.5732,1.4494,210050,0.0244,0.0558,0.6366,"Phoenix-Mesa-Glendale, AZ Metropolitan Statistical Area","Phoenix, AZ"
2020-05-01,85003,"phoenix, az",phoenix,az,9001,10376,-981,2168,31.912785,35.23290387,28.59266601,81,0.218,14.5,-0.0357,-3,10,0.1731,0.2449,0.6854,385050,0.0134,-0.163,1.167,"Phoenix-Mesa-Glendale, AZ Metropolitan Statistical Area","Phoenix, AZ"
2020-04-01,85019,"phoenix, az",phoenix,az,6465,1512,209,2466,82.711757,89.00828768,76.41522686,35,-0.0789,-3,-0.125,-5,-27,-0.2167,0.1075,1.4306,224950,-0.0046,0.0364,0.7028,"Phoenix-Mesa-Glendale, AZ Metropolitan Statistical Area","Phoenix, AZ"
2020-04-01,85004,"phoenix, az",phoenix,az,12132,7009,-512,1450,51.302852,67.453294,35.15240905,50,-0.0196,-1,-0.0909,-5,-12,-0.2168,-0.082,0.7778,402450,-1e-4,0.2077,1.2575,"Phoenix-Mesa-Glendale, AZ Metropolitan Statistical Area","Phoenix, AZ"
2020-04-01,85018,"phoenix, az",phoenix,az,1254,4908,1624,4785,62.192724,71.94830735,52.437140049999996,47,-0.1607,-9,-0.3286,-23,-15,-0.0828,0.0746,1,949549.5,-0.1881,0.1898,2.9672,"Phoenix-Mesa-Glendale, AZ Metropolitan Statistical Area","Phoenix, AZ"
2020-04-01,85031,"phoenix, az",phoenix,az,6014,1612,-993,7292,81.988341,92.95547127,71.02121084,31,0.1273,3.5,-0.4833,-29,-31,-0.3721,0.3897,1.3125,205049.5,-0.0203,0.0462,0.6406,"Phoenix-Mesa-Glendale, AZ Metropolitan Statistical Area","Phoenix, AZ"
2020-04-01,85008,"phoenix, az",phoenix,az,407,2568,-890,5905,75.582947,94.21969378,56.94620031,29,0.0943,2.5,-0.4579,-24.5,-33,-0.2524,0.1938,1.0694,322500,-0.0585,0.0766,1.0077,"Phoenix-Mesa-Glendale, AZ Metropolitan Statistical Area","Phoenix, AZ"
2020-04-01,85024,"phoenix, az",phoenix,az,4045,1669,-723,2323,81.577469,93.84042703,69.31451046,29.5,-0.0167,-0.5,-0.1449,-5,-32.5,-0.3357,0.1084,1.2778,386438.5,-0.0518,0.1889,1.2075,"Phoenix-Mesa-Glendale, AZ Metropolitan Statistical Area","Phoenix, AZ"
2020-04-01,85012,"phoenix, az",phoenix,az,10259,7094,-2186,4443,50.85335,59.86093552,41.84576485,55,0.375,15,-0.3168,-25.5,-7,-0.1329,0.1589,0.8611,532550,-0.105,-0.0229,1.6641,"Phoenix-Mesa-Glendale, AZ Metropolitan Statistical Area","Phoenix, AZ"
2020-04-01,85015,"phoenix, az",phoenix,az,1925,3253,222,6036,71.123051,91.98623402,50.25986796,32,-0.2,-8,-0.4435,-25.5,-30,-0.2308,0.1382,0.9722,255000,-0.0324,-0.0156,0.7967,"Phoenix-Mesa-Glendale, AZ Metropolitan Statistical Area","Phoenix, AZ"
2020-04-01,85033,"phoenix, az",phoenix,az,2034,991,285,3044,86.816969,94.57086669,79.06307066,28.5,-0.0806,-2.5,-0.1094,-3.5,-33.5,-0.1429,0.3846,1.5,219300,0.0198,0.075,0.6852,"Phoenix-Mesa-Glendale, AZ Metropolitan Statistical Area","Phoenix, AZ"
2020-04-01,85017,"phoenix, az",phoenix,az,3244,1500,401,543,82.792527,92.48489956,73.10015452,31.5,-0.087,-3,-0.0735,-2.5,-30.5,-0.1333,-0.2529,1.3542,220000,0.0089,0.1485,0.6873,"Phoenix-Mesa-Glendale, AZ Metropolitan Statistical Area","Phoenix, AZ"
2020-04-01,85042,"phoenix, az",phoenix,az,2049,1661,420,5207,81.619609,89.41564827,73.82357073,34.5,-0.1039,-4,-0.31,-15.5,-27.5,-0.1757,0.3401,1.3681,317050,-0.093,0.0523,0.9906,"Phoenix-Mesa-Glendale, AZ Metropolitan Statistical Area","Phoenix, AZ"
2020-04-01,85020,"phoenix, az",phoenix,az,1569,3136,1219,4054,71.846467,85.89689563,57.79603877,37.5,-0.25,-12.5,-0.1848,-8.5,-24.5,-0.2041,0.1908,1.0833,432500,-0.0748,0.1672,1.3514,"Phoenix-Mesa-Glendale, AZ Metropolitan Statistical Area","Phoenix, AZ"
