rltr_market_hotness_msa_phoenix.csv
month_date_yyyymm,postal_code,zip_name,city,state,nielsen_hh_rank,hotness_rank,hotness_rank_mm,hotness_rank_yy,hotness_score,supply_score,demand_score,median_days_on_market,median_days_on_market_mm,median_dom_mm_day,median_days_on_market_yy,median_dom_yy_day,median_dom_vs_us,ldpviews_per_property_mm,ldpviews_per_property_yy,ldpviews_per_property_vs_us,median_listing_price,median_listing_price_mm,median_listing_price_yy,median_listing_price_vs_us,cbsa_name,cbsa_zip_name
2020-04-01,85013,"phoenix, az",phoenix,az,4529,3181,755,4947,71.576064,93.84042703,49.31170108,29.5,-0.2716,-11,-0.3723,-17.5,-32.5,-0.1882,0.2105,0.9583,372550,-0.0447,0.0125,1.1641,"Phoenix-Mesa-Glendale, AZ Metropolitan Statistical Area","Phoenix, AZ"
2020-04-01,85054,"phoenix, az",phoenix,az,10739,5612,-1678,4721,58.561596,85.89689563,31.22629583,37.5,0.1538,5,-0.3304,-18.5,-24.5,-0.2759,0.2069,0.7292,375050,0.0135,-0.1849,1.1719,"Phoenix-Mesa-Glendale, AZ Metropolitan Statistical Area","Phoenix, AZ"
2020-04-01,85009,"phoenix, az",phoenix,az,2815,2788,-1333,5002,74.206349,89.41564827,58.99705015,34.5,0.2545,7,-0.3784,-21,-27.5,-0.2838,-0.0124,1.1042,195500,0.018,0.0858,0.6108,"Phoenix-Mesa-Glendale, AZ Metropolitan Statistical Area","Phoenix, AZ"
2020-04-01,85035,"phoenix, az",phoenix,az,2967,1485,245,1562,82.908414,91.52268577,74.29414244,32.5,-0.1447,-5.5,0.413,9.5,-29.5,-0.2405,0.363,1.3819,215049.5,-0.0183,0.0594,0.6719,"Phoenix-Mesa-Glendale, AZ Metropolitan Statistical Area","Phoenix, AZ"
2020-04-01,85032,"phoenix, az",phoenix,az,90,1540,-556,1268,82.571288,94.57086669,70.57170951,28.5,-0.0656,-2,-0.1739,-6,-33.5,-0.3225,-0.0053,1.2986,317500,-0.0232,0.0948,0.992,"Phoenix-Mesa-Glendale, AZ Metropolitan Statistical Area","Phoenix, AZ"
2020-04-01,85051,"phoenix, az",phoenix,az,1860,1043,968,3248,86.430678,91.98623402,80.87512291,32,-0.1233,-4.5,-0.1111,-4,-30,-0.0303,0.3333,1.5556,220050,-0.0359,-0.0515,0.6875,"Phoenix-Mesa-Glendale, AZ Metropolitan Statistical Area","Phoenix, AZ"
2020-04-01,85045,"phoenix, az",phoenix,az,11338,1127,-207,8641,85.805591,94.91501615,76.69616519,28,0,0,-0.5725,-37.5,-34,-0.2276,0.6299,1.4375,502550,-0.0186,0.1105,1.5703,"Phoenix-Mesa-Glendale, AZ Metropolitan Statistical Area","Phoenix, AZ"
2020-04-01,85050,"phoenix, az",phoenix,az,3420,3132,119,1623,71.860514,90.0337126,53.68731563,34,0.0794,2.5,-0.1605,-6.5,-28,-0.0813,-0.1145,1.0208,522050,-0.0974,0.0211,1.6313,"Phoenix-Mesa-Glendale, AZ Metropolitan Statistical Area","Phoenix, AZ"
2020-04-01,85085,"phoenix, az",phoenix,az,5409,5449,2959,3420,59.418458,65.1425762,53.69433909,51.5,-0.2137,-14,-0.0721,-4,-10.5,0.0809,0.2149,1.0208,459045,-0.0389,0.0152,1.4344,"Phoenix-Mesa-Glendale, AZ Metropolitan Statistical Area","Phoenix, AZ"
2020-04-01,85022,"phoenix, az",phoenix,az,383,860,635,4278,87.842394,93.60162944,82.08315775,30,-0.2,-7.5,-0.3023,-13,-32,-0.1792,0.3631,1.5903,350000,-0.2001,-0.0808,1.0936,"Phoenix-Mesa-Glendale, AZ Metropolitan Statistical Area","Phoenix, AZ"
2020-04-01,85037,"phoenix, az",phoenix,az,2275,282,552,1459,93.264503,94.91501615,91.61399073,28,-0.0968,-3,0.0769,2,-34,-0.0303,0.4328,2,234000,-0.0021,0.0639,0.7311,"Phoenix-Mesa-Glendale, AZ Metropolitan Statistical Area","Phoenix, AZ"
2020-04-01,85014,"phoenix, az",phoenix,az,2792,3324,2516,3972,70.69462,89.00828768,52.38095238,35,-0.3578,-19.5,-0.1566,-6.5,-27,-0.1628,0.2632,1,422050,-0.0462,0.2439,1.3188,"Phoenix-Mesa-Glendale, AZ Metropolitan Statistical Area","Phoenix, AZ"
2020-04-01,85027,"phoenix, az",phoenix,az,1540,601,-171,889,90.093412,94.57086669,85.6159573,28.5,0.0364,1,0.1176,3,-33.5,-0.2861,0.0978,1.7153,263500,0.0303,0.0374,0.8233,"Phoenix-Mesa-Glendale, AZ Metropolitan Statistical Area","Phoenix, AZ"
2020-04-01,85053,"phoenix, az",phoenix,az,3586,816,323,2776,88.218149,94.21969378,82.21660346,29,-0.1343,-4.5,-0.1831,-6.5,-33,-0.1815,0.3143,1.5972,268800,-0.0402,0.0872,0.8398,"Phoenix-Mesa-Glendale, AZ Metropolitan Statistical Area","Phoenix, AZ"
2020-04-01,85029,"phoenix, az",phoenix,az,1102,650,693,1485,89.657958,94.21969378,85.09622138,29,0.0175,0.5,0.0545,1.5,-33,0.0427,0.2139,1.6944,241050,0.039,0.0021,0.7531,"Phoenix-Mesa-Glendale, AZ Metropolitan Statistical Area","Phoenix, AZ"
2020-04-01,85040,"phoenix, az",phoenix,az,4774,982,290,686,86.936367,96.64278691,77.22994803,24.5,-0.3194,-11.5,-0.0392,-1,-37.5,-0.2793,-0.0324,1.4514,232450,0.0204,0.0566,0.7262,"Phoenix-Mesa-Glendale, AZ Metropolitan Statistical Area","Phoenix, AZ"
2020-04-01,85023,"phoenix, az",phoenix,az,2086,1436,353,2295,83.336845,91.98623402,74.6874561,32,-0.1351,-5,-0.1233,-4.5,-30,-0.2,0.1173,1.3889,318750,-0.0522,-0.0892,0.9959,"Phoenix-Mesa-Glendale, AZ Metropolitan Statistical Area","Phoenix, AZ"
2020-04-01,85048,"phoenix, az",phoenix,az,2580,1135,2303,3897,85.749403,89.00828768,82.49051833,35,-0.2222,-10,-0.2308,-10.5,-27,0.1159,0.3125,1.6042,494500,-0.0445,0.1063,1.5452,"Phoenix-Mesa-Glendale, AZ Metropolitan Statistical Area","Phoenix, AZ"
2020-04-01,85041,"phoenix, az",phoenix,az,1098,1023,1438,1564,86.588706,91.98623402,81.19117854,32,-0.2644,-11.5,0.0847,2.5,-30,-0.1,0.1658,1.5625,275050,0,0.0763,0.8594,"Phoenix-Mesa-Glendale, AZ Metropolitan Statistical Area","Phoenix, AZ"
2020-04-01,85006,"phoenix, az",phoenix,az,4953,4409,1007,3943,64.844079,87.77918247,41.90897598,36,-0.0769,-3,-0.2577,-12.5,-26,-0.0388,0.0877,0.8611,345046,0.0407,0.0566,1.0781,"Phoenix-Mesa-Glendale, AZ Metropolitan Statistical Area","Phoenix, AZ"
2020-04-01,85003,"phoenix, az",phoenix,az,9001,9395,-3369,2846,37.684366,44.76752353,30.60120803,66.5,0.5114,22.5,-0.2692,-24.5,4.5,-0.2061,0,0.7222,379950,-0.0944,-0.2002,1.1872,"Phoenix-Mesa-Glendale, AZ Metropolitan Statistical Area","Phoenix, AZ"
2020-04-01,85044,"phoenix, az",phoenix,az,967,1008,210,962,86.683523,89.41564827,83.95139767,34.5,-0.0282,-1,0.0455,1.5,-27.5,-0.1821,0.0215,1.6528,362550,-0.0693,-0.0135,1.1328,"Phoenix-Mesa-Glendale, AZ Metropolitan Statistical Area","Phoenix, AZ"
2020-04-01,85007,"phoenix, az",phoenix,az,8167,4365,2502,3336,65.1496,58.60373648,71.69546285,56,-0.104,-6.5,0.0275,1.5,-6,0.1302,0.3942,1.3264,429500,-0.1033,0.1156,1.342,"Phoenix-Mesa-Glendale, AZ Metropolitan Statistical Area","Phoenix, AZ"
2020-04-01,85043,"phoenix, az",phoenix,az,3841,1738,-702,7466,81.15255,94.91501615,67.39008288,28,0.2444,5.5,-0.5556,-35,-34,-0.2447,0.5565,1.2431,253050,-0.0078,0.0929,0.7906,"Phoenix-Mesa-Glendale, AZ Metropolitan Statistical Area","Phoenix, AZ"
2020-04-01,85021,"phoenix, az",phoenix,az,1551,3522,2589,5331,69.553308,88.41831718,50.68829892,35.5,-0.3173,-16.5,-0.3826,-22,-26.5,-0.0903,0.0846,0.9792,474800,-0.0913,0.3096,1.4836,"Phoenix-Mesa-Glendale, AZ Metropolitan Statistical Area","Phoenix, AZ"
2020-04-01,85083,"phoenix, az",phoenix,az,6714,1352,-170,2604,84.021632,89.00828768,79.03497682,35,0.1111,3.5,-0.0667,-2.5,-27,-0.1756,0.2343,1.5,467050,-0.0256,0.0391,1.4594,"Phoenix-Mesa-Glendale, AZ Metropolitan Statistical Area","Phoenix, AZ"
2020-04-01,85028,"phoenix, az",phoenix,az,5310,1715,2748,8155,81.321113,92.95547127,69.68675376,31,-0.3922,-20,-0.5156,-33,-31,-0.0609,0.5812,1.2847,475050,-0.0256,0.1599,1.4844,"Phoenix-Mesa-Glendale, AZ Metropolitan Statistical Area","Phoenix, AZ"
2020-04-01,85016,"phoenix, az",phoenix,az,1068,6438,24,3723,54.298357,72.55232476,36.04438826,46.5,-0.0606,-3,-0.2677,-17,-15.5,-0.1812,0.0367,0.7847,486500,-0.0452,0.0876,1.5202,"Phoenix-Mesa-Glendale, AZ Metropolitan Statistical Area","Phoenix, AZ"
2020-03-01,85006,"phoenix, az",phoenix,az,4953,5416,-1310,2425,59.801107,78.87807269,40.72414035,39,-0.0714,-3,-0.2353,-12,-20.5,-0.2833,0.3438,0.8543,331550,-0.052,0.0461,1.0361,"Phoenix-Mesa-Glendale, AZ Metropolitan Statistical Area","Phoenix, AZ"
2020-03-01,85020,"phoenix, az",phoenix,az,1569,4355,-933,1998,65.309195,62.61642972,68.00196092,50,-0.2188,-14,-0.0385,-2,-9.5,-0.2847,0.5556,1.298,467450,0.0341,0.3547,1.4609,"Phoenix-Mesa-Glendale, AZ Metropolitan Statistical Area","Phoenix, AZ"
2020-03-01,85029,"phoenix, az",phoenix,az,1102,1343,-34,1968,85.040969,92.03025422,78.05168429,28.5,-0.2875,-11.5,-0.1857,-6.5,-31,-0.2548,0.4268,1.5497,232000,-0.0331,-0.0151,0.725,"Phoenix-Mesa-Glendale, AZ Metropolitan Statistical Area","Phoenix, AZ"
2020-03-01,85031,"phoenix, az",phoenix,az,6014,619,519,4564,91.175853,92.93367883,89.41802647,27.5,-0.1129,-3.5,-0.2763,-10.5,-32,0.0524,2.1354,1.9934,209300,-0.07,0.0568,0.654,"Phoenix-Mesa-Glendale, AZ Metropolitan Statistical Area","Phoenix, AZ"
2020-03-01,85051,"phoenix, az",phoenix,az,1860,2011,-856,1732,79.918061,82.37971847,77.45640451,36.5,0.1406,4.5,0.0429,1.5,-23,-0.1979,0.6042,1.5298,228249.5,-0.0289,0.0013,0.7132,"Phoenix-Mesa-Glendale, AZ Metropolitan Statistical Area","Phoenix, AZ"
2020-03-01,85004,"phoenix, az",phoenix,az,12132,6497,-2319,3350,53.925345,60.99166608,46.85902374,51,0.2143,9,-0.3377,-26,-8.5,-0.1966,0.3241,0.947,402500,0.0086,0.2199,1.2579,"Phoenix-Mesa-Glendale, AZ Metropolitan Statistical Area","Phoenix, AZ"
2020-03-01,85028,"phoenix, az",phoenix,az,5310,4463,-1428,4278,64.605365,60.99166608,68.21906296,51,-0.0727,-4,-0.15,-9,-8.5,-0.2244,0.6983,1.3046,487550,-0.025,0.147,1.5237,"Phoenix-Mesa-Glendale, AZ Metropolitan Statistical Area","Phoenix, AZ"
2020-03-01,85021,"phoenix, az",phoenix,az,1551,6111,-2365,2531,56.022831,59.59100777,52.45465369,52,0.1818,8,-0.1186,-7,-7.5,-0.2092,0.4623,1.0265,522500,0.0305,0.4634,1.6329,"Phoenix-Mesa-Glendale, AZ Metropolitan Statistical Area","Phoenix, AZ"
2020-03-01,85044,"phoenix, az",phoenix,az,967,1218,-11,2356,86.02143,83.7593669,88.28349324,35.5,-0.1932,-8.5,-0.29,-14.5,-24,-0.1917,0.3598,1.9272,389550,-0.0262,0.1527,1.2174,"Phoenix-Mesa-Glendale, AZ Metropolitan Statistical Area","Phoenix, AZ"
2020-03-01,85043,"phoenix, az",phoenix,az,3841,1036,-354,4344,87.551649,96.34428181,78.75901674,22.5,0.0714,1.5,-0.4886,-21.5,-37,-0.2255,0.7174,1.5695,255050,0.0159,0.1039,0.797,"Phoenix-Mesa-Glendale, AZ Metropolitan Statistical Area","Phoenix, AZ"
2020-03-01,85022,"phoenix, az",phoenix,az,383,1495,-221,2608,83.780377,80.97906016,86.5816934,37.5,-0.2188,-10.5,-0.0625,-2.5,-22,-0.258,0.7222,1.8477,437550,-0.0046,0.2331,1.3674,"Phoenix-Mesa-Glendale, AZ Metropolitan Statistical Area","Phoenix, AZ"
2020-03-01,85012,"phoenix, az",phoenix,az,10259,4908,3157,3142,62.220744,77.51943413,46.92205337,40,-0.5876,-57,-0.2857,-16,-19.5,-0.2778,0.2119,0.947,595050,-0.023,0.152,1.8597,"Phoenix-Mesa-Glendale, AZ Metropolitan Statistical Area","Phoenix, AZ"
2020-03-01,85040,"phoenix, az",phoenix,az,4774,1272,305,1554,85.615239,83.10806079,88.12241754,36,-0.122,-5,0.0588,2,-23.5,-0.0068,0.9079,1.9205,227797.5,0.0122,-0.0309,0.7118,"Phoenix-Mesa-Glendale, AZ Metropolitan Statistical Area","Phoenix, AZ"
2020-03-01,85041,"phoenix, az",phoenix,az,1098,2461,-1227,498,76.896141,72.40002801,81.39225436,43.5,0.2083,7.5,0.2083,7.5,-16,-0.1611,0.5823,1.6556,275050,-0.1126,0.1458,0.8595,"Phoenix-Mesa-Glendale, AZ Metropolitan Statistical Area","Phoenix, AZ"
2020-03-01,85054,"phoenix, az",phoenix,az,10739,3934,1652,5569,67.704321,87.5761608,47.83248127,32.5,-0.4841,-30.5,-0.4091,-22.5,-27,-0.2287,0.8125,0.9603,370050,-0.0133,-0.0973,1.1564,"Phoenix-Mesa-Glendale, AZ Metropolitan Statistical Area","Phoenix, AZ"
2020-03-01,85048,"phoenix, az",phoenix,az,2580,3438,-428,-252,70.65971,70.0119056,71.30751453,45,-0.1346,-7,0.0714,3,-14.5,-0.1653,0.2778,1.3709,517550,0.035,0.2321,1.6174,"Phoenix-Mesa-Glendale, AZ Metropolitan Statistical Area","Phoenix, AZ"
2020-03-01,85008,"phoenix, az",phoenix,az,407,1678,1580,5257,82.32019,93.69703761,70.94334337,26.5,-0.5726,-35.5,-0.47,-23.5,-33,-0.2426,0.7167,1.3642,342550,0.0239,0.1814,1.0705,"Phoenix-Mesa-Glendale, AZ Metropolitan Statistical Area","Phoenix, AZ"
2020-03-01,85023,"phoenix, az",phoenix,az,2086,1789,296,3360,81.514812,81.6933959,81.33622803,37,-0.3509,-20,-0.2449,-12,-22.5,-0.2604,0.7857,1.6556,336300,0.0508,-0.039,1.0509,"Phoenix-Mesa-Glendale, AZ Metropolitan Statistical Area","Phoenix, AZ"
2020-03-01,85045,"phoenix, az",phoenix,az,11338,920,367,9017,88.598641,92.52048463,84.6767981,28,-0.2432,-9,-0.6164,-45,-31.5,-0.1067,1.3929,1.7748,512050,0.205,0.1167,1.6003,"Phoenix-Mesa-Glendale, AZ Metropolitan Statistical Area","Phoenix, AZ"
2020-03-01,85014,"phoenix, az",phoenix,az,2792,5840,857,3122,57.654598,55.80923034,59.49996498,54.5,-0.2534,-18.5,-0.0763,-4.5,-5,-0.0652,0.5088,1.1391,442500,-0.0318,0.3411,1.3829,"Phoenix-Mesa-Glendale, AZ Metropolitan Statistical Area","Phoenix, AZ"
2020-03-01,85042,"phoenix, az",phoenix,az,2049,2081,-51,1213,79.417326,79.57840185,79.25625044,38.5,-0.2596,-13.5,0.0132,0.5,-21,-0.234,0.7574,1.5828,349550,-0.0705,0.2527,1.0924,"Phoenix-Mesa-Glendale, AZ Metropolitan Statistical Area","Phoenix, AZ"
2020-03-01,85024,"phoenix, az",phoenix,az,4045,946,-281,2344,88.364031,90.49653337,86.23152882,30,0,0,-0.1892,-7,-29.5,-0.1853,0.6488,1.8344,407550,-0.0632,0.2538,1.2736,"Phoenix-Mesa-Glendale, AZ Metropolitan Statistical Area","Phoenix, AZ"
2020-03-01,85033,"phoenix, az",phoenix,az,2034,1276,377,2835,85.583724,89.4810561,81.6863926,31,-0.0313,-1,-0.1143,-4,-28.5,0.008,0.75,1.6689,215050,-0.0223,0.075,0.672,"Phoenix-Mesa-Glendale, AZ Metropolitan Statistical Area","Phoenix, AZ"
2020-03-01,85032,"phoenix, az",phoenix,az,90,984,-514,1643,88.059388,89.95727992,86.1614959,30.5,-0.0161,-0.5,-0.2179,-8.5,-29,-0.2775,0.6429,1.8278,325047.5,3e-4,0.1035,1.0158,"Phoenix-Mesa-Glendale, AZ Metropolitan Statistical Area","Phoenix, AZ"
2020-03-01,85037,"phoenix, az",phoenix,az,2275,834,728,549,89.225436,89.4810561,88.96981581,31,-0.2955,-13,0.1071,3,-28.5,-0.0601,0.5309,1.9669,234500,0.0062,0.0662,0.7328,"Phoenix-Mesa-Glendale, AZ Metropolitan Statistical Area","Phoenix, AZ"
2020-03-01,85027,"phoenix, az",phoenix,az,1540,430,90,518,93.220814,92.93367883,93.50794874,27.5,-0.2763,-10.5,0.1957,4.5,-32,-0.2792,0.6961,2.2914,255750,0.0269,0.0232,0.7992,"Phoenix-Mesa-Glendale, AZ Metropolitan Statistical Area","Phoenix, AZ"
2020-03-01,85085,"phoenix, az",phoenix,az,5409,8408,-378,-2095,43.388893,42.79011135,43.98767421,65.5,-0.2471,-21.5,0.3367,16.5,6,-0.236,0.0625,0.9007,477600,0.0108,0.0878,1.4926,"Phoenix-Mesa-Glendale, AZ Metropolitan Statistical Area","Phoenix, AZ"
2020-03-01,85053,"phoenix, az",phoenix,az,3586,1139,-357,1356,86.613208,86.35758807,86.86882835,33.5,-0.0694,-2.5,0.0469,1.5,-26,-0.2151,0.5966,1.8609,280050,0.037,0.1336,0.8751,"Phoenix-Mesa-Glendale, AZ Metropolitan Statistical Area","Phoenix, AZ"
2020-03-01,85083,"phoenix, az",phoenix,az,6714,1182,16,2719,86.305063,88.94180265,83.66832411,31.5,-0.25,-10.5,-0.2317,-9.5,-28,-0.2339,0.7703,1.7351,479300,0.1276,0.065,1.4979,"Phoenix-Mesa-Glendale, AZ Metropolitan Statistical Area","Phoenix, AZ"
2020-03-01,85003,"phoenix, az",phoenix,az,9001,6026,-2130,4696,56.562084,71.51060999,41.61355837,44,0.0476,2,-0.4634,-38,-15.5,-0.2957,0.2358,0.8675,419550,0.0501,-0.1055,1.3111,"Phoenix-Mesa-Glendale, AZ Metropolitan Statistical Area","Phoenix, AZ"
2020-03-01,85013,"phoenix, az",phoenix,az,4529,3936,589,3683,67.67981,76.70004902,58.65957,40.5,-0.325,-19.5,-0.19,-9.5,-19,-0.2056,0.6038,1.1258,390000,-1e-4,0.1141,1.2188,"Phoenix-Mesa-Glendale, AZ Metropolitan Statistical Area","Phoenix, AZ"
2020-03-01,85015,"phoenix, az",phoenix,az,1925,3475,-687,5293,70.306044,77.51943413,63.09265355,40,-0.1667,-8,-0.2982,-17,-19.5,-0.2479,0.8958,1.2053,263550,-0.0418,0.0333,0.8236,"Phoenix-Mesa-Glendale, AZ Metropolitan Statistical Area","Phoenix, AZ"
2020-03-01,85050,"phoenix, az",phoenix,az,3420,3251,-1853,-316,71.727712,88.94180265,54.5136214,31.5,-0.1711,-6.5,-0.1711,-6.5,-28,-0.4558,-0.0244,1.0596,578357.5,0.0155,0.2175,1.8075,"Phoenix-Mesa-Glendale, AZ Metropolitan Statistical Area","Phoenix, AZ"
2020-03-01,85019,"phoenix, az",phoenix,az,6465,1721,-118,3345,82.001541,80.25071784,83.75236361,38,0.0556,2,-0.1739,-8,-21.5,-0.0187,0.5471,1.7417,226000,-0.0176,0.1027,0.7062,"Phoenix-Mesa-Glendale, AZ Metropolitan Statistical Area","Phoenix, AZ"
2020-03-01,85035,"phoenix, az",phoenix,az,2967,1730,-864,934,81.910498,80.25071784,83.57027803,38,0.2667,8,1.2353,21,-21.5,-0.1494,0.5595,1.7351,219049.5,-0.0045,0.0955,0.6845,"Phoenix-Mesa-Glendale, AZ Metropolitan Statistical Area","Phoenix, AZ"
2020-03-01,85009,"phoenix, az",phoenix,az,2815,1455,-805,3382,84.144548,92.93367883,75.35541705,27.5,-0.0179,-0.5,-0.3605,-15.5,-32,-0.3273,0.5,1.4702,192050,-0.0395,0.0378,0.6001,"Phoenix-Mesa-Glendale, AZ Metropolitan Statistical Area","Phoenix, AZ"
2020-03-01,85016,"phoenix, az",phoenix,az,1068,6462,283,2442,54.093424,63.295749,44.89109882,49.5,-0.3028,-21.5,-0.161,-9.5,-10,-0.2159,0.3019,0.9139,509550,-0.0563,0.0743,1.5924,"Phoenix-Mesa-Glendale, AZ Metropolitan Statistical Area","Phoenix, AZ"
2020-03-01,85018,"phoenix, az",phoenix,az,1254,6532,-408,1502,53.736256,54.0163877,53.45612438,56,-0.2727,-21,-0.125,-8,-3.5,-0.2452,0.1894,1.0397,1169550,-0.0644,0.4898,3.6553,"Phoenix-Mesa-Glendale, AZ Metropolitan Statistical Area","Phoenix, AZ"
2020-03-01,85007,"phoenix, az",phoenix,az,8167,6867,-1423,866,51.925905,45.80152672,58.05028363,62.5,-0.1319,-9.5,0.0965,5.5,3,-0.2248,0.4083,1.1192,479000,0.0763,0.2284,1.497,"Phoenix-Mesa-Glendale, AZ Metropolitan Statistical Area","Phoenix, AZ"
2020-03-01,85017,"phoenix, az",phoenix,az,3244,1901,284,1586,80.646404,85.28608446,76.00672316,34.5,-0.1154,-4.5,-0.2813,-13.5,-25,-0.0779,0.3554,1.4901,218050,-0.0311,0.1657,0.6814,"Phoenix-Mesa-Glendale, AZ Metropolitan Statistical Area","Phoenix, AZ"
2020-02-01,85027,"phoenix, az",phoenix,az,1540,520,-424,475,91.718261,86.98434783,96.45217391,38,0.2063,6.5,0.2667,8,-42,0.1823,1.2222,2.5532,249050,-0.033,-0.0078,0.8032,"Phoenix-Mesa-Glendale, AZ Metropolitan Statistical Area","Phoenix, AZ"
2020-02-01,85045,"phoenix, az",phoenix,az,11338,1287,1349,5716,84.671304,88.06956522,81.27304348,37,-0.3984,-24.5,-0.3934,-24,-43,0.3575,1.5862,1.5957,424950,0.0189,-0.0162,1.3706,"Phoenix-Mesa-Glendale, AZ Metropolitan Statistical Area","Phoenix, AZ"
