rltr_market_hotness_msa_phoenix.csv
month_date_yyyymm,postal_code,zip_name,city,state,nielsen_hh_rank,hotness_rank,hotness_rank_mm,hotness_rank_yy,hotness_score,supply_score,demand_score,median_days_on_market,median_days_on_market_mm,median_dom_mm_day,median_days_on_market_yy,median_dom_yy_day,median_dom_vs_us,ldpviews_per_property_mm,ldpviews_per_property_yy,ldpviews_per_property_vs_us,median_listing_price,median_listing_price_mm,median_listing_price_yy,median_listing_price_vs_us,cbsa_name,cbsa_zip_name
2020-02-01,85035,"phoenix, az",phoenix,az,2967,866,-33,2151,88.226087,93.75304348,82.69913043,30,-0.3258,-14.5,0.1321,3.5,-50,0.1407,1.1389,1.6383,220049,0.0096,0.1282,0.7097,"Phoenix-Mesa-Glendale, AZ Metropolitan Statistical Area","Phoenix, AZ"
2020-02-01,85042,"phoenix, az",phoenix,az,2049,2030,1976,1129,78.987826,74.67130435,83.30434783,52,-0.2877,-21,0.5072,17.5,-28,0.43120000000000003,1.08,1.6596,376050,0.0683,0.2967,1.2129,"Phoenix-Mesa-Glendale, AZ Metropolitan Statistical Area","Phoenix, AZ"
2020-02-01,85014,"phoenix, az",phoenix,az,2792,6697,-522,1561,53.14087,55.01217391,51.26956522,73,-0.0519,-4,0.0139,1,-7,0.076,0.614,0.9787,457050,0.0628,0.354,1.4742,"Phoenix-Mesa-Glendale, AZ Metropolitan Statistical Area","Phoenix, AZ"
2020-02-01,85008,"phoenix, az",phoenix,az,407,3258,123,2364,71.363478,66.32347826,76.40347826,62,-0.0313,-2,0.1589,8.5,-18,0.3465,1.1085,1.4468,334550,-0.0708,0.172,1.079,"Phoenix-Mesa-Glendale, AZ Metropolitan Statistical Area","Phoenix, AZ"
2020-02-01,85048,"phoenix, az",phoenix,az,2580,3010,-1788,-602,72.841739,74.67130435,71.01217391,52,-0.0796,-4.5,0.1818,8,-28,-0.1143,0.3262,1.3191,500049,-0.0645,0.224,1.6129,"Phoenix-Mesa-Glendale, AZ Metropolitan Statistical Area","Phoenix, AZ"
2020-02-01,85016,"phoenix, az",phoenix,az,1068,6745,284,869,52.904348,57.36347826,48.44521739,71,-0.1341,-11,0.1452,9,-9,0.053900000000000003,0.6449,0.9362,539950,-0.0528,0.1612,1.7416,"Phoenix-Mesa-Glendale, AZ Metropolitan Statistical Area","Phoenix, AZ"
2020-02-01,85006,"phoenix, az",phoenix,az,4953,4106,818,4620,66.636522,83.65217391,49.62086957,42,-0.3636,-24,-0.3731,-25,-38,0.0843,0.8947,0.9574,349750,0.0136,0.0981,1.1281,"Phoenix-Mesa-Glendale, AZ Metropolitan Statistical Area","Phoenix, AZ"
2020-02-01,85024,"phoenix, az",phoenix,az,4045,665,-234,2043,90.375652,93.75304348,86.99826087,30,-0.1549,-5.5,-0.25,-10,-50,0.1296,1,1.8085,435050,-0.0034,0.3831,1.4032,"Phoenix-Mesa-Glendale, AZ Metropolitan Statistical Area","Phoenix, AZ"
2020-02-01,85003,"phoenix, az",phoenix,az,9001,3896,-722,5780,67.73913,83.65217391,51.82608696,42,-0.2075,-11,-0.5307,-47.5,-38,0.0333,0.646,0.9894,399550,-0.1763,-0.1619,1.2887,"Phoenix-Mesa-Glendale, AZ Metropolitan Statistical Area","Phoenix, AZ"
2020-02-01,85053,"phoenix, az",phoenix,az,3586,782,46,2282,89.026087,89.04347826,89.00869565,36,-0.2174,-10,-0.122,-5,-44,0.3066,1.1963,1.9043,270050,0.0019,0.1099,0.871,"Phoenix-Mesa-Glendale, AZ Metropolitan Statistical Area","Phoenix, AZ"
2020-02-01,85028,"phoenix, az",phoenix,az,5310,3035,-387,2766,72.678261,72.76521739,72.59130435,55,-0.1852,-12.5,0.0377,2,-25,0.0242,1.0484,1.3511,500050,0.0256,0.1764,1.6129,"Phoenix-Mesa-Glendale, AZ Metropolitan Statistical Area","Phoenix, AZ"
2020-02-01,85031,"phoenix, az",phoenix,az,6014,1138,1329,4672,85.906087,92.88347826,78.92869565,31,-0.2619,-11,-0.2619,-11,-49,0.5543,1.6481,1.5213,225050,-0.0018,0.1718,0.7258,"Phoenix-Mesa-Glendale, AZ Metropolitan Statistical Area","Phoenix, AZ"
2020-02-01,85022,"phoenix, az",phoenix,az,383,1274,1422,2033,84.744348,78.56,90.92869565,48,-0.3557,-26.5,0.2152,8.5,-32,0.2833,1.4416,2,439550,0.0221,0.4063,1.4177,"Phoenix-Mesa-Glendale, AZ Metropolitan Statistical Area","Phoenix, AZ"
2020-02-01,85009,"phoenix, az",phoenix,az,2815,650,892,2190,90.50087,95.31826087,85.68347826,28,-0.4862,-26.5,0.037,1,-52,0.3306,1.2148,1.7553,199950,0.0805,0.0805,0.6448,"Phoenix-Mesa-Glendale, AZ Metropolitan Statistical Area","Phoenix, AZ"
2020-02-01,85007,"phoenix, az",phoenix,az,8167,5444,-2751,2894,59.391304,56.0973913,62.68521739,72,0.2203,13,0,0,-8,0.0381,0.9292,1.1596,445050,0.0557,0.1829,1.4355,"Phoenix-Mesa-Glendale, AZ Metropolitan Statistical Area","Phoenix, AZ"
2020-02-01,85018,"phoenix, az",phoenix,az,1254,6124,-136,1068,55.89913,51.87478261,59.92347826,77,-0.0888,-7.5,0.0405,3,-3,0.0297,0.5072,1.1064,1250050,0.1601,0.6182,4.0323,"Phoenix-Mesa-Glendale, AZ Metropolitan Statistical Area","Phoenix, AZ"
2020-02-01,85019,"phoenix, az",phoenix,az,6465,1603,1488,1810,82.274783,89.04347826,75.50608696,36,-0.1724,-7.5,0.1077,3.5,-44,0.6048,0.9007,1.4255,230050,0,0.133,0.7419,"Phoenix-Mesa-Glendale, AZ Metropolitan Statistical Area","Phoenix, AZ"
2020-02-01,85020,"phoenix, az",phoenix,az,1569,3422,1232,1678,70.4,63.93043478,76.86956522,64,-0.1847,-14.5,0.1034,6,-16,0.2511,0.8514,1.4574,452050,0.0101,0.4749,1.4581,"Phoenix-Mesa-Glendale, AZ Metropolitan Statistical Area","Phoenix, AZ"
2020-02-01,85015,"phoenix, az",phoenix,az,1925,2788,3144,3901,73.968696,78.56,69.3773913,48,-0.3642,-27.5,-0.0495,-2.5,-32,0.3988,1.3048,1.2872,275050,0.0149,0.0893,0.8871,"Phoenix-Mesa-Glendale, AZ Metropolitan Statistical Area","Phoenix, AZ"
2020-02-01,85012,"phoenix, az",phoenix,az,10259,8065,2930,-904,45.829565,35.62434783,56.03478261,97,-0.3121,-44,0.437,29.5,17,0.2298,0.584,1.0532,609050,0.2595,0.16,1.9645,"Phoenix-Mesa-Glendale, AZ Metropolitan Statistical Area","Phoenix, AZ"
2020-02-01,85083,"phoenix, az",phoenix,az,6714,1198,-756,2603,85.453913,83.65217391,87.25565217,42,-0.087,-4,-0.0345,-1.5,-38,0.0364,1.28,1.8191,425050,-0.075,-0.046,1.371,"Phoenix-Mesa-Glendale, AZ Metropolitan Statistical Area","Phoenix, AZ"
2020-02-01,85041,"phoenix, az",phoenix,az,1098,1234,-526,1646,85.109565,89.04347826,81.17565217,36,-0.2174,-10,0.0909,3,-44,0.0383,0.9351,1.5851,309950,-0.0224,0.3187,0.9997,"Phoenix-Mesa-Glendale, AZ Metropolitan Statistical Area","Phoenix, AZ"
2020-02-01,85032,"phoenix, az",phoenix,az,90,470,-22,3384,92.215652,92.88347826,91.54782609,31,-0.1733,-6.5,-0.38,-19,-49,0.2691,1.3875,2.0319,324950,0.0251,0.1109,1.0481,"Phoenix-Mesa-Glendale, AZ Metropolitan Statistical Area","Phoenix, AZ"
2020-02-01,85043,"phoenix, az",phoenix,az,3841,682,2479,1618,90.226087,98.03130435,82.42086957,21,-0.6471,-38.5,-0.087,-2,-59,0.5612,0.9125,1.6277,251050,0.0103,0.0915,0.8097,"Phoenix-Mesa-Glendale, AZ Metropolitan Statistical Area","Phoenix, AZ"
2020-02-01,85021,"phoenix, az",phoenix,az,1551,3746,-914,3912,68.504348,81.39130435,55.6173913,44,-0.2479,-14.5,-0.2727,-16.5,-36,-0.0345,0.8846,1.0426,507050,0.2187,0.3721,1.6355,"Phoenix-Mesa-Glendale, AZ Metropolitan Statistical Area","Phoenix, AZ"
2020-02-01,85033,"phoenix, az",phoenix,az,2034,1653,-637,1646,81.857391,92.201739130000007,71.51304348,32,0.0159,0.5,0.0847,2.5,-48,0.0504,0.7857,1.3298,219950,-0.0048,0.1053,0.7094,"Phoenix-Mesa-Glendale, AZ Metropolitan Statistical Area","Phoenix, AZ"
2020-02-01,85050,"phoenix, az",phoenix,az,3420,1398,698,1382,83.777391,86.98434783,80.57043478,38,-0.4016,-25.5,0.0704,2.5,-42,0.1529,0.8375,1.5638,569550,0.1992,0.3657,1.8371,"Phoenix-Mesa-Glendale, AZ Metropolitan Statistical Area","Phoenix, AZ"
2020-02-01,85040,"phoenix, az",phoenix,az,4774,1577,-929,2039,82.448696,84.87652174,80.02086957,41,0.025,1,-0.0682,-3,-39,0.0466,0.8839,1.5532,225050,-0.0055,0.1306,0.7258,"Phoenix-Mesa-Glendale, AZ Metropolitan Statistical Area","Phoenix, AZ"
2020-02-01,85029,"phoenix, az",phoenix,az,1102,1309,-596,2245,84.511304,85.43304348,83.58956522,40,0.2308,7.5,0.194,6.5,-40,0.1939,1.259,1.6702,239950,-0.0106,0.0433,0.7739,"Phoenix-Mesa-Glendale, AZ Metropolitan Statistical Area","Phoenix, AZ"
2020-02-01,85023,"phoenix, az",phoenix,az,2086,2085,-1159,2981,78.563478,70.3373913,86.78956522,57,0.2809,12.5,0.1287,6.5,-23,0.2852,1.5037,1.7979,320049,-0.1291,0.0324,1.0323,"Phoenix-Mesa-Glendale, AZ Metropolitan Statistical Area","Phoenix, AZ"
2020-02-01,85051,"phoenix, az",phoenix,az,1860,1155,600,2687,85.843478,92.201739130000007,79.48521739,32,-0.2099,-8.5,-0.2,-8,-48,0.3846,1.014,1.5319,235050,2e-4,0.0829,0.7581,"Phoenix-Mesa-Glendale, AZ Metropolitan Statistical Area","Phoenix, AZ"
2020-02-01,85085,"phoenix, az",phoenix,az,5409,8030,-2170,-2398,45.993043,42.87304348,49.11304348,87,0.2609,18,0.4872,28.5,7,0.1711,0.2899,0.9468,472510,0.0361,0.1013,1.5241,"Phoenix-Mesa-Glendale, AZ Metropolitan Statistical Area","Phoenix, AZ"
2020-02-01,85037,"phoenix, az",phoenix,az,2275,1562,-1077,-570,82.615652,81.39130435,83.84,44,0.0602,2.5,0.76,19,-36,0.0327,0.512,1.6809,233050,0.013,0.062,0.7516,"Phoenix-Mesa-Glendale, AZ Metropolitan Statistical Area","Phoenix, AZ"
2020-02-01,85054,"phoenix, az",phoenix,az,10739,5586,-1458,4832,58.834783,65.07130435,52.59826087,63,0.1053,6,-0.1975,-15.5,-17,0.1677,1.4416,1,375050,0.0135,0.0475,1.2097,"Phoenix-Mesa-Glendale, AZ Metropolitan Statistical Area","Phoenix, AZ"
2020-02-01,85017,"phoenix, az",phoenix,az,3244,2185,-771,1161,77.853913,85.89913043,69.80869565,39,-0.2121,-10.5,-0.0602,-2.5,-41,0.0124,0.5541,1.2979,225050,0.0975,0.1874,0.7258,"Phoenix-Mesa-Glendale, AZ Metropolitan Statistical Area","Phoenix, AZ"
2020-02-01,85044,"phoenix, az",phoenix,az,967,1207,-441,1432,85.353043,81.39130435,89.31478261,44,-0.2143,-12,-0.102,-5,-36,0.0778,0.8848,1.9149,400050,-0.0908,0.2141,1.2903,"Phoenix-Mesa-Glendale, AZ Metropolitan Statistical Area","Phoenix, AZ"
2020-02-01,85013,"phoenix, az",phoenix,az,4529,4525,-611,3247,64.347826,67.15826087,61.5373913,60,-0.0476,-3,-0.0476,-3,-20,0.1694,1.0189,1.1383,390050,0.057,0.0894,1.2581,"Phoenix-Mesa-Glendale, AZ Metropolitan Statistical Area","Phoenix, AZ"
2020-02-01,85004,"phoenix, az",phoenix,az,12132,4178,1500,4454,66.201739,83.65217391,48.75130435,42,-0.4437,-33.5,-0.4167,-30,-38,-0.0111,0.6636,0.9468,399050,0.0013,0.2094,1.2871,"Phoenix-Mesa-Glendale, AZ Metropolitan Statistical Area","Phoenix, AZ"
2020-01-01,85032,"phoenix, az",phoenix,az,90,448,-151,2444,92.114708,97.41182966,86.81758575,37.5,-0.1279,-5.5,-0.2188,-10.5,-48,0.1533,0.8466,1.7299,317000,0.0144,0.0636,1.0565,"Phoenix-Mesa-Glendale, AZ Metropolitan Statistical Area","Phoenix, AZ"
2020-01-01,85006,"phoenix, az",phoenix,az,4953,4924,410,4314,62.164401,75.2501898,49.07861136,66,0.0313,2,-0.1592,-12.5,-19.5,0.3496,0.6436,0.954,345050,0.0558,0.1238,1.15,"Phoenix-Mesa-Glendale, AZ Metropolitan Statistical Area","Phoenix, AZ"
2020-01-01,85004,"phoenix, az",phoenix,az,12132,5678,-1546,-2,58.409828,62.28173097,54.53792532,75.5,0.208,13,0.1269,8.5,-10,0.2676,0.2676,1.0345,398550,0.2263,0.1781,1.3284,"Phoenix-Mesa-Glendale, AZ Metropolitan Statistical Area","Phoenix, AZ"
2020-01-01,85008,"phoenix, az",phoenix,az,407,3381,-1539,3896,70.42584,77.72793153,63.12374905,64,0.3196,15.5,-0.0986,-7,-21.5,0.2317,0.6694,1.1609,360047.5,0.0155,0.2857,1.2,"Phoenix-Mesa-Glendale, AZ Metropolitan Statistical Area","Phoenix, AZ"
2020-01-01,85040,"phoenix, az",phoenix,az,4774,648,-179,1825,89.88543,96.57671337,83.19414728,40,0,0,-0.0588,-2.5,-45.5,0.2291,0.6707,1.6034,226300,0.0011,0.1356,0.7542,"Phoenix-Mesa-Glendale, AZ Metropolitan Statistical Area","Phoenix, AZ"
2020-01-01,85053,"phoenix, az",phoenix,az,3586,828,56,1232,88.094416,93.91262337,82.27620954,46,0.1948,7.5,0.1795,7,-39.5,0.4271,0.548,1.5747,269550,0.0405,0.1419,0.8983,"Phoenix-Mesa-Glendale, AZ Metropolitan Statistical Area","Phoenix, AZ"
2020-01-01,85024,"phoenix, az",phoenix,az,4045,431,381,2930,92.307958,97.86044586,86.75546967,35.5,-0.0779,-3,-0.3772,-21.5,-50,0.5357,0.7917,1.7299,436545,0.0283,0.4429,1.455,"Phoenix-Mesa-Glendale, AZ Metropolitan Statistical Area","Phoenix, AZ"
2020-01-01,85035,"phoenix, az",phoenix,az,2967,833,2174,1457,88.063358,94.64421285,81.48250397,44.5,-0.0825,-4,0.023,1,-41,1.0149,0.5517,1.5517,217950,0.0271,0.1123,0.7263,"Phoenix-Mesa-Glendale, AZ Metropolitan Statistical Area","Phoenix, AZ"
2020-01-01,85028,"phoenix, az",phoenix,az,5310,2648,621,2878,74.801574,72.93809097,76.66505625,67.5,0.063,4,0.0976,6,-18,0.485,0.8647,1.4253,487545,0.1208,0.1443,1.625,"Phoenix-Mesa-Glendale, AZ Metropolitan Statistical Area","Phoenix, AZ"
2020-01-01,85018,"phoenix, az",phoenix,az,1254,5988,-1368,28,56.863828,50.49347781,63.23417765,84.5,0.1736,12.5,0.1655,12,-1,0.2469,0.3467,1.1609,1077499.5,0.2691,0.4562,3.5916,"Phoenix-Mesa-Glendale, AZ Metropolitan Statistical Area","Phoenix, AZ"
2020-01-01,85020,"phoenix, az",phoenix,az,1569,4654,-192,1021,63.499896,58.34081027,68.65898268,78.5,0.1716,11.5,0.2171,14,-7,0.4698,0.6103,1.2586,447550,0.3065,0.4206,1.4917,"Phoenix-Mesa-Glendale, AZ Metropolitan Statistical Area","Phoenix, AZ"
2020-01-01,85042,"phoenix, az",phoenix,az,2049,4006,-1765,-960,66.974947,65.67050866,68.27938436,73,0.3645,19.5,0.4455,22.5,-12.5,0.3374,0.3374,1.2529,352000,0.043,0.2349,1.1732,"Phoenix-Mesa-Glendale, AZ Metropolitan Statistical Area","Phoenix, AZ"
2020-01-01,85021,"phoenix, az",phoenix,az,1551,2832,1490,3533,73.690386,83.91193319,63.46883843,58.5,-0.064,-4,-0.025,-1.5,-27,0.471,0.7807,1.1667,416050,0.0337,0.0807,1.3867,"Phoenix-Mesa-Glendale, AZ Metropolitan Statistical Area","Phoenix, AZ"
2020-01-01,85034,"phoenix, az",phoenix,az,12974,9496,NA,699,38.736283,46.97356615,30.49899924,87.5,0.087,7,0.0736,6,2,0.5897,0.4253,0.7126,250050,0.0526,0,0.8333,"Phoenix-Mesa-Glendale, AZ Metropolitan Statistical Area","Phoenix, AZ"
2020-01-01,85023,"phoenix, az",phoenix,az,2086,926,-690,2305,87.311064,94.64421285,79.97791428,44.5,0.2714,9.5,-0.1359,-7,-41,0.0648,0.6335,1.5115,367500,0.1483,0.1575,1.2249,"Phoenix-Mesa-Glendale, AZ Metropolitan Statistical Area","Phoenix, AZ"
2020-01-01,85029,"phoenix, az",phoenix,az,1102,713,255,3706,89.243564,98.49541031,79.99171785,32.5,-0.1216,-4.5,-0.3367,-16.5,-53,0.4293,0.9924,1.5115,242525,-0.028,0.0499,0.8083,"Phoenix-Mesa-Glendale, AZ Metropolitan Statistical Area","Phoenix, AZ"
2020-01-01,85031,"phoenix, az",phoenix,az,6014,2467,-1604,2474,75.967976,95.76230244,56.17364898,42,0.1831,6.5,-0.1683,-8.5,-43.5,-0.0265,0.4839,1.0575,225450,0.0695,0.1863,0.7513,"Phoenix-Mesa-Glendale, AZ Metropolitan Statistical Area","Phoenix, AZ"
2020-01-01,85003,"phoenix, az",phoenix,az,9001,3174,891,4159,71.799296,89.0123542,54.58623784,53,-0.1017,-6,-0.2933,-22,-32.5,0.3534,0.374,1.0345,485050,-0.0251,0.0063,1.6167,"Phoenix-Mesa-Glendale, AZ Metropolitan Statistical Area","Phoenix, AZ"
2020-01-01,85048,"phoenix, az",phoenix,az,2580,1222,-128,1932,84.698737,85.92725516,83.47021879,56.5,0.018,1,-0.0738,-4.5,-29,0.2069,0.5217,1.6092,534545,0.1634,0.3365,1.7817,"Phoenix-Mesa-Glendale, AZ Metropolitan Statistical Area","Phoenix, AZ"
2020-01-01,85009,"phoenix, az",phoenix,az,2815,1542,806,2196,82.158879,87.70101456,76.61674374,54.5,-0.0439,-2.5,0.09,4.5,-31,0.4503,0.6871,1.4253,185045,0.028,0.0278,0.6167,"Phoenix-Mesa-Glendale, AZ Metropolitan Statistical Area","Phoenix, AZ"
2020-01-01,85041,"phoenix, az",phoenix,az,1098,708,-539,2176,89.295327,93.91262337,84.67803161,46,0.2958,10.5,-0.1402,-7.5,-39.5,0.0996,0.659,1.6494,317050,0.0959,0.346,1.0567,"Phoenix-Mesa-Glendale, AZ Metropolitan Statistical Area","Phoenix, AZ"
2020-01-01,85085,"phoenix, az",phoenix,az,5409,5860,-757,-57,57.405618,71.11601905,43.69521706,69,0.1597,9.5,0.0781,5,-16.5,0.3217,0.1429,0.8736,456065,0.0014,0.1055,1.5201,"Phoenix-Mesa-Glendale, AZ Metropolitan Statistical Area","Phoenix, AZ"
2020-01-01,85014,"phoenix, az",phoenix,az,2792,6175,-1882,566,55.880323,60.47346263,51.28718338,77,0.1579,10.5,0.1407,9.5,-8.5,0.125,0.4016,0.9828,430045,0.1025,0.2375,1.4333,"Phoenix-Mesa-Glendale, AZ Metropolitan Statistical Area","Phoenix, AZ"
2020-01-01,85051,"phoenix, az",phoenix,az,1860,1755,-110,1997,80.740562,96.36275795,65.11836566,40.5,-0.0581,-2.5,-0.1735,-8.5,-45,0.284,0.4345,1.1954,235000,0.0215,0.0743,0.7832,"Phoenix-Mesa-Glendale, AZ Metropolitan Statistical Area","Phoenix, AZ"
2020-01-01,85019,"phoenix, az",phoenix,az,6465,3091,-1483,134,72.285872,95.11353441,49.45820968,43.5,0.1918,7,0.1757,6.5,-42,0.0637,0.1361,0.9598,230050,2e-4,0.1372,0.7667,"Phoenix-Mesa-Glendale, AZ Metropolitan Statistical Area","Phoenix, AZ"
2020-01-01,85054,"phoenix, az",phoenix,az,10739,4128,-102,5518,66.388295,85.49934433,47.27724481,57,0.1633,8,-0.2349,-17.5,-28.5,0.4123,0.9877,0.9253,370050,-0.0621,0.0452,1.2334,"Phoenix-Mesa-Glendale, AZ Metropolitan Statistical Area","Phoenix, AZ"
2020-01-01,85012,"phoenix, az",phoenix,az,10259,10995,-55,-3404,29.608669,11.96769963,47.24963766,141,0.175,21,0.8675,65.5,55.5,0.3761,0.2677,0.9253,483550,0.1403,0.0359,1.6117,"Phoenix-Mesa-Glendale, AZ Metropolitan Statistical Area","Phoenix, AZ"
2020-01-01,85022,"phoenix, az",phoenix,az,383,2696,277,711,74.539306,63.49644558,85.58216578,74.5,0.192,12,0.4057,21.5,-11,0.7035,0.8428,1.6839,430050,0.0438,0.4102,1.4334,"Phoenix-Mesa-Glendale, AZ Metropolitan Statistical Area","Phoenix, AZ"
2020-01-01,85033,"phoenix, az",phoenix,az,2034,1016,1479,1939,86.362068,98.64724964,74.07688591,31.5,-0.37,-18.5,-0.087,-3,-54,0.5973,0.5762,1.3678,221000,0.0048,0.1389,0.7365,"Phoenix-Mesa-Glendale, AZ Metropolitan Statistical Area","Phoenix, AZ"
2020-01-01,85037,"phoenix, az",phoenix,az,2275,485,6,1583,91.714404,95.95555249,87.47325557,41.5,0.0247,1,-0.0119,-0.5,-44,0.354,0.7095,1.7586,230050,0.0384,0.0673,0.7667,"Phoenix-Mesa-Glendale, AZ Metropolitan Statistical Area","Phoenix, AZ"
2020-01-01,85045,"phoenix, az",phoenix,az,11338,2636,-857,2934,74.867141,80.57146801,69.16281317,61.5,0.1284,7,0.0885,5,-24,0.2011,0.8115,1.2701,417050,0.04,-0.1402,1.39,"Phoenix-Mesa-Glendale, AZ Metropolitan Statistical Area","Phoenix, AZ"
2020-01-01,85043,"phoenix, az",phoenix,az,3841,3161,-536,2,71.861412,82.89046863,60.83235558,59.5,0.2396,11.5,0.0917,5,-26,0.3803,0.1667,1.1264,248500,0.0354,0.1042,0.8282,"Phoenix-Mesa-Glendale, AZ Metropolitan Statistical Area","Phoenix, AZ"
2020-01-01,85050,"phoenix, az",phoenix,az,3420,2096,240,802,78.269722,78.28007454,78.25936918,63.5,0.0948,5.5,0.2828,14,-22,0.4571,0.5455,1.4655,474950,0.0856,0.1513,1.583,"Phoenix-Mesa-Glendale, AZ Metropolitan Statistical Area","Phoenix, AZ"
