rltr_market_hotness_msa_phoenix.csv
month_date_yyyymm,postal_code,zip_name,city,state,nielsen_hh_rank,hotness_rank,hotness_rank_mm,hotness_rank_yy,hotness_score,supply_score,demand_score,median_days_on_market,median_days_on_market_mm,median_dom_mm_day,median_days_on_market_yy,median_dom_yy_day,median_dom_vs_us,ldpviews_per_property_mm,ldpviews_per_property_yy,ldpviews_per_property_vs_us,median_listing_price,median_listing_price_mm,median_listing_price_yy,median_listing_price_vs_us,cbsa_name,cbsa_zip_name
2020-01-01,85015,"phoenix, az",phoenix,az,1925,5932,-2226,459,57.132997,62.28173097,51.98426392,75.5,0.3727,20.5,0.1705,11,-10,0.3206,0.418,0.9943,271000,0.0522,0.063,0.9032,"Phoenix-Mesa-Glendale, AZ Metropolitan Statistical Area","Phoenix, AZ"
2020-01-01,85013,"phoenix, az",phoenix,az,4529,3914,-1710,2232,67.475326,78.98405687,55.96659535,63,0.125,7,0.0328,2,-22.5,0.064,0.525,1.0517,369000,0.0409,0.0572,1.2299,"Phoenix-Mesa-Glendale, AZ Metropolitan Statistical Area","Phoenix, AZ"
2020-01-01,85017,"phoenix, az",phoenix,az,3244,1414,219,3263,83.245911,91.62813169,74.8636897,49.5,0,0,-0.2443,-16,-36,0.3693,0.5253,1.3851,205050,-0.0139,0.0968,0.6833,"Phoenix-Mesa-Glendale, AZ Metropolitan Statistical Area","Phoenix, AZ"
2020-01-01,85083,"phoenix, az",phoenix,az,6714,442,214,5155,92.173373,93.91262337,90.43412244,46,0.0575,2.5,-0.3784,-28,-39.5,0.5278,1.0245,1.8966,459499.5,0.1071,0.0563,1.5315,"Phoenix-Mesa-Glendale, AZ Metropolitan Statistical Area","Phoenix, AZ"
2020-01-01,85027,"phoenix, az",phoenix,az,1540,96,-24,1501,97.211678,98.64724964,95.77610601,31.5,-0.125,-4.5,-0.4324,-24,-54,0.3225,0.8206,2.3333,257550,0.0302,0.0323,0.8583,"Phoenix-Mesa-Glendale, AZ Metropolitan Statistical Area","Phoenix, AZ"
2020-01-01,85016,"phoenix, az",phoenix,az,1068,7029,-953,1643,51.808268,53.91676444,49.69977224,82,0.1389,10,0.0513,4,-3.5,0.2652,0.4911,0.9598,570050,0.1176,0.2445,1.9,"Phoenix-Mesa-Glendale, AZ Metropolitan Statistical Area","Phoenix, AZ"
2020-01-01,85007,"phoenix, az",phoenix,az,8167,2693,-721,2889,74.549658,83.47712057,65.62219615,59,0.2553,12,-0.0635,-4,-26.5,0.3291,0.5556,1.2069,421550,0.1974,0.0537,1.405,"Phoenix-Mesa-Glendale, AZ Metropolitan Statistical Area","Phoenix, AZ"
2020-01-01,85044,"phoenix, az",phoenix,az,967,766,-122,2255,88.701774,86.52771068,90.87583684,56,0.1089,5.5,-0.0968,-6,-29.5,0.3254,0.7579,1.9195,440000,0.1026,0.3643,1.4665,"Phoenix-Mesa-Glendale, AZ Metropolitan Statistical Area","Phoenix, AZ"
2019-12-01,85020,"phoenix, az",phoenix,az,1569,4462,-37,149,65.95435,68.21700298,63.69169699,67,0.1754,10,0.1754,10,-12,-0.057,0.2845,1.1288,342550,0.0163,0.0538,1.1419,"Phoenix-Mesa-Glendale, AZ Metropolitan Statistical Area","Phoenix, AZ"
2019-12-01,85003,"phoenix, az",phoenix,az,9001,4065,4177,1519,67.902746,80.25140589,55.55408535,59,-0.2532,-20,-0.0781,-5,-20,-0.0764,0.1466,1.0076,497525,0.0815,0.0364,1.6585,"Phoenix-Mesa-Glendale, AZ Metropolitan Statistical Area","Phoenix, AZ"
2019-12-01,85018,"phoenix, az",phoenix,az,1254,4620,1162,907,65.130665,60.75421766,69.50711214,72,0.125,8,0.0746,5,-7,0.0658,0.3065,1.2273,849050,-0.0297,0.171,2.8305,"Phoenix-Mesa-Glendale, AZ Metropolitan Statistical Area","Phoenix, AZ"
2019-12-01,85029,"phoenix, az",phoenix,az,1102,968,94,2417,87.853126,98.43863712,77.26761495,37,0.1563,5,-0.1395,-6,-42,-0.0417,0.614,1.3939,249500,0.0182,0.0752,0.8316,"Phoenix-Mesa-Glendale, AZ Metropolitan Statistical Area","Phoenix, AZ"
2019-12-01,85048,"phoenix, az",phoenix,az,2580,1094,326,1617,86.787959,84.73701621,88.83890175,55.5,0.2333,10.5,-0.0089,-0.5,-23.5,0.1048,0.5676,1.7576,459450,0.0684,0.1935,1.5316,"Phoenix-Mesa-Glendale, AZ Metropolitan Statistical Area","Phoenix, AZ"
2019-12-01,85054,"phoenix, az",phoenix,az,10739,4026,1356,2761,68.164075,91.28018525,45.0479656,49,-0.0755,-4,-0.0926,-5,-30,-0.1094,0.425,0.8636,394550,-0.0585,0.1144,1.3152,"Phoenix-Mesa-Glendale, AZ Metropolitan Statistical Area","Phoenix, AZ"
2019-12-01,85019,"phoenix, az",phoenix,az,6465,1608,186,1422,82.818392,98.57757195,67.0592127,36.5,0.0139,0.5,-0.1705,-7.5,-42.5,-0.0542,0.2869,1.1894,230000,0.0224,0.1555,0.7666,"Phoenix-Mesa-Glendale, AZ Metropolitan Statistical Area","Phoenix, AZ"
2019-12-01,85024,"phoenix, az",phoenix,az,4045,812,1610,3481,89.182931,97.60502812,80.76083361,38.5,-0.2143,-10.5,-0.23,-11.5,-40.5,0.0769,0.8148,1.4848,424550,0.1026,0.3922,1.4152,"Phoenix-Mesa-Glendale, AZ Metropolitan Statistical Area","Phoenix, AZ"
2019-12-01,85007,"phoenix, az",phoenix,az,8167,1972,239,1043,80.248098,92.98048296,67.51571287,47,-0.0208,-1,-0.0408,-2,-32,-0.1413,0.2344,1.197,352050,0.0203,-0.1412,1.1735,"Phoenix-Mesa-Glendale, AZ Metropolitan Statistical Area","Phoenix, AZ"
2019-12-01,85031,"phoenix, az",phoenix,az,6014,863,3971,2934,88.772742,98.94144889,78.60403573,35.5,-0.3772,-21.5,-0.0658,-2.5,-43.5,0.26,0.8173,1.4318,210800,-0.0059,0.0813,0.7026,"Phoenix-Mesa-Glendale, AZ Metropolitan Statistical Area","Phoenix, AZ"
2019-12-01,85033,"phoenix, az",phoenix,az,2034,2495,-446,283,76.91697,90.21501819,63.6189216,50,0.3514,13,0.7241,21,-29,-0.0687,0.2627,1.1288,219950,0.0228,0.1022,0.7331,"Phoenix-Mesa-Glendale, AZ Metropolitan Statistical Area","Phoenix, AZ"
2019-12-01,85043,"phoenix, az",phoenix,az,3841,2625,-795,619,76.16606,92.14025802,60.19186239,48,0.2,8,-0.04,-2,-31,-0.1744,0.127,1.0758,240000,7e-4,0.0765,0.8,"Phoenix-Mesa-Glendale, AZ Metropolitan Statistical Area","Phoenix, AZ"
2019-12-01,85044,"phoenix, az",phoenix,az,967,644,93,2667,90.783989,89.71882236,91.84915647,50.5,0.2317,9.5,-0.1984,-12.5,-28.5,0.0769,0.6364,1.9091,399050,0.0364,0.2292,1.3302,"Phoenix-Mesa-Glendale, AZ Metropolitan Statistical Area","Phoenix, AZ"
2019-12-01,85050,"phoenix, az",phoenix,az,3420,2336,-545,510,77.86305,81.56136288,74.16473702,58,0.2083,10,0.1837,9,-21,-0.125,0.3462,1.3258,437500,0.0075,0.0293,1.4584,"Phoenix-Mesa-Glendale, AZ Metropolitan Statistical Area","Phoenix, AZ"
2019-12-01,85013,"phoenix, az",phoenix,az,4529,2204,1536,3071,78.627192,84.20774065,73.04664241,56,0.2444,11,-0.0175,-1,-23,0.2647,0.6226,1.303,354500,0.0428,-0.0289,1.1817,"Phoenix-Mesa-Glendale, AZ Metropolitan Statistical Area","Phoenix, AZ"
2019-12-01,85015,"phoenix, az",phoenix,az,1925,3706,-1594,1527,69.947072,85.29275554,54.60138935,55,0.4474,17,0.1224,6,-24,-0.1813,0.4239,0.9924,257549.5,0.0102,-0.0092,0.8585,"Phoenix-Mesa-Glendale, AZ Metropolitan Statistical Area","Phoenix, AZ"
2019-12-01,85041,"phoenix, az",phoenix,az,1098,169,272,1853,95.947734,98.94144889,92.95401919,35.5,0.1833,5.5,-0.2755,-13.5,-43.5,0.1348,0.7635,1.9773,289300,0.0713,0.2052,0.9643,"Phoenix-Mesa-Glendale, AZ Metropolitan Statistical Area","Phoenix, AZ"
2019-12-01,85053,"phoenix, az",phoenix,az,3586,884,119,2613,88.610652,97.60502812,79.61627522,38.5,0.0132,0.5,-0.2451,-12.5,-40.5,-0.0769,0.5484,1.4545,259050,0.0078,0.0796,0.8635,"Phoenix-Mesa-Glendale, AZ Metropolitan Statistical Area","Phoenix, AZ"
2019-12-01,85022,"phoenix, az",phoenix,az,383,2973,-681,572,74.148197,75.17036057,73.12603374,62.5,0.3298,15.5,0.2755,13.5,-16.5,-0.0337,0.4576,1.303,412000,0.0429,0.3292,1.3734,"Phoenix-Mesa-Glendale, AZ Metropolitan Statistical Area","Phoenix, AZ"
2019-12-01,85014,"phoenix, az",phoenix,az,2792,4293,864,842,66.860734,68.85874959,64.86271915,66.5,0.1875,10.5,0.2091,11.5,-12.5,0.1014,0.4615,1.1515,390048.5,0.013,0.0863,1.3002,"Phoenix-Mesa-Glendale, AZ Metropolitan Statistical Area","Phoenix, AZ"
2019-12-01,85016,"phoenix, az",phoenix,az,1068,6076,536,2134,58.044988,60.75421766,55.33575918,72,0.1429,9,-0.0137,-1,-7,0,0.4043,1,510050,0.0099,0.1604,1.7003,"Phoenix-Mesa-Glendale, AZ Metropolitan Statistical Area","Phoenix, AZ"
2019-12-01,85042,"phoenix, az",phoenix,az,2049,2241,-552,-484,78.36917,86.90704598,69.83129342,53.5,0.3375,13.5,0.1889,8.5,-25.5,-0.0739,0.0867,1.2348,337500,-0.0626,0.184,1.125,"Phoenix-Mesa-Glendale, AZ Metropolitan Statistical Area","Phoenix, AZ"
2019-12-01,85006,"phoenix, az",phoenix,az,4953,5334,866,2468,61.521667,72.79523652,50.24809792,64,0.3061,15,0,0,-15,0.2059,0.5,0.9318,326800,-0.0341,0.0713,1.0894,"Phoenix-Mesa-Glendale, AZ Metropolitan Statistical Area","Phoenix, AZ"
2019-12-01,85008,"phoenix, az",phoenix,az,407,1842,-154,6734,80.975852,91.71683758,70.23486603,48.5,0.1548,6.5,-0.3446,-25.5,-30.5,-0.0989,0.7826,1.2424,354550,0.1116,0.3009,1.1819,"Phoenix-Mesa-Glendale, AZ Metropolitan Statistical Area","Phoenix, AZ"
2019-12-01,85085,"phoenix, az",phoenix,az,5409,5103,-631,1035,62.639762,79.50380417,45.77571948,59.5,0.2935,13.5,-0.0556,-3.5,-19.5,-0.0726,0.1058,0.8712,455412.5,0.017,0.059,1.5181,"Phoenix-Mesa-Glendale, AZ Metropolitan Statistical Area","Phoenix, AZ"
2019-12-01,85045,"phoenix, az",phoenix,az,11338,1779,-258,3212,81.46874,85.79556732,77.14191201,54.5,0.2386,10.5,0.09,4.5,-24.5,-0.08,0.8776,1.3939,401000,-0.01,-0.1733,1.3367,"Phoenix-Mesa-Glendale, AZ Metropolitan Statistical Area","Phoenix, AZ"
2019-12-01,85028,"phoenix, az",phoenix,az,5310,3269,41,585,72.408204,73.49652663,71.31988091,63.5,0.27,13.5,0.1981,10.5,-15.5,0.0437,0.3689,1.2652,435000,0.0115,0.0295,1.4501,"Phoenix-Mesa-Glendale, AZ Metropolitan Statistical Area","Phoenix, AZ"
2019-12-01,85051,"phoenix, az",phoenix,az,1860,1645,780,2130,82.477671,95.63347668,69.3218657,43,0.0488,2,0.1316,5,-36,0.0385,0.5577,1.2273,230050,0.0137,0.0459,0.7668,"Phoenix-Mesa-Glendale, AZ Metropolitan Statistical Area","Phoenix, AZ"
2019-12-01,85012,"phoenix, az",phoenix,az,10259,10940,437,-6257,32.256037,17.76381078,46.74826331,120,0.1429,15,1.1818,65,41,-0.0085,0.0446,0.8864,424050,0.0761,-0.0578,1.4136,"Phoenix-Mesa-Glendale, AZ Metropolitan Statistical Area","Phoenix, AZ"
2019-12-01,85032,"phoenix, az",phoenix,az,90,297,280,1478,94.297056,95.63347668,92.96063513,43,0.0488,2,0.0238,1,-36,0.0357,0.8125,1.9773,312500,0.0244,0.0591,1.0417,"Phoenix-Mesa-Glendale, AZ Metropolitan Statistical Area","Phoenix, AZ"
2019-12-01,85035,"phoenix, az",phoenix,az,2967,3007,-583,89,73.929871,91.71683758,56.1429044,48.5,0.3108,11.5,0.1548,6.5,-30.5,-0.1067,0.1356,1.0152,212200,-0.004,0.0879,0.7073,"Phoenix-Mesa-Glendale, AZ Metropolitan Statistical Area","Phoenix, AZ"
2019-12-01,85023,"phoenix, az",phoenix,az,2086,236,570,2984,95.067813,99.047304,91.08832286,35,-0.0278,-1,-0.2857,-14,-44,0.1542,0.9919,1.8712,320050,0.0031,0.1636,1.0668,"Phoenix-Mesa-Glendale, AZ Metropolitan Statistical Area","Phoenix, AZ"
2019-12-01,85037,"phoenix, az",phoenix,az,2275,491,578,1026,92.262653,96.70525968,87.82004631,40.5,0.1571,5.5,0.125,4.5,-38.5,0.15310000000000001,0.527,1.7121,221550,-0.0365,0.0547,0.7385,"Phoenix-Mesa-Glendale, AZ Metropolitan Statistical Area","Phoenix, AZ"
2019-12-01,85017,"phoenix, az",phoenix,az,3244,1633,341,1651,82.57691,90.76414158,74.38967913,49.5,0.7069,20.5,0.0313,1.5,-29.5,0.1429,0.4426,1.3333,207950,-0.01,0.0772,0.6931,"Phoenix-Mesa-Glendale, AZ Metropolitan Statistical Area","Phoenix, AZ"
2019-12-01,85009,"phoenix, az",phoenix,az,2815,2348,-76,833,77.780351,82.92424744,72.63645385,57,0.1875,9,0.3256,14,-22,-0.0604,0.4492,1.2955,180000,3e-4,0.0053,0.5999,"Phoenix-Mesa-Glendale, AZ Metropolitan Statistical Area","Phoenix, AZ"
2019-12-01,85004,"phoenix, az",phoenix,az,12132,4132,1575,5547,67.61826,75.17036057,60.06615944,62.5,0.1574,8.5,-0.328,-30.5,-16.5,0.1452,0.3148,1.0758,324994,-0.0443,-0.0714,1.0833,"Phoenix-Mesa-Glendale, AZ Metropolitan Statistical Area","Phoenix, AZ"
2019-12-01,85027,"phoenix, az",phoenix,az,1540,72,87,700,97.644724,98.76281839,96.52662918,36,0.44,11,0,0,-43,0.1204,0.7644,2.3258,250000,-0.0198,0.0119,0.8333,"Phoenix-Mesa-Glendale, AZ Metropolitan Statistical Area","Phoenix, AZ"
2019-12-01,85021,"phoenix, az",phoenix,az,1551,4322,99,2739,66.708568,75.17036057,58.24677473,62.5,0.2255,11.5,-0.0079,-0.5,-16.5,0,0.5333,1.0455,402500,-0.187,0.0619,1.3417,"Phoenix-Mesa-Glendale, AZ Metropolitan Statistical Area","Phoenix, AZ"
2019-12-01,85083,"phoenix, az",phoenix,az,6714,656,757,5492,90.651671,95.37545485,85.92788621,43.5,-0.0938,-4.5,-0.3696,-25.5,-35.5,-0.027,0.8305,1.6364,415050,-0.0776,0,1.3836,"Phoenix-Mesa-Glendale, AZ Metropolitan Statistical Area","Phoenix, AZ"
2019-12-01,85040,"phoenix, az",phoenix,az,4774,469,485,1788,92.464439,96.96328151,87.96559709,40,0.1765,6,-0.0909,-4,-39,0.135,0.6691,1.7197,226050,0.0044,0.1305,0.7535,"Phoenix-Mesa-Glendale, AZ Metropolitan Statistical Area","Phoenix, AZ"
2019-11-01,85051,"phoenix, az",phoenix,az,1860,2425,-1165,1183,78.091134,91.97667786,64.20558971,41,0.3443,10.5,0.3898,11.5,-29,-0.1789,0.4444,1.1471,226950,-0.0013,0.0316,0.7343,"Phoenix-Mesa-Glendale, AZ Metropolitan Statistical Area","Phoenix, AZ"
2019-11-01,85045,"phoenix, az",phoenix,az,11338,1521,-628,3559,83.836111,87.78122821,79.89099436,44,1.2564,24.5,-0.0435,-2,-26,0.0152,0.8519,1.4706,405050,-0.058,-0.1995,1.3107,"Phoenix-Mesa-Glendale, AZ Metropolitan Statistical Area","Phoenix, AZ"
2019-11-01,85028,"phoenix, az",phoenix,az,5310,3310,317,123,72.970404,79.82128145,66.11952595,50,0.1111,5,0.0101,0.5,-20,0.0191,0.1189,1.1765,430050,2e-4,-0.0092,1.3916,"Phoenix-Mesa-Glendale, AZ Metropolitan Statistical Area","Phoenix, AZ"
2019-11-01,85050,"phoenix, az",phoenix,az,3420,1791,598,2410,81.928513,83.73154192,80.12548324,48,0.1294,5.5,-0.0303,-1.5,-22,0.105,0.5504,1.4706,434250,-0.0661,0.0098,1.4052,"Phoenix-Mesa-Glendale, AZ Metropolitan Statistical Area","Phoenix, AZ"
2019-11-01,85037,"phoenix, az",phoenix,az,2275,1069,-442,612,87.489702,96.19114012,78.78826288,35,0.5909,13,0.4286,10.5,-35,-0.0798,0.3803,1.4412,229950,0.036,0.0896,0.744,"Phoenix-Mesa-Glendale, AZ Metropolitan Statistical Area","Phoenix, AZ"
2019-11-01,85017,"phoenix, az",phoenix,az,3244,1974,-729,-286,80.825781,98.54236644,63.10919577,29,0.1154,3,0.0943,2.5,-41,-0.1676,0.0769,1.1324,210050,0,0.1052,0.6796,"Phoenix-Mesa-Glendale, AZ Metropolitan Statistical Area","Phoenix, AZ"
2019-11-01,85012,"phoenix, az",phoenix,az,10259,11377,686,-8876,32.286583,19.85550415,44.71766272,105,0.1864,16.5,1.8378,68,35,0.1919,-0.1259,0.8676,394050,-0.0266,-0.1096,1.2751,"Phoenix-Mesa-Glendale, AZ Metropolitan Statistical Area","Phoenix, AZ"
2019-11-01,85040,"phoenix, az",phoenix,az,4774,954,237,2759,88.437163,96.97699474,79.8973319,34,0.283,7.5,-0.2688,-12.5,-36,0.0638,0.5267,1.4706,225050,0.0227,0.1363,0.7282,"Phoenix-Mesa-Glendale, AZ Metropolitan Statistical Area","Phoenix, AZ"
2019-11-01,85053,"phoenix, az",phoenix,az,3586,1003,147,1842,87.961848,93.85258888,82.07110717,38,0.434,11.5,0.0857,3,-32,0.0947,0.664,1.5294,257050,-0.0113,0.06,0.8317,"Phoenix-Mesa-Glendale, AZ Metropolitan Statistical Area","Phoenix, AZ"
2019-11-01,85083,"phoenix, az",phoenix,az,6714,1413,703,4388,84.656822,83.73154192,85.58210279,48,0.1429,6,-0.0857,-4.5,-22,0.1684,1.0182,1.6324,449950,0.0065,0.0988,1.456,"Phoenix-Mesa-Glendale, AZ Metropolitan Statistical Area","Phoenix, AZ"
2019-11-01,85048,"phoenix, az",phoenix,az,2580,1420,-118,1241,84.609291,86.47569554,82.74288611,45,0.1688,6.5,0.0345,1.5,-25,-0.0047,0.4583,1.5441,430050,0.0013,0.1169,1.3916,"Phoenix-Mesa-Glendale, AZ Metropolitan Statistical Area","Phoenix, AZ"
2019-11-01,85014,"phoenix, az",phoenix,az,2792,5157,668,313,63.426073,70.76494074,56.08720451,56,0.1429,7,0.098,5,-14,0.104,0.2321,1.0147,385047,-0.0253,0.1009,1.2459,"Phoenix-Mesa-Glendale, AZ Metropolitan Statistical Area","Phoenix, AZ"
2019-11-01,85029,"phoenix, az",phoenix,az,1102,1062,807,1610,87.549908,97.49667279,77.60314342,32,-0.1688,-6.5,0.2075,5.5,-38,0.0267,0.5738,1.4118,245050,-0.0371,0.0492,0.7929,"Phoenix-Mesa-Glendale, AZ Metropolitan Statistical Area","Phoenix, AZ"
2019-11-01,85021,"phoenix, az",phoenix,az,1551,4421,1956,3265,67.066988,78.1101464,56.02382914,51,-0.0377,-2,-0.0973,-5.5,-19,0.0866,0.5333,1.0147,495050,0.0206,0.3749,1.6019,"Phoenix-Mesa-Glendale, AZ Metropolitan Statistical Area","Phoenix, AZ"
2019-11-01,85016,"phoenix, az",phoenix,az,1068,6612,735,1602,56.527663,60.01014006,53.04518664,63,0.1053,6,0.0413,2.5,-7,0.0909,0.4667,0.9706,505050,0.0203,0.148,1.6343,"Phoenix-Mesa-Glendale, AZ Metropolitan Statistical Area","Phoenix, AZ"
2019-11-01,85043,"phoenix, az",phoenix,az,3841,1830,3248,956,81.735218,92.59141897,70.87901641,40,-0.0909,-4,0.2698,8.5,-30,0.376,0.3984,1.2647,239827,-0.013,0.0521,0.776,"Phoenix-Mesa-Glendale, AZ Metropolitan Statistical Area","Phoenix, AZ"
2019-11-01,85004,"phoenix, az",phoenix,az,12132,5707,1045,3664,60.906902,73.965397050000007,47.84840611,54,0.0693,3.5,-0.3494,-29,-16,0.0783,0.0973,0.9118,340050,0.0625,0.0812,1.1003,"Phoenix-Mesa-Glendale, AZ Metropolitan Statistical Area","Phoenix, AZ"
2019-11-01,85015,"phoenix, az",phoenix,az,1925,2112,1192,3353,79.925851,93.85258888,65.99911274,38,0.1176,4,-0.1364,-6,-32,0.1679,0.6327,1.1765,254950,0.0966,-0.0557,0.8249,"Phoenix-Mesa-Glendale, AZ Metropolitan Statistical Area","Phoenix, AZ"
2019-11-01,85007,"phoenix, az",phoenix,az,8167,2211,3683,2820,79.377654,83.73154192,75.02376576,48,-0.1111,-6,-0.0588,-3,-22,0.3333,0.5462,1.3529,345050,0.0302,-0.0828,1.1165,"Phoenix-Mesa-Glendale, AZ Metropolitan Statistical Area","Phoenix, AZ"
2019-11-01,85008,"phoenix, az",phoenix,az,407,1688,1507,6098,82.543254,90.55073199,74.5357754,42,-0.0345,-1.5,-0.2759,-16,-28,0.1166,0.9783,1.3382,318950,0.006,0.143,1.032,"Phoenix-Mesa-Glendale, AZ Metropolitan Statistical Area","Phoenix, AZ"
2019-11-01,85031,"phoenix, az",phoenix,az,6014,4834,1768,490,65.032638,68.70524114,61.36003549,57,0.1875,9,0.6286,22,-13,0.3514,0.7241,1.1029,212050,0.0281,0.0877,0.6861,"Phoenix-Mesa-Glendale, AZ Metropolitan Statistical Area","Phoenix, AZ"
2019-11-01,85020,"phoenix, az",phoenix,az,1569,4425,292,466,67.044806,68.70524114,65.38437163,57,0.1515,7.5,0.1875,9,-13,0.0822,0.386,1.1618,337050,-0.0703,0.0371,1.0906,"Phoenix-Mesa-Glendale, AZ Metropolitan Statistical Area","Phoenix, AZ"
2019-11-01,85024,"phoenix, az",phoenix,az,4045,2422,-194,1270,78.110146,81.72888016,74.49141264,49,0.4627,15.5,0.1395,6,-21,0.1304,0.4797,1.3382,385050,-0.0065,0.279,1.246,"Phoenix-Mesa-Glendale, AZ Metropolitan Statistical Area","Phoenix, AZ"
