rltr_market_hotness_msa_phoenix.csv
month_date_yyyymm,postal_code,zip_name,city,state,nielsen_hh_rank,hotness_rank,hotness_rank_mm,hotness_rank_yy,hotness_score,supply_score,demand_score,median_days_on_market,median_days_on_market_mm,median_dom_mm_day,median_days_on_market_yy,median_dom_yy_day,median_dom_vs_us,ldpviews_per_property_mm,ldpviews_per_property_yy,ldpviews_per_property_vs_us,median_listing_price,median_listing_price_mm,median_listing_price_yy,median_listing_price_vs_us,cbsa_name,cbsa_zip_name
2019-11-01,85006,"phoenix, az",phoenix,az,4953,6200,-856,1330,58.485962,81.72888016,35.24304455,49,0.2727,10.5,-0.0926,-5,-21,-0.0642,0.1591,0.75,338350,-0.016,0.0757,1.0948,"Phoenix-Mesa-Glendale, AZ Metropolitan Statistical Area","Phoenix, AZ"
2019-11-01,85032,"phoenix, az",phoenix,az,90,577,616,2183,91.488687,91.97667786,91.00069713,41,0.1081,4,-0.0682,-3,-29,0.1943,0.7622,1.8529,305050,-0.0081,0.0209,0.9871,"Phoenix-Mesa-Glendale, AZ Metropolitan Statistical Area","Phoenix, AZ"
2019-11-01,85035,"phoenix, az",phoenix,az,2967,2424,-61,231,78.094303,94.62576843,61.56283668,37,0.2982,8.5,-0.075,-3,-33,0,0.0949,1.1029,213050,0.0143,0.0923,0.6893,"Phoenix-Mesa-Glendale, AZ Metropolitan Statistical Area","Phoenix, AZ"
2019-11-01,85019,"phoenix, az",phoenix,az,6465,1794,-974,1946,81.893655999999993,95.35458521,68.43272704,36,0.8462,16.5,0.0909,3,-34,-0.17,0.5229,1.2206,224950,0.011,0.1203,0.7278,"Phoenix-Mesa-Glendale, AZ Metropolitan Statistical Area","Phoenix, AZ"
2019-11-01,85018,"phoenix, az",phoenix,az,1254,5782,1117,57,60.444261,58.1278915,62.76063122,64,0.0579,3.5,0.0847,5,-6,0.1095,0.2358,1.1176,875050,0.0517,0.2289,2.8317,"Phoenix-Mesa-Glendale, AZ Metropolitan Statistical Area","Phoenix, AZ"
2019-11-01,85054,"phoenix, az",phoenix,az,10739,5382,-557,813,62.405729,74.54211293,50.26934533,53,0.325,13,0.359,14,-17,0.0579,0.6,0.9412,419050,-0.0684,0.2164,1.356,"Phoenix-Mesa-Glendale, AZ Metropolitan Statistical Area","Phoenix, AZ"
2019-11-01,85042,"phoenix, az",phoenix,az,2049,1689,-218,749,82.533747,92.59141897,72.4760758,40,0.5385,14,0,0,-30,0.0057,0.2482,1.2941,360050,0.0214,0.2859,1.165,"Phoenix-Mesa-Glendale, AZ Metropolitan Statistical Area","Phoenix, AZ"
2019-11-01,85023,"phoenix, az",phoenix,az,2086,806,325,3044,89.517713,95.35458521,83.68084162,36,0,0,-0.04,-1.5,-34,0.0142,0.9107,1.5735,319050,-0.0548,0.16,1.0324,"Phoenix-Mesa-Glendale, AZ Metropolitan Statistical Area","Phoenix, AZ"
2019-11-01,85013,"phoenix, az",phoenix,az,4529,3740,1157,3666,70.61284,86.47569554,54.74998416,45,-0.0323,-1.5,-0.2857,-18,-25,0.0149,0.2593,1,339950,0.041,-0.0556,1.1,"Phoenix-Mesa-Glendale, AZ Metropolitan Statistical Area","Phoenix, AZ"
2019-11-01,85027,"phoenix, az",phoenix,az,1540,159,140,1104,96.378097,99.3028709,93.45332404,25,-0.1803,-5.5,-0.2857,-10,-45,0,0.681,2.0147,255050,0.0212,0.057,0.8252,"Phoenix-Mesa-Glendale, AZ Metropolitan Statistical Area","Phoenix, AZ"
2019-11-01,85041,"phoenix, az",phoenix,az,1098,441,197,3929,92.74352,98.20647696,87.28056277,30,0.0909,2.5,-0.2857,-12,-40,0.055,1.0721,1.6912,270050,-0.0526,0.0854,0.8738,"Phoenix-Mesa-Glendale, AZ Metropolitan Statistical Area","Phoenix, AZ"
2019-11-01,85009,"phoenix, az",phoenix,az,2815,2272,165,-246,79.048102,83.73154192,74.36466189,48,0.2973,11,0.3714,13,-22,0.1166,0.2817,1.3382,179950,8e-4,0.0135,0.5822,"Phoenix-Mesa-Glendale, AZ Metropolitan Statistical Area","Phoenix, AZ"
2019-11-01,85022,"phoenix, az",phoenix,az,383,2292,-265,1493,78.883326,84.53007161,73.23658026,47,0.175,7,0.0444,2,-23,-0.0481,0.4127,1.3088,395050,-0.0232,0.2539,1.2783,"Phoenix-Mesa-Glendale, AZ Metropolitan Statistical Area","Phoenix, AZ"
2019-11-01,85044,"phoenix, az",phoenix,az,967,737,530,1939,89.999366,91.97667786,88.02205463,41,0.0649,2.5,-0.1546,-7.5,-29,0.0986,0.4904,1.7206,385050,0.0132,0.1848,1.246,"Phoenix-Mesa-Glendale, AZ Metropolitan Statistical Area","Phoenix, AZ"
2019-11-01,85085,"phoenix, az",phoenix,az,5409,4472,-415,1589,66.82933,85.12580011,48.53286013,46,0.4154,13.5,-0.1238,-6.5,-24,0.0333,0.1698,0.9118,447795,-0.0222,0.0535,1.449,"Phoenix-Mesa-Glendale, AZ Metropolitan Statistical Area","Phoenix, AZ"
2019-11-01,85003,"phoenix, az",phoenix,az,9001,8242,2762,-2423,48.932125,39.12161734,58.74263261,79,-0.0595,-5,0.4107,23,9,0.2743,0.2308,1.0588,460050,0.0354,-0.0506,1.4887,"Phoenix-Mesa-Glendale, AZ Metropolitan Statistical Area","Phoenix, AZ"
2019-11-01,85033,"phoenix, az",phoenix,az,2034,2049,1001,436,80.315609,94.62576843,66.00545028,37,0.0278,1,0.48,12,-33,0.1034,0.28,1.1765,215050,0.0265,0.0755,0.6958,"Phoenix-Mesa-Glendale, AZ Metropolitan Statistical Area","Phoenix, AZ"
2019-10-01,85031,"phoenix, az",phoenix,az,6014,6602,1245,-3155,57.446543,76.69097937,38.2021071,48,-0.1864,-11,0.2632,10,-18,-0.112,-0.1654,0.7872,206250,0.0315,0.0968,0.6611,"Phoenix-Mesa-Glendale, AZ Metropolitan Statistical Area","Phoenix, AZ"
2019-10-01,85083,"phoenix, az",phoenix,az,6714,2116,1809,3809,80.26931,85.14431769,75.3943021,42,-0.215,-11.5,-0.2294,-12.5,-24,0.0615,0.5079,1.3475,447045,-0.0067,0.1224,1.4331,"Phoenix-Mesa-Glendale, AZ Metropolitan Statistical Area","Phoenix, AZ"
2019-10-01,85019,"phoenix, az",phoenix,az,6465,820,-300,687,89.196434,99.72570289,78.66716539,19.5,-0.2909,-8,-0.339,-10,-46.5,-0.0431,0.2346,1.4184,222500,0.0169,0.1153,0.7132,"Phoenix-Mesa-Glendale, AZ Metropolitan Statistical Area","Phoenix, AZ"
2019-10-01,85017,"phoenix, az",phoenix,az,3244,1245,106,1630,86.045134,98.53500405,73.55526463,26,-0.1875,-6,-0.4091,-18,-40,-0.0657,0.1709,1.3121,210050,0.0396,0.1052,0.6733,"Phoenix-Mesa-Glendale, AZ Metropolitan Statistical Area","Phoenix, AZ"
2019-10-01,85012,"phoenix, az",phoenix,az,10259,12063,-2197,-7381,29.262515,27.32373293,31.20129668,88.5,0.1879,14,0.5128,30,22.5,-0.1885,-0.3813,0.7021,404800,0.005,-0.08,1.2977,"Phoenix-Mesa-Glendale, AZ Metropolitan Statistical Area","Phoenix, AZ"
2019-10-01,85006,"phoenix, az",phoenix,az,4953,5344,468,2657,63.184964,89.18396609,37.18596098,38.5,-0.2376,-12,-0.2143,-10.5,-27.5,-0.1349,0.3133,0.773,343850,0.0358,0.0371,1.1023,"Phoenix-Mesa-Glendale, AZ Metropolitan Statistical Area","Phoenix, AZ"
2019-10-01,85045,"phoenix, az",phoenix,az,11338,893,668,2939,88.697712,99.72570289,77.66972134,19.5,-0.5125,-20.5,-0.4429,-15.5,-46.5,0.0155,0.6417,1.3972,430000,-0.0802,-0.1349,1.3785,"Phoenix-Mesa-Glendale, AZ Metropolitan Statistical Area","Phoenix, AZ"
2019-10-01,85015,"phoenix, az",phoenix,az,1925,3304,-1098,2527,73.66436,93.97169753,53.35702263,34,0.1333,4,-0.2609,-12,-32,-0.0616,0.2569,0.9716,232500,-0.1389,-0.139,0.7453,"Phoenix-Mesa-Glendale, AZ Metropolitan Statistical Area","Phoenix, AZ"
2019-10-01,85033,"phoenix, az",phoenix,az,2034,3050,-1594,-1622,74.842591,92.11395798,57.57122374,36,0.6744,14.5,0.5319,12.5,-30,-0.2448,-0.0881,1.0284,209500,0.0143,0.1023,0.6715,"Phoenix-Mesa-Glendale, AZ Metropolitan Statistical Area","Phoenix, AZ"
2019-10-01,85040,"phoenix, az",phoenix,az,4774,1191,-705,753,86.48775,98.35421732,74.62128296,26.5,-0.0862,-2.5,-0.2319,-8,-39.5,-0.2263,0.1824,1.3333,220049,0.033,0.0912,0.7053,"Phoenix-Mesa-Glendale, AZ Metropolitan Statistical Area","Phoenix, AZ"
2019-10-01,85004,"phoenix, az",phoenix,az,12132,6752,-1173,5820,56.664173,72.74484134,40.58350477,50.5,0.2469,10,-0.5665,-66,-15.5,0.0455,0.0952,0.8156,320050,0.067,0.0162,1.026,"Phoenix-Mesa-Glendale, AZ Metropolitan Statistical Area","Phoenix, AZ"
2019-10-01,85020,"phoenix, az",phoenix,az,1569,4717,423,255,66.261455,74.38439,58.13852004,49.5,0.0206,1,0.0761,3.5,-16.5,0.058,0.1967,1.0355,362550,-0.0068,0.0986,1.1622,"Phoenix-Mesa-Glendale, AZ Metropolitan Statistical Area","Phoenix, AZ"
2019-10-01,85051,"phoenix, az",phoenix,az,1860,1260,1198,1183,85.91422,96.34686117,75.48157846,30.5,-0.0896,-3,-0.1974,-7.5,-35.5,0.1377,0.2338,1.3475,227250,0.0013,0.0283,0.7284,"Phoenix-Mesa-Glendale, AZ Metropolitan Statistical Area","Phoenix, AZ"
2019-10-01,85042,"phoenix, az",phoenix,az,2049,1471,142,217,84.346362,98.53500405,70.15772084,26,-0.1613,-5,-0.3247,-12.5,-40,-0.0489,-0.0057,1.2411,352500,0.1066,0.3299,1.13,"Phoenix-Mesa-Glendale, AZ Metropolitan Statistical Area","Phoenix, AZ"
2019-10-01,85048,"phoenix, az",phoenix,az,2580,1302,2798,4141,85.593168,89.18396609,82.00236893,38.5,-0.3186,-18,-0.3984,-25.5,-27.5,0.1405,0.3188,1.4965,429500,-0.0469,0.0944,1.3769,"Phoenix-Mesa-Glendale, AZ Metropolitan Statistical Area","Phoenix, AZ"
2019-10-01,85029,"phoenix, az",phoenix,az,1102,1869,-674,-19,81.721838,89.18396609,74.25970949,38.5,0.0405,1.5,0.3051,9,-27.5,-0.0788,0.2303,1.3262,254500,0.0079,0.1063,0.8158,"Phoenix-Mesa-Glendale, AZ Metropolitan Statistical Area","Phoenix, AZ"
2019-10-01,85013,"phoenix, az",phoenix,az,4529,4897,1867,1183,65.363755,78.84795212,51.87955863,46.5,-0.1389,-7.5,-0.1308,-7,-19.5,0.0308,0.1074,0.9504,326550,0.0551,-0.1321,1.0468,"Phoenix-Mesa-Glendale, AZ Metropolitan Statistical Area","Phoenix, AZ"
2019-10-01,85035,"phoenix, az",phoenix,az,2967,2363,-659,208,78.607942,97.46898572,59.74689857,28.5,0.0364,1,-0.3214,-13.5,-37.5,-0.1477,-0.0625,1.0638,210050,2e-4,0.0772,0.6733,"Phoenix-Mesa-Glendale, AZ Metropolitan Statistical Area","Phoenix, AZ"
2019-10-01,85016,"phoenix, az",phoenix,az,1068,7347,1295,1300,53.930553,63.300293,44.56081292,57,-0.088,-5.5,-0.042,-2.5,-9,0.0168,0.2872,0.8582,495000,0.0153,0.1061,1.5869,"Phoenix-Mesa-Glendale, AZ Metropolitan Statistical Area","Phoenix, AZ"
2019-10-01,85028,"phoenix, az",phoenix,az,5310,3627,-192,1433,71.893897,80.74932984,63.03846394,45,0.0588,2.5,-0.1509,-8,-21,0,0.146,1.1135,429950,0.026,-0.007,1.3783,"Phoenix-Mesa-Glendale, AZ Metropolitan Statistical Area","Phoenix, AZ"
2019-10-01,85024,"phoenix, az",phoenix,az,4045,2228,-885,983,79.536812,94.37067514,64.70294869,33.5,0.4889,11,-0.1625,-6.5,-32.5,-0.1105,0.1418,1.1418,387550,-0.019,0.2101,1.2424,"Phoenix-Mesa-Glendale, AZ Metropolitan Statistical Area","Phoenix, AZ"
2019-10-01,85008,"phoenix, az",phoenix,az,407,3195,174,3495,74.147497,82.78785612,65.50713796,43.5,0.2083,7.5,-0.0842,-4,-22.5,0.156,0.6465,1.156,317050,-0.0246,0.1354,1.0163,"Phoenix-Mesa-Glendale, AZ Metropolitan Statistical Area","Phoenix, AZ"
2019-10-01,85050,"phoenix, az",phoenix,az,3420,2389,-1054,918,78.439623,84.44610685,72.43314008,42.5,0.1972,7,-0.086,-4,-23.5,-0.1127,0.1753,1.2837,465000,0.061,-0.0411,1.4907,"Phoenix-Mesa-Glendale, AZ Metropolitan Statistical Area","Phoenix, AZ"
2019-10-01,85022,"phoenix, az",phoenix,az,383,2027,1809,2311,80.845957,87.27635434,74.41556013,40,-0.1837,-9,-0.1667,-8,-26,0.0625,0.365,1.3262,404430,-0.0541,0.2992,1.2965,"Phoenix-Mesa-Glendale, AZ Metropolitan Statistical Area","Phoenix, AZ"
2019-10-01,85023,"phoenix, az",phoenix,az,2086,1131,456,2863,87.020759,92.11395798,81.92756063,36,-0.04,-1.5,-0.2,-9,-30,0.0657,0.5401,1.4965,337550,0.0878,0.2342,1.0821,"Phoenix-Mesa-Glendale, AZ Metropolitan Statistical Area","Phoenix, AZ"
2019-10-01,85009,"phoenix, az",phoenix,az,2815,2437,-1260,-1379,78.187145,90.92949317,65.44479771,37,0.4231,11,0.0882,3,-29,-0.1421,-0.133,1.156,179800,-0.0514,0.0098,0.5763,"Phoenix-Mesa-Glendale, AZ Metropolitan Statistical Area","Phoenix, AZ"
2019-10-01,85085,"phoenix, az",phoenix,az,5409,4057,-52,745,69.549903,95.14992831,43.94987844,32.5,-0.1333,-5,-0.3011,-14,-33.5,-0.0909,-0.0476,0.8511,457965,-0.0099,0.0805,1.4681,"Phoenix-Mesa-Glendale, AZ Metropolitan Statistical Area","Phoenix, AZ"
2019-10-01,85044,"phoenix, az",phoenix,az,967,1267,-303,818,85.879933,89.18396609,82.57589926,38.5,0,0,-0.1444,-6.5,-27.5,-0.1235,0.1576,1.5106,380050,0.0026,0.1621,1.2183,"Phoenix-Mesa-Glendale, AZ Metropolitan Statistical Area","Phoenix, AZ"
2019-10-01,85043,"phoenix, az",phoenix,az,3841,5078,-296,-4285,64.394364,82.13328346,46.65544542,44,0,0,0.9556,21.5,-22,-0.0458,-0.3056,0.8865,242995,-0.0279,0.087,0.7789,"Phoenix-Mesa-Glendale, AZ Metropolitan Statistical Area","Phoenix, AZ"
2019-10-01,85037,"phoenix, az",phoenix,az,2275,627,-72,-61,90.982482,99.44517175,82.51979303,22,0,0,-0.3125,-10,-44,-0.0617,0,1.5106,221950,-0.0715,0.0384,0.7114,"Phoenix-Mesa-Glendale, AZ Metropolitan Statistical Area","Phoenix, AZ"
2019-10-01,85007,"phoenix, az",phoenix,az,8167,5894,3564,-2077,60.738109,67.71398292,53.76223427,54,-0.3292,-26.5,0.2857,12,-12,-0.035,0.0299,0.9787,334940,-0.0946,-0.0631,1.0737,"Phoenix-Mesa-Glendale, AZ Metropolitan Statistical Area","Phoenix, AZ"
2019-10-01,85041,"phoenix, az",phoenix,az,1098,638,38,685,90.857802,97.96770775,83.74789602,27.5,-0.127,-4,-0.0179,-0.5,-38.5,-0.0917,0.3212,1.5461,285045,-0.0078,0.1494,0.9137,"Phoenix-Mesa-Glendale, AZ Metropolitan Statistical Area","Phoenix, AZ"
2019-10-01,85054,"phoenix, az",phoenix,az,10739,4825,627,346,65.790786,87.27635434,44.30521788,40,0,0,0.0959,3.5,-26,0.0901,0.1863,0.8582,449800,-0.0534,0.2566,1.442,"Phoenix-Mesa-Glendale, AZ Metropolitan Statistical Area","Phoenix, AZ"
2019-10-01,85003,"phoenix, az",phoenix,az,9001,11004,1922,-2733,35.368743,31.29480706,39.44267814,84,-0.1765,-18,0.1831,13,18,0.0273,-0.096,0.8014,444300,0.0603,-0.0598,1.4243,"Phoenix-Mesa-Glendale, AZ Metropolitan Statistical Area","Phoenix, AZ"
2019-10-01,85014,"phoenix, az",phoenix,az,2792,5825,2858,601,61.052927,75.28832367,46.81753008,49,-0.3467,-26,-0.0577,-3,-17,-0.0741,0.1161,0.8865,395048,-0.0678,0.054,1.2664,"Phoenix-Mesa-Glendale, AZ Metropolitan Statistical Area","Phoenix, AZ"
2019-10-01,85032,"phoenix, az",phoenix,az,90,1193,694,836,86.469048,90.92949317,82.00860295,37,-0.039,-1.5,0.0278,1,-29,0.1344,0.327,1.4965,307550,-0.0345,0.0705,0.9859,"Phoenix-Mesa-Glendale, AZ Metropolitan Statistical Area","Phoenix, AZ"
2019-10-01,85053,"phoenix, az",phoenix,az,3586,1150,-96,638,86.852441,98.35421732,75.35066392,26.5,0.0816,2,-0.197,-6.5,-39.5,-0.0865,0.1875,1.3475,260000,0.0117,0.0614,0.8334,"Phoenix-Mesa-Glendale, AZ Metropolitan Statistical Area","Phoenix, AZ"
2019-10-01,85021,"phoenix, az",phoenix,az,1551,6377,-411,867,58.528147,69.17897887,47.87731438,53,-0.0185,-1,0,0,-13,-0.1419,0.2451,0.9007,485050,0.0498,0.3859,1.555,"Phoenix-Mesa-Glendale, AZ Metropolitan Statistical Area","Phoenix, AZ"
2019-10-01,85027,"phoenix, az",phoenix,az,1540,299,955,772,94.616919,96.34686117,92.88697712,30.5,-0.3068,-13.5,-0.0317,-1,-35.5,0.0579,0.5138,1.9433,249750,-0.0012,0.0426,0.8006,"Phoenix-Mesa-Glendale, AZ Metropolitan Statistical Area","Phoenix, AZ"
2019-10-01,85018,"phoenix, az",phoenix,az,1254,6899,2298,-1588,55.919207,58.15722212,53.68119195,60.5,-0.2092,-16,0.0342,2,-5.5,-0.042,-0.068,0.9716,832050,-0.0083,0.0735,2.6675,"Phoenix-Mesa-Glendale, AZ Metropolitan Statistical Area","Phoenix, AZ"
2019-09-01,85083,"phoenix, az",phoenix,az,6714,3925,-172,3357,70.273947,67.24383155,73.30406283,53.5,0.07,3.5,-0.1371,-8.5,-12,-0.0213,0.4603,1.317,449545,0.0102,0.1705,1.4272,"Phoenix-Mesa-Glendale, AZ Metropolitan Statistical Area","Phoenix, AZ"
2019-09-01,85042,"phoenix, az",phoenix,az,2049,1613,279,-192,83.699215,95.69599901,71.70243028,31,0.069,2,-0.1389,-5,-34.5,0.017,0.0088,1.2853,318550,-0.0768,0.184,1.0113,"Phoenix-Mesa-Glendale, AZ Metropolitan Statistical Area","Phoenix, AZ"
2019-09-01,85020,"phoenix, az",phoenix,az,1569,5140,443,26,64.294107,75.07884485,53.50936862,48.5,-0.03,-1.5,-0.03,-1.5,-17,-0.0455,0.0615,0.9877,363257.1429,-0.082,0.0531,1.1532,"Phoenix-Mesa-Glendale, AZ Metropolitan Statistical Area","Phoenix, AZ"
2019-09-01,85009,"phoenix, az",phoenix,az,2815,1177,421,-490,86.645848,98.14482716,75.14686785,26,-0.1034,-3,0.1304,3,-39.5,0.0107,0.0184,1.3558,189050,0.028,0.08,0.6001,"Phoenix-Mesa-Glendale, AZ Metropolitan Statistical Area","Phoenix, AZ"
2019-09-01,85040,"phoenix, az",phoenix,az,4774,486,45,1820,92.443263,96.84002226,88.046503,29,0.2609,6,-0.3409,-15,-36.5,0.0042,0.3709,1.727,214289.2857,0.0238,0.0717,0.6802,"Phoenix-Mesa-Glendale, AZ Metropolitan Statistical Area","Phoenix, AZ"
2019-09-01,85043,"phoenix, az",phoenix,az,3841,4782,5030,-3442,66.010142,81.36169686,50.65858636,44,-0.3714,-26,0.1282,5,-21.5,0.0642,-0.3166,0.9489,249976,0.0041,0.1058,0.7935,"Phoenix-Mesa-Glendale, AZ Metropolitan Statistical Area","Phoenix, AZ"
2019-09-01,85044,"phoenix, az",phoenix,az,967,964,1175,1566,88.259848,88.82567559,87.69402016,38.5,-0.2143,-10.5,-0.2143,-10.5,-27,-0.0842,0.2857,1.7117,379050,-0.079,0.1147,1.2034,"Phoenix-Mesa-Glendale, AZ Metropolitan Statistical Area","Phoenix, AZ"
2019-09-01,85028,"phoenix, az",phoenix,az,5310,3435,2916,1382,72.908293,83.64355946,62.17302579,42.5,-0.2544,-14.5,-0.15,-7.5,-23,0.013,0.1492,1.1186,417685.7143,0.0234,-0.0265,1.326,"Phoenix-Mesa-Glendale, AZ Metropolitan Statistical Area","Phoenix, AZ"
2019-09-01,85012,"phoenix, az",phoenix,az,10259,9866,612,-2940,41.945458,39.15033084,44.740585,74.5,0.0068,0.5,0.2845,16.5,9,-0.0081,-0.0173,0.8722,396050,-0.0174,-0.1371,1.2573,"Phoenix-Mesa-Glendale, AZ Metropolitan Statistical Area","Phoenix, AZ"
2019-09-01,85032,"phoenix, az",phoenix,az,90,1887,-138,-229,81.782203,88.82567559,74.73872982,38.5,0.0405,1.5,0.1,3.5,-27,-0.0874,0.1325,1.3456,318121.4286,0.0176,0.0968,1.0099,"Phoenix-Mesa-Glendale, AZ Metropolitan Statistical Area","Phoenix, AZ"
2019-09-01,85041,"phoenix, az",phoenix,az,1098,676,172,2955,90.646837,95.34970008,85.94397378,31.5,0.1667,4.5,-0.37,-18.5,-34,0.0501,0.4402,1.6493,295157.9286,0.0506,0.1242,0.937,"Phoenix-Mesa-Glendale, AZ Metropolitan Statistical Area","Phoenix, AZ"
2019-09-01,85029,"phoenix, az",phoenix,az,1102,1195,640,993,86.512893,90.47677942,82.54900748,37,0,0,-0.0263,-1,-28.5,0.0644,0.342,1.5368,254307.1429,0.018,0.1305,0.8073,"Phoenix-Mesa-Glendale, AZ Metropolitan Statistical Area","Phoenix, AZ"
2019-09-01,85053,"phoenix, az",phoenix,az,3586,1054,-414,-201,87.431204,98.50349391,76.35891411,24.5,0.1136,2.5,-0.02,-0.5,-41,-0.1571,0.073,1.3824,257000,0.0307,0.0711,0.8158,"Phoenix-Mesa-Glendale, AZ Metropolitan Statistical Area","Phoenix, AZ"
2019-09-01,85045,"phoenix, az",phoenix,az,11338,1561,6370,1616,84.014594,87.21785913,80.81132892,40,-0.4872,-38,0.0526,2,-25.5,0.1181,0.5093,1.4908,460407.1429,-0.0054,0.2342,1.4617,"Phoenix-Mesa-Glendale, AZ Metropolitan Statistical Area","Phoenix, AZ"
