rltr_market_hotness_msa_phoenix.csv
month_date_yyyymm,postal_code,zip_name,city,state,nielsen_hh_rank,hotness_rank,hotness_rank_mm,hotness_rank_yy,hotness_score,supply_score,demand_score,median_days_on_market,median_days_on_market_mm,median_dom_mm_day,median_days_on_market_yy,median_dom_yy_day,median_dom_vs_us,ldpviews_per_property_mm,ldpviews_per_property_yy,ldpviews_per_property_vs_us,median_listing_price,median_listing_price_mm,median_listing_price_yy,median_listing_price_vs_us,cbsa_name,cbsa_zip_name
2019-06-01,85024,"phoenix, az",phoenix,az,4045,5206,-1282,-4245,63.345653,73.77223753,52.9190679,42,0.3333,10.5,0.5,14,-15,-0.1316,-0.459,0.9851,424550,0.1567,0.2863,1.3062,"Phoenix-Mesa-Glendale, AZ Metropolitan Statistical Area","Phoenix, AZ"
2019-06-01,85040,"phoenix, az",phoenix,az,4774,1449,-163,-363,84.778251,92.420446,77.13605613,29,0.2609,6,0,0,-28,-0.1467,-0.2066,1.4328,240050,0.0436,0.2073,0.7385,"Phoenix-Mesa-Glendale, AZ Metropolitan Statistical Area","Phoenix, AZ"
2019-06-01,85027,"phoenix, az",phoenix,az,1540,2344,-1288,-1653,78.551741,77.64344776,79.46003508,39,0.7727,17,0.6957,16,-18,-0.1489,-0.2,1.4925,257050,0.0284,0.0941,0.7908,"Phoenix-Mesa-Glendale, AZ Metropolitan Statistical Area","Phoenix, AZ"
2019-06-01,85014,"phoenix, az",phoenix,az,2792,8988,655,-2081,45.633926,47.93284891,43.33500376,57,0.0556,3,0.1875,9,0,0.0459,-0.1493,0.8507,399161,0.1227,0.1742,1.228,"Phoenix-Mesa-Glendale, AZ Metropolitan Statistical Area","Phoenix, AZ"
2019-06-01,85085,"phoenix, az",phoenix,az,5409,7132,2979,1446,54.384866,60.84314708,47.92658482,49,-0.1901,-11.5,-0.1695,-10,-8,0.0517,-0.0896,0.9104,479050,0.0415,0.1011,1.4738,"Phoenix-Mesa-Glendale, AZ Metropolitan Statistical Area","Phoenix, AZ"
2019-05-01,85033,"phoenix, az",phoenix,az,2034,4030,5,-3188,69.228045,77.98094257,60.47514808,37.5,0.1719,5.5,0.5957,14,-18.5,0.1026,-0.346,1.0955,199999.5,-0.0196,0.0814,0.6158,"Phoenix-Mesa-Glendale, AZ Metropolitan Statistical Area","Phoenix, AZ"
2019-05-01,85083,"phoenix, az",phoenix,az,6714,5277,-1321,920,62.776848,66.20525367,59.34844193,44,0.1733,6.5,0.0732,3,-12,-0.0343,0.2612,1.0764,449050,-0.001,0.0443,1.3828,"Phoenix-Mesa-Glendale, AZ Metropolitan Statistical Area","Phoenix, AZ"
2019-05-01,85043,"phoenix, az",phoenix,az,3841,9096,108,-5288,43.803116,42.35771311,45.24851919,59.5,-0.0556,-3.5,0.5867,22,3.5,0.1913,-0.2473,0.8726,237040,0.0237,0.0537,0.7299,"Phoenix-Mesa-Glendale, AZ Metropolitan Statistical Area","Phoenix, AZ"
2019-05-01,85031,"phoenix, az",phoenix,az,6014,6082,2822,-3846,58.962143,60.6039145,57.32037085,47.5,-0.2083,-12.5,0.9388,23,-8.5,0.2059,-0.1183,1.0446,198950,0.0151,0.105,0.6126,"Phoenix-Mesa-Glendale, AZ Metropolitan Statistical Area","Phoenix, AZ"
2019-05-01,85042,"phoenix, az",phoenix,az,2049,7288,-420,-1393,53.096832,52.94875097,53.24491373,52,0.04,2,0.0196,1,-4,0.0476,-0.1397,0.9809,310050,0.029,0.0653,0.9547,"Phoenix-Mesa-Glendale, AZ Metropolitan Statistical Area","Phoenix, AZ"
2019-05-01,85035,"phoenix, az",phoenix,az,2967,3271,-224,-2442,73.15864,85.86788566,60.4493948,32.5,0.413,9.5,1.1667,17.5,-23.5,0.1781,-0.2586,1.0955,205550,0.0126,0.1168,0.6329,"Phoenix-Mesa-Glendale, AZ Metropolitan Statistical Area","Phoenix, AZ"
2019-05-01,85019,"phoenix, az",phoenix,az,6465,3907,71,-2609,69.842905,65.43265516,74.25315478,44.5,0.1125,4.5,1.871,29,-11.5,0.1505,0.0388,1.3631,203050,-0.0645,0.015,0.6252,"Phoenix-Mesa-Glendale, AZ Metropolitan Statistical Area","Phoenix, AZ"
2019-05-01,85009,"phoenix, az",phoenix,az,2815,2049,5741,887,80.617435,95.72495493,65.50991501,22.5,-0.5946,-33,-0.3382,-11.5,-33.5,0.1553,-0.051,1.1847,184550,0.025,0.0711,0.5682,"Phoenix-Mesa-Glendale, AZ Metropolitan Statistical Area","Phoenix, AZ"
2019-05-01,85017,"phoenix, az",phoenix,az,3244,855,1188,432,89.614988,99.55575586,79.67422096,13,-0.6176,-21,-0.5273,-14.5,-43,-0.0958,-0.0445,1.5032,199950,0.0439,0.1265,0.6156,"Phoenix-Mesa-Glendale, AZ Metropolitan Statistical Area","Phoenix, AZ"
2019-05-01,85040,"phoenix, az",phoenix,az,4774,1286,382,1007,86.202678,95.37084728,77.0345094,23,-0.098,-2.5,-0.3429,-12,-33,0.0417,-0.0132,1.4331,230031,0.0456,0.1301,0.7083,"Phoenix-Mesa-Glendale, AZ Metropolitan Statistical Area","Phoenix, AZ"
2019-05-01,85041,"phoenix, az",phoenix,az,1098,3106,-519,1164,74.140484,77.12464589,71.15632243,38,0.2881,8.5,-0.1648,-7.5,-18,0.0518,-0.0049,1.293,256990.5,0.0057,0.1195,0.7913,"Phoenix-Mesa-Glendale, AZ Metropolitan Statistical Area","Phoenix, AZ"
2019-05-01,85006,"phoenix, az",phoenix,az,4953,10434,-2082,-3162,36.344321,43.16250322,29.52613958,59,0.2165,10.5,0.3721,16,3,-0.0789,-0.0948,0.6688,334300,0.0237,0.0611,1.0294,"Phoenix-Mesa-Glendale, AZ Metropolitan Statistical Area","Phoenix, AZ"
2019-05-01,85053,"phoenix, az",phoenix,az,3586,3687,-95,-2452,70.873036,79.66134432,62.0847283,36.5,0.0282,1,0.825,16.5,-19.5,0.0057,-0.1927,1.121,243700,-0.0144,-0.0035,0.7504,"Phoenix-Mesa-Glendale, AZ Metropolitan Statistical Area","Phoenix, AZ"
2019-05-01,85054,"phoenix, az",phoenix,az,10739,11913,-1580,-4241,27.736286,35.82925573,19.64331702,65.5,0.1696,9.5,0.5595,23.5,9.5,-0.023,-0.1905,0.5414,455050,-0.011,0.3086,1.4013,"Phoenix-Mesa-Glendale, AZ Metropolitan Statistical Area","Phoenix, AZ"
2019-05-01,85014,"phoenix, az",phoenix,az,2792,9643,-2347,-2262,40.931625,49.98712336,31.87612671,54,0.3012,12.5,0.1368,6.5,-2,-0.0439,-0.1417,0.6943,355550,0.0479,0.016,1.0949,"Phoenix-Mesa-Glendale, AZ Metropolitan Statistical Area","Phoenix, AZ"
2019-05-01,85029,"phoenix, az",phoenix,az,1102,1967,168,209,81.109967,92.04223539,70.17769766,27.5,0,0,0.1458,3.5,-28.5,-0.005,0.0695,1.2739,242500,0.0081,0.0389,0.7467,"Phoenix-Mesa-Glendale, AZ Metropolitan Statistical Area","Phoenix, AZ"
2019-05-01,85044,"phoenix, az",phoenix,az,967,3795,-1825,1248,70.338656,65.43265516,75.24465619,44.5,0.3485,11.5,-0.0532,-2.5,-11.5,-0.0687,0.1604,1.3822,393000,0.0694,0.0708,1.2102,"Phoenix-Mesa-Glendale, AZ Metropolitan Statistical Area","Phoenix, AZ"
2019-05-01,85023,"phoenix, az",phoenix,az,2086,3954,-223,473,69.598249,83.03502447,56.16147309,34.5,-0.0548,-2,-0.1882,-8,-21.5,-0.1006,-0.1344,1.0255,326250,-0.0677,-0.0248,1.0046,"Phoenix-Mesa-Glendale, AZ Metropolitan Statistical Area","Phoenix, AZ"
2019-05-01,85013,"phoenix, az",phoenix,az,4529,9250,-1122,-3178,43.024079,58.05433943,27.99381921,49,0.0426,2,0.3803,13.5,-7,-0.1053,-0.15,0.6497,370050,0.0057,0.0599,1.1395,"Phoenix-Mesa-Glendale, AZ Metropolitan Statistical Area","Phoenix, AZ"
2019-05-01,85027,"phoenix, az",phoenix,az,1540,1056,434,-493,87.796163,96.10481586,79.48750966,22,-0.1373,-3.5,0.1579,3,-34,0.0444,-0.1423,1.4968,249950,-0.0159,0.0891,0.7696,"Phoenix-Mesa-Glendale, AZ Metropolitan Statistical Area","Phoenix, AZ"
2019-05-01,85016,"phoenix, az",phoenix,az,1068,10610,-449,-1215,35.420422,38.86170487,31.97913984,62.5,-0.0157,-1,0.1161,6.5,6.5,0,0.0381,0.6943,444300,-0.0067,0.0199,1.3682,"Phoenix-Mesa-Glendale, AZ Metropolitan Statistical Area","Phoenix, AZ"
2019-05-01,85032,"phoenix, az",phoenix,az,90,3040,-232,-1258,74.517126,83.03502447,65.9992274,34.5,0,0,0.3269,8.5,-21.5,-0.0053,-0.1053,1.1911,299950,0.0343,0.0032,0.9236,"Phoenix-Mesa-Glendale, AZ Metropolitan Statistical Area","Phoenix, AZ"
2019-05-01,85022,"phoenix, az",phoenix,az,383,4679,459,13,65.851146,79.66134432,52.04094772,36.5,-0.1512,-6.5,0.0139,0.5,-19.5,-0.1012,-0.0131,0.9618,383200,0.0064,0.1122,1.18,"Phoenix-Mesa-Glendale, AZ Metropolitan Statistical Area","Phoenix, AZ"
2019-05-01,85051,"phoenix, az",phoenix,az,1860,3041,1250,-1079,74.517126,87.72212207,61.3121298,31,-0.1389,-5,0.4091,9,-25,0.0357,-0.0842,1.1083,235950,0.017,0.0628,0.7265,"Phoenix-Mesa-Glendale, AZ Metropolitan Statistical Area","Phoenix, AZ"
2019-05-01,85050,"phoenix, az",phoenix,az,3420,5287,-532,-1027,62.725341,70.94385784,54.50682462,41.5,0.0247,1,0.2388,8,-14.5,-0.0542,0.0129,1,524938,0.0268,0.1958,1.6165,"Phoenix-Mesa-Glendale, AZ Metropolitan Statistical Area","Phoenix, AZ"
2019-05-01,85020,"phoenix, az",phoenix,az,1569,7679,-489,-2870,51.213623,56.98557816,45.44166881,49.5,0.0761,3.5,0.375,13.5,-6.5,0.0458,-0.0867,0.8726,404050,0.0904,0.0563,1.2442,"Phoenix-Mesa-Glendale, AZ Metropolitan Statistical Area","Phoenix, AZ"
2019-05-01,85048,"phoenix, az",phoenix,az,2580,5246,-214,-1195,62.969997,56.98557816,68.95441669,49.5,0.0879,4,0.3944,14,-6.5,0.1136,0.1737,1.2484,457450,0.0234,0.0765,1.4087,"Phoenix-Mesa-Glendale, AZ Metropolitan Statistical Area","Phoenix, AZ"
2019-05-01,85015,"phoenix, az",phoenix,az,1925,7328,1961,-2061,52.877929,59.8956992,45.86015967,48,-0.1652,-9.5,0.5738,17.5,-8,0.122,0.122,0.879,257050,-0.0077,-0.0551,0.7915,"Phoenix-Mesa-Glendale, AZ Metropolitan Statistical Area","Phoenix, AZ"
2019-05-01,85028,"phoenix, az",phoenix,az,5310,10457,-587,-2952,36.186583,32.21735771,40.15580737,69,0.0781,5,0.3269,17,13,0.0769,-0.0935,0.8025,424950,0.0376,-0.0107,1.3086,"Phoenix-Mesa-Glendale, AZ Metropolitan Statistical Area","Phoenix, AZ"
2019-05-01,85085,"phoenix, az",phoenix,az,5409,10111,-1242,-2081,38.182462,41.13443214,35.23049189,60.5,0.0901,5,0.198,10,4.5,-0.0413,-0.0413,0.7389,459950,0.0172,0.0531,1.4164,"Phoenix-Mesa-Glendale, AZ Metropolitan Statistical Area","Phoenix, AZ"
2019-05-01,85004,"phoenix, az",phoenix,az,12132,6963,1496,4778,54.555112,74.59438578,34.51583827,39.5,-0.2818,-15.5,-0.5063,-40.5,-16.5,-0.0574,0.1979,0.7325,347550,0.0429,0.0533,1.0702,"Phoenix-Mesa-Glendale, AZ Metropolitan Statistical Area","Phoenix, AZ"
2019-05-01,85024,"phoenix, az",phoenix,az,4045,3924,68,-2763,69.739892,87.12979655,52.34998712,31.5,-0.087,-3,0.75,13.5,-24.5,-0.0843,-0.3028,0.9682,367050,0.1292,0.0645,1.1303,"Phoenix-Mesa-Glendale, AZ Metropolitan Statistical Area","Phoenix, AZ"
2019-05-01,85037,"phoenix, az",phoenix,az,2275,2876,-1135,-2177,75.366984,81.49626577,69.23770281,35.5,0.3654,9.5,0.6136,13.5,-20.5,-0.0199,-0.2704,1.2548,217050,-0.0132,0.088,0.6683,"Phoenix-Mesa-Glendale, AZ Metropolitan Statistical Area","Phoenix, AZ"
2019-05-01,85021,"phoenix, az",phoenix,az,1551,7482,1371,2431,52.082797,61.58897759,42.57661602,47,-0.1826,-10.5,-0.2295,-14,-9,0.0077,0.2596,0.8344,369950,0.0204,-0.1296,1.1392,"Phoenix-Mesa-Glendale, AZ Metropolitan Statistical Area","Phoenix, AZ"
2019-05-01,85012,"phoenix, az",phoenix,az,10259,11729,-192,-2831,28.879088,18.75482874,39.00334793,89.5,0.1118,9,0.4793,29,33.5,0.1589,-0.0236,0.7898,496800,-0.0885,0.2902,1.5299,"Phoenix-Mesa-Glendale, AZ Metropolitan Statistical Area","Phoenix, AZ"
2019-05-01,85018,"phoenix, az",phoenix,az,1254,9116,577,77,43.684007,35.2948751,52.07313933,66,-0.0571,-4,0.0313,2,10,0.1269,0.1797,0.9618,825000,0.0338,-0.0545,2.5407,"Phoenix-Mesa-Glendale, AZ Metropolitan Statistical Area","Phoenix, AZ"
2019-05-01,85007,"phoenix, az",phoenix,az,8167,9954,-2253,-3670,39.125676,42.35771311,35.89363894,59.5,0.0917,5,0.3077,14,3.5,-0.1387,-0.2027,0.7516,370550,-0.0375,-0.0736,1.1411,"Phoenix-Mesa-Glendale, AZ Metropolitan Statistical Area","Phoenix, AZ"
2019-05-01,85045,"phoenix, az",phoenix,az,11338,6941,2827,904,54.725728,63.08266804,46.36878702,46,-0.2977,-19.5,-0.0612,-3,-10,0.0945,0.1488,0.8854,454950,0.0053,0.011,1.401,"Phoenix-Mesa-Glendale, AZ Metropolitan Statistical Area","Phoenix, AZ"
2019-05-01,85003,"phoenix, az",phoenix,az,9001,12544,-303,-1915,23.799253,21.68426474,25.91424157,84,-0.0769,-7,0.0839,6.5,28,-0.0577,-0.1695,0.6242,460050,-0.0316,0.0222,1.4167,"Phoenix-Mesa-Glendale, AZ Metropolitan Statistical Area","Phoenix, AZ"
2019-05-01,85008,"phoenix, az",phoenix,az,407,7697,776,-1139,51.129925,61.58897759,40.67087304,47,-0.1215,-6.5,0.093,4,-9,-0.0155,-0.0379,0.8089,300000,0.0015,0.0526,0.9238,"Phoenix-Mesa-Glendale, AZ Metropolitan Statistical Area","Phoenix, AZ"
2019-04-01,85045,"phoenix, az",phoenix,az,11338,9768,169,-1203,39.362819,41.48566179,37.23997638,65.5,-0.1027,-7.5,0.065,4,7,0.0685,-0.0662,0.7846,452550,0.0504,0.1312,1.422,"Phoenix-Mesa-Glendale, AZ Metropolitan Statistical Area","Phoenix, AZ"
2019-04-01,85051,"phoenix, az",phoenix,az,1860,4291,-548,-2306,67.471619,81.7835816,53.159656150000004,36,0.0286,1,0.7561,15.5,-22.5,0.0655,-0.1831,1.0044,232000,0.0495,0.0751,0.7289,"Phoenix-Mesa-Glendale, AZ Metropolitan Statistical Area","Phoenix, AZ"
2019-04-01,85053,"phoenix, az",phoenix,az,3586,3592,-1097,-1852,70.959381,82.52510007,59.393661,35.5,0.1094,3.5,-0.0274,-1,-23,-0.0165,-0.3695,1.1024,246750,0.0049,0.093,0.7752,"Phoenix-Mesa-Glendale, AZ Metropolitan Statistical Area","Phoenix, AZ"
2019-04-01,85029,"phoenix, az",phoenix,az,1102,2135,1176,-421,79.624647,92.47982151,66.76947306,27.5,-0.2143,-7.5,0.1957,4.5,-31,0.226,-0.0793,1.2401,240550,0.0268,0.0957,0.7558,"Phoenix-Mesa-Glendale, AZ Metropolitan Statistical Area","Phoenix, AZ"
2019-04-01,85083,"phoenix, az",phoenix,az,6714,3956,-55,598,69.089179,79.47371875,58.70463941,37.5,-0.0854,-3.5,0.0135,0.5,-21,0.0794,0.0841,1.0918,447495,0.0243,0.0667,1.4061,"Phoenix-Mesa-Glendale, AZ Metropolitan Statistical Area","Phoenix, AZ"
2019-04-01,85013,"phoenix, az",phoenix,az,4529,8128,-509,-2916,48.22823,64.46617232,31.99028808,47,-0.06,-3,0.3429,12,-11.5,0.0266,-0.1686,0.714,362950,0.013,0.0675,1.1404,"Phoenix-Mesa-Glendale, AZ Metropolitan Statistical Area","Phoenix, AZ"
2019-04-01,85003,"phoenix, az",phoenix,az,9001,12241,-1519,-2002,24.548855,22.61959446,26.47811536,91,0.1098,9,0.3094,21.5,32.5,-0.0619,-0.0459,0.6425,473578.5714,-0.0104,0.0351,1.4881,"Phoenix-Mesa-Glendale, AZ Metropolitan Statistical Area","Phoenix, AZ"
2019-04-01,85009,"phoenix, az",phoenix,az,2815,7790,-2953,-4013,49.849071,52.8118643,46.88627863,55.5,0.2907,12.5,0.48,18,-3,0,-0.2169,0.9144,180049,-0.0156,0.0765,0.5656,"Phoenix-Mesa-Glendale, AZ Metropolitan Statistical Area","Phoenix, AZ"
2019-04-01,85017,"phoenix, az",phoenix,az,3244,2043,1444,-370,80.172584,84.57904062,75.76612639,34,-0.2917,-14,0.2143,6,-24.5,0.1546,-0.0188,1.4307,183835.2857,0.0082,0.0502,0.5775,"Phoenix-Mesa-Glendale, AZ Metropolitan Statistical Area","Phoenix, AZ"
2019-04-01,85019,"phoenix, az",phoenix,az,6465,3978,1088,-1290,69.003872,75.9039307,62.10381259,40,-0.1304,-6,0.3333,10,-18.5,0.2056,-0.0606,1.1492,217050,0.0361,0.1021,0.6819,"Phoenix-Mesa-Glendale, AZ Metropolitan Statistical Area","Phoenix, AZ"
2019-04-01,85035,"phoenix, az",phoenix,az,2967,3047,-383,-1326,73.94186,95.77400092,52.10971849,23,0.3529,6,-0.0213,-0.5,-35.5,0,-0.2694,0.9885,203000,0.0193,0.1123,0.6378,"Phoenix-Mesa-Glendale, AZ Metropolitan Statistical Area","Phoenix, AZ"
2019-04-01,85032,"phoenix, az",phoenix,az,90,2808,-181,-887,75.346151,84.00813702,66.68416563,34.5,-0.1154,-4.5,0.2321,6.5,-24,0.0204,-0.0937,1.2374,289885.7143,0.0016,-0.0417,0.9108,"Phoenix-Mesa-Glendale, AZ Metropolitan Statistical Area","Phoenix, AZ"
2019-04-01,85037,"phoenix, az",phoenix,az,2275,1741,-358,-622,82.216681,93.59538027,70.83798149,26,-0.0714,-2,-0.1475,-4.5,-32.5,-0.0229,-0.2635,1.3195,219885.7143,0.0021,0.1047,0.6908,"Phoenix-Mesa-Glendale, AZ Metropolitan Statistical Area","Phoenix, AZ"
2019-04-01,85008,"phoenix, az",phoenix,az,407,8473,-1538,-2989,46.426931,55.28577991,37.5680819,53.5,0.07,3.5,0.4459,16.5,-5,0.0159,-0.0812,0.7891,301114.2857,0.0257,0.1504,0.9461,"Phoenix-Mesa-Glendale, AZ Metropolitan Statistical Area","Phoenix, AZ"
2019-04-01,85023,"phoenix, az",phoenix,az,2086,3731,1418,132,70.234267,80.87144826,59.59708642,36.5,-0.2551,-12.5,-0.1412,-6,-22,0.1128,-0.1353,1.1059,346378.5714,0.0778,0.0658,1.0883,"Phoenix-Mesa-Glendale, AZ Metropolitan Statistical Area","Phoenix, AZ"
2019-04-01,85024,"phoenix, az",phoenix,az,4045,3992,-702,-1607,68.984185,84.00813702,53.96023361,34.5,-0.0676,-2.5,0.1311,4,-24,-0.0295,-0.21560000000000001,1.0177,325050,0.0179,-0.0604,1.0213,"Phoenix-Mesa-Glendale, AZ Metropolitan Statistical Area","Phoenix, AZ"
2019-04-01,85006,"phoenix, az",phoenix,az,4953,8352,-511,-2318,47.086423,62.24817901,31.92466697,48.5,-0.049,-2.5,0.2597,10,-10,0.0359,-0.1121,0.7132,326550,0.0153,0.0365,1.026,"Phoenix-Mesa-Glendale, AZ Metropolitan Statistical Area","Phoenix, AZ"
2019-04-01,85042,"phoenix, az",phoenix,az,2049,6868,-3574,-1510,54.386771,60.09580681,48.67773476,50,0.3158,12,0.1236,5.5,-8.5,-0.1207,-0.0952,0.9391,301371.4286,0.0281,-0.0342,0.9469,"Phoenix-Mesa-Glendale, AZ Metropolitan Statistical Area","Phoenix, AZ"
2019-04-01,85040,"phoenix, az",phoenix,az,4774,1668,1158,-956,82.767898,93.99566901,71.5401273,25.5,-0.25,-8.5,0.1333,3,-33,0.2434,-0.2552,1.3345,232807.1429,0.0449,0.2099,0.7314,"Phoenix-Mesa-Glendale, AZ Metropolitan Statistical Area","Phoenix, AZ"
2019-04-01,85007,"phoenix, az",phoenix,az,8167,7701,32,-1279,50.295295,53.9536715,46.63691843,54.5,-0.0439,-2.5,0.2247,10,-4,0.1305,0.0673,0.91,385528.5714,0.0033,-0.0326,1.2114,"Phoenix-Mesa-Glendale, AZ Metropolitan Statistical Area","Phoenix, AZ"
2019-04-01,85033,"phoenix, az",phoenix,az,2034,4035,76,-2995,68.757793,87.46636918,50.04921583,32,-0.0857,-3,0.4222,9.5,-26.5,0.0837,-0.3881,0.9603,202950,0.0082,0.097,0.6376,"Phoenix-Mesa-Glendale, AZ Metropolitan Statistical Area","Phoenix, AZ"
2019-04-01,85028,"phoenix, az",phoenix,az,5310,9870,-1129,-4596,38.726294,43.03431984,34.41826892,64,0.0667,4,0.5802,23.5,5.5,0.0084,-0.228,0.744,410692.8571,-0.0179,-0.0828,1.2904,"Phoenix-Mesa-Glendale, AZ Metropolitan Statistical Area","Phoenix, AZ"
2019-04-01,85012,"phoenix, az",phoenix,az,10259,11537,-3487,-3655,28.771573,28.73548133,28.80766454,80.5,0.4375,24.5,0.5784,29.5,22,-0.0981,-0.1138,0.6734,548264.2857,0.0233,0.6267,1.7228,"Phoenix-Mesa-Glendale, AZ Metropolitan Statistical Area","Phoenix, AZ"
2019-04-01,85015,"phoenix, az",phoenix,az,1925,9289,-521,-4608,42.13203,50.06234005,34.20171927,57.5,0.0088,0.5,1.0175,29,-1,0.0938,-0.1111,0.7414,258764.2857,0.0078,-0.0592,0.813,"Phoenix-Mesa-Glendale, AZ Metropolitan Statistical Area","Phoenix, AZ"
2019-04-01,85031,"phoenix, az",phoenix,az,6014,8904,-3721,-5286,44.208938,47.28656736,41.13130783,60,0.5789,22,0.5385,21,1.5,0.0548,-0.3298,0.8323,195457.1429,0.018,0.1253,0.6141,"Phoenix-Mesa-Glendale, AZ Metropolitan Statistical Area","Phoenix, AZ"
