rltr_market_hotness_msa_phoenix.csv
month_date_yyyymm,postal_code,zip_name,city,state,nielsen_hh_rank,hotness_rank,hotness_rank_mm,hotness_rank_yy,hotness_score,supply_score,demand_score,median_days_on_market,median_days_on_market_mm,median_dom_mm_day,median_days_on_market_yy,median_dom_yy_day,median_dom_vs_us,ldpviews_per_property_mm,ldpviews_per_property_yy,ldpviews_per_property_vs_us,median_listing_price,median_listing_price_mm,median_listing_price_yy,median_listing_price_vs_us,cbsa_name,cbsa_zip_name
2019-04-01,85085,"phoenix, az",phoenix,az,5409,8869,-2556,-2420,44.382834,52.8118643,35.95380274,55.5,0.1327,6.5,0.1684,8,-3,-0.0825,-0.1565,0.7661,450749.7857,0.0175,0.0298,1.4163,"Phoenix-Mesa-Glendale, AZ Metropolitan Statistical Area","Phoenix, AZ"
2019-04-01,85016,"phoenix, az",phoenix,az,1068,10161,-1257,-1009,37.059518,43.50022967,30.61880701,63.5,0.0763,4.5,0.0948,5.5,5,0,0.0167,0.6973,446828.5714,-0.0271,-0.0072,1.404,"Phoenix-Mesa-Glendale, AZ Metropolitan Statistical Area","Phoenix, AZ"
2019-04-01,85014,"phoenix, az",phoenix,az,2792,7296,1666,-1724,52.168777,73.23971389,31.09784107,41.5,-0.2966,-17.5,0.0641,2.5,-17,0.0179,-0.2048,0.7026,339300,0.0082,-0.0705,1.0661,"Phoenix-Mesa-Glendale, AZ Metropolitan Statistical Area","Phoenix, AZ"
2019-04-01,85022,"phoenix, az",phoenix,az,383,5138,-1035,-1824,63.097972,70.77236039,55.42358422,43,0.075,3,0.2113,7.5,-15.5,0.073,-0.1385,1.038,380750,0.0922,0.1258,1.1963,"Phoenix-Mesa-Glendale, AZ Metropolitan Statistical Area","Phoenix, AZ"
2019-04-01,85021,"phoenix, az",phoenix,az,1551,8853,-211,489,44.461579,50.06234005,38.86081764,57.5,-0.0254,-1.5,-0.0726,-4.5,-1,0.0964,0.1207,0.8032,366300,-0.0048,-0.1941,1.1509,"Phoenix-Mesa-Glendale, AZ Metropolitan Statistical Area","Phoenix, AZ"
2019-04-01,85050,"phoenix, az",phoenix,az,3420,4755,-1820,-1408,65.092854,74.76868561,55.41702211,40.5,0.0658,2.5,0.2857,9,-18,-0.0784,-0.0667,1.038,516639.8571,0.1179,0.1843,1.6234,"Phoenix-Mesa-Glendale, AZ Metropolitan Statistical Area","Phoenix, AZ"
2019-04-01,85018,"phoenix, az",phoenix,az,1254,9693,-1659,-1296,39.851696,37.05623729,42.64715533,70,0.0938,6,0.1111,7,11.5,-0.0301,-0.035,0.8526,795626.0714,0.0127,-0.0907,2.5001,"Phoenix-Mesa-Glendale, AZ Metropolitan Statistical Area","Phoenix, AZ"
2019-04-01,85027,"phoenix, az",phoenix,az,1540,1490,-542,-1059,83.968764,93.99566901,73.9418597,25.5,0.1087,2.5,0.275,5.5,-33,-0.0586,-0.3124,1.3892,254150,0.0119,0.1048,0.7985,"Phoenix-Mesa-Glendale, AZ Metropolitan Statistical Area","Phoenix, AZ"
2019-04-01,85004,"phoenix, az",phoenix,az,12132,8459,1388,2881,46.479428,53.37620579,39.58264978,55,-0.2857,-22,-0.2994,-23.5,-3.5,0.0477,0.372,0.8138,333821.4286,0.0082,0.0596,1.0489,"Phoenix-Mesa-Glendale, AZ Metropolitan Statistical Area","Phoenix, AZ"
2019-04-01,85041,"phoenix, az",phoenix,az,1098,2587,372,1511,76.661854,90.37994619,62.94376271,29.5,-0.1806,-6.5,-0.2892,-12,-29,0.0681,-0.0295,1.1633,255544.5,0.0489,0.069,0.8029,"Phoenix-Mesa-Glendale, AZ Metropolitan Statistical Area","Phoenix, AZ"
2019-04-01,85020,"phoenix, az",phoenix,az,1569,7190,-837,-1047,52.680622,65.97545771,39.38578647,46,-0.1154,-6,-0.0612,-3,-12.5,-0.0957,-0.1863,0.8094,370550,0.1188,-0.0713,1.1643,"Phoenix-Mesa-Glendale, AZ Metropolitan Statistical Area","Phoenix, AZ"
2019-04-01,85044,"phoenix, az",phoenix,az,967,1970,1604,2164,80.510532,86.02926701,74.99179736,33,-0.34,-17,-0.25,-11,-25.5,0.0959,0.1204,1.4122,367500,0.0856,0.0559,1.1547,"Phoenix-Mesa-Glendale, AZ Metropolitan Statistical Area","Phoenix, AZ"
2019-04-01,85048,"phoenix, az",phoenix,az,2580,5032,-1846,-1542,63.58685,66.71041407,60.46328499,45.5,0.0833,3.5,0.2466,9,-13,-0.0343,-0.067,1.1183,448428.5714,0.018,0.0454,1.409,"Phoenix-Mesa-Glendale, AZ Metropolitan Statistical Area","Phoenix, AZ"
2019-04-01,85043,"phoenix, az",phoenix,az,3841,9204,-3824,-5935,42.561848,44.14331649,40.98037929,63,0.4318,19,0.726,26.5,4.5,-0.0428,-0.3319,0.8297,230050,0,0.0653,0.7228,"Phoenix-Mesa-Glendale, AZ Metropolitan Statistical Area","Phoenix, AZ"
2019-04-01,85054,"phoenix, az",phoenix,az,10739,10333,-830,-1985,36.160509,52.12284271,20.19817573,56,0.0182,1,0.1089,5.5,-2.5,0.0587,-0.1805,0.5569,460108,0.1747,0.4489,1.4457,"Phoenix-Mesa-Glendale, AZ Metropolitan Statistical Area","Phoenix, AZ"
2019-03-01,85048,"phoenix, az",phoenix,az,2580,3186,-778,771,72.394025,82.64430322,62.14374631,42,-0.0455,-2,-0.0233,-1,-23,0.0023,-0.0339,1.1509,440478.5714,0.0782,0.0486,1.4337,"Phoenix-Mesa-Glendale, AZ Metropolitan Statistical Area","Phoenix, AZ"
2019-03-01,85054,"phoenix, az",phoenix,az,10739,9503,915,-427,41.361462,65.45240123,17.27052349,55,-0.2994,-23.5,-0.1538,-10,-10,0.1058,-0.2531,0.5228,391678.5714,0.0939,0.1522,1.2749,"Phoenix-Mesa-Glendale, AZ Metropolitan Statistical Area","Phoenix, AZ"
2019-03-01,85040,"phoenix, az",phoenix,az,4774,2826,790,-1939,74.349735,91.68577606,57.01369325,34,-0.2273,-10,0.2593,7,-31,0.1207,-0.4131,1.0667,222807.1429,0.1194,0.1786,0.7251,"Phoenix-Mesa-Glendale, AZ Metropolitan Statistical Area","Phoenix, AZ"
2019-03-01,85023,"phoenix, az",phoenix,az,2086,5149,-83,-1525,62.432025,73.07213523,51.79191509,49,-0.0297,-1.5,0.0889,4,-16,0.1915,-0.2621,0.9877,321378.5714,0.0367,0.0714,1.046,"Phoenix-Mesa-Glendale, AZ Metropolitan Statistical Area","Phoenix, AZ"
2019-03-01,85083,"phoenix, az",phoenix,az,6714,3901,-100,381,68.787263,84.603289,52.97123763,41,-0.0575,-2.5,0.1081,4,-24,0.0914,-0.0138,1.0053,436864.2857,-0.0195,0.0161,1.422,"Phoenix-Mesa-Glendale, AZ Metropolitan Statistical Area","Phoenix, AZ"
2019-03-01,85053,"phoenix, az",phoenix,az,3586,2495,569,-1493,76.25303,92.45888751,60.0471729,32,-0.2195,-9,0.1034,3,-33,0.1131,-0.3871,1.114,245550,0.0092,0.0678,0.7992,"Phoenix-Mesa-Glendale, AZ Metropolitan Statistical Area","Phoenix, AZ"
2019-03-01,85035,"phoenix, az",phoenix,az,2967,2664,353,-1308,75.208019,99.04343838,51.37260041,17,-0.3585,-9.5,-0.4333,-13,-48,0.1111,-0.4074,0.9825,199150,0.021,0.1383,0.6481,"Phoenix-Mesa-Glendale, AZ Metropolitan Statistical Area","Phoenix, AZ"
2019-03-01,85008,"phoenix, az",phoenix,az,407,6935,-1313,-816,54.101422,71.51936055,36.68348293,50,-0.0654,-3.5,-0.0196,-1,-15,-0.0255,-0.2143,0.7719,293564.2857,0.0284,0.0911,0.9555,"Phoenix-Mesa-Glendale, AZ Metropolitan Statistical Area","Phoenix, AZ"
2019-03-01,85045,"phoenix, az",phoenix,az,11338,9937,-2934,-3996,38.881609,44.53252965,33.23068859,73,0.1967,12,0.6977,30,8,0.0246,-0.1387,0.7298,430850,-0.0025,0.0773,1.4024,"Phoenix-Mesa-Glendale, AZ Metropolitan Statistical Area","Phoenix, AZ"
2019-03-01,85022,"phoenix, az",phoenix,az,383,4103,-796,2196,67.630872,85.18639848,50.07534561,40,0.0127,0.5,-0.2727,-15,-25,0.0167,-0.0568,0.9614,348621.4286,0.1154,-0.0012,1.1347,"Phoenix-Mesa-Glendale, AZ Metropolitan Statistical Area","Phoenix, AZ"
2019-03-01,85012,"phoenix, az",phoenix,az,10259,8050,-889,-887,48.833781,63.40169036,34.26587172,56,-0.1704,-11.5,0,0,-9,-0.0331,-0.1607,0.7421,535764.2857,0.0204,0.488,1.7439,"Phoenix-Mesa-Glendale, AZ Metropolitan Statistical Area","Phoenix, AZ"
2019-03-01,85051,"phoenix, az",phoenix,az,1860,3743,99,-1629,69.494857,90.4343838,48.55532988,35,-0.125,-5,0.4583,11,-30,0.0669,-0.2521,0.9368,221050,0.0184,0.0091,0.7194,"Phoenix-Mesa-Glendale, AZ Metropolitan Statistical Area","Phoenix, AZ"
2019-03-01,85027,"phoenix, az",phoenix,az,1540,948,47,529,87.656424,97.60859595,77.70425211,23,-0.2333,-7,-0.3611,-13,-42,0.1058,-0.182,1.4667,251150,6e-4,0.0917,0.8174,"Phoenix-Mesa-Glendale, AZ Metropolitan Statistical Area","Phoenix, AZ"
2019-03-01,85033,"phoenix, az",phoenix,az,2034,4111,-812,-2235,67.588285,90.4343838,44.74218699,35,0.1864,5.5,0.25,7,-30,0.0245,-0.3597,0.8807,201292.2857,0.0115,0.118,0.6551,"Phoenix-Mesa-Glendale, AZ Metropolitan Statistical Area","Phoenix, AZ"
2019-03-01,85017,"phoenix, az",phoenix,az,3244,3487,-141,817,70.854354,75.19491581,66.51379152,48,0.1566,6.5,0.2,8,-17,0.2775,0.1396,1.2316,182335.2857,-0.0379,-0.0141,0.5934,"Phoenix-Mesa-Glendale, AZ Metropolitan Statistical Area","Phoenix, AZ"
2019-03-01,85014,"phoenix, az",phoenix,az,2792,8962,-704,-3775,44.100111,58.56646793,29.63375483,59,-0.1806,-13,0.439,18,-6,-0.0201,-0.2552,0.686,336550,-0.003,-0.073,1.0954,"Phoenix-Mesa-Glendale, AZ Metropolitan Statistical Area","Phoenix, AZ"
2019-03-01,85032,"phoenix, az",phoenix,az,90,2627,1227,-1101,75.407849,85.69743825,65.11825984,39,-0.22,-11,0.3929,11,-26,0.2268,-0.1956,1.2053,289435.7143,-0.0105,0.0013,0.942,"Phoenix-Mesa-Glendale, AZ Metropolitan Statistical Area","Phoenix, AZ"
2019-03-01,85041,"phoenix, az",phoenix,az,1098,2959,-79,-825,73.586451,89.0585075,58.11439429,36,0.0909,3,0.2414,7,-29,0.1447,-0.1839,1.0825,243621,0.0365,0.0369,0.7929,"Phoenix-Mesa-Glendale, AZ Metropolitan Statistical Area","Phoenix, AZ"
2019-03-01,85021,"phoenix, az",phoenix,az,1551,8642,-984,-434,45.846164,58.56646793,33.12585992,59,-0.0248,-1.5,0.0536,3,-6,0.1401,0.0401,0.7281,368050,-0.0041,-0.182,1.198,"Phoenix-Mesa-Glendale, AZ Metropolitan Statistical Area","Phoenix, AZ"
2019-03-01,85085,"phoenix, az",phoenix,az,5409,6313,-681,-1189,57.075935,73.07213523,41.07973531,49,-0.1624,-9.5,0.1667,7,-16,-0.0207,-0.1224,0.8298,442997.2857,0.0325,0.0194,1.4419,"Phoenix-Mesa-Glendale, AZ Metropolitan Statistical Area","Phoenix, AZ"
2019-03-01,85009,"phoenix, az",phoenix,az,2815,4837,-1997,-2727,63.935661,81.18980541,46.6815174,43,0.5926,16,0.3438,11,-22,-0.0067,-0.3565,0.9088,182906.7143,-0.0116,0.2198,0.5953,"Phoenix-Mesa-Glendale, AZ Metropolitan Statistical Area","Phoenix, AZ"
2019-03-01,85044,"phoenix, az",phoenix,az,967,3574,-935,-413,70.412108,71.51936055,69.30485488,50,0.0204,1,0.2195,9,-15,0.092,-0.0254,1.2807,338521.4286,0.0274,-0.0016,1.1018,"Phoenix-Mesa-Glendale, AZ Metropolitan Statistical Area","Phoenix, AZ"
2019-03-01,85043,"phoenix, az",phoenix,az,3841,5380,-3080,-1974,61.426325,79.53220206,43.32044814,44,0.913,21,0.1,4,-21,-0.1232,-0.3123,0.8614,230050,2e-4,0.0702,0.7487,"Phoenix-Mesa-Glendale, AZ Metropolitan Statistical Area","Phoenix, AZ"
2019-03-01,85024,"phoenix, az",phoenix,az,4045,3290,-582,-1464,71.771605,88.01677259,55.52643648,37,-0.075,-3,0.2759,8,-28,-0.0017,-0.2685,1.0421,319335.7143,0.0152,-0.0176,1.0394,"Phoenix-Mesa-Glendale, AZ Metropolitan Statistical Area","Phoenix, AZ"
2019-03-01,85015,"phoenix, az",phoenix,az,1925,8768,-2079,-4546,45.15495,61.6720173,28.63788246,57,0.1287,6.5,0.5405,20,-8,0.0449,-0.3469,0.6737,256764.2857,0.0169,0.1364,0.8357,"Phoenix-Mesa-Glendale, AZ Metropolitan Statistical Area","Phoenix, AZ"
2019-03-01,85050,"phoenix, az",phoenix,az,3420,2935,-155,1641,73.671624,86.86365721,60.47959117,38,0.0704,2.5,-0.1556,-7,-27,0.1393,-0.0093,1.1193,462144.8571,0.1081,0.0746,1.5043,"Phoenix-Mesa-Glendale, AZ Metropolitan Statistical Area","Phoenix, AZ"
2019-03-01,85019,"phoenix, az",phoenix,az,6465,5066,-1653,118,62.861168,76.53803315,49.18430191,46,0.4154,13.5,0.2105,8,-19,0.0942,0.0714,0.9474,209478.5714,0.0317,0.1635,0.6818,"Phoenix-Mesa-Glendale, AZ Metropolitan Statistical Area","Phoenix, AZ"
2019-03-01,85007,"phoenix, az",phoenix,az,8167,7733,605,-1405,50.216209,61.6720173,38.76040097,57,-0.2083,-15,0,0,-8,0.153,-0.2425,0.8,384278.5714,0.0213,0.0114,1.2508,"Phoenix-Mesa-Glendale, AZ Metropolitan Statistical Area","Phoenix, AZ"
2019-03-01,85042,"phoenix, az",phoenix,az,2049,3294,-135,-435,71.761777,86.86365721,56.65989648,38,0.1014,3.5,0.2667,8,-27,0.1524,-0.0902,1.0614,293121.4286,0.0108,0.0194,0.954,"Phoenix-Mesa-Glendale, AZ Metropolitan Statistical Area","Phoenix, AZ"
2019-03-01,85006,"phoenix, az",phoenix,az,4953,7841,885,-2975,49.678962,69.88796436,29.46996003,51,-0.2388,-16,0.186,8,-14,0.1729,-0.3287,0.6842,321621.4286,0.0098,-0.0786,1.0468,"Phoenix-Mesa-Glendale, AZ Metropolitan Statistical Area","Phoenix, AZ"
2019-03-01,85016,"phoenix, az",phoenix,az,1068,8904,-1290,-1042,44.46046,58.56646793,30.35445194,59,-0.0484,-3,0.0536,3,-6,0.0547,-0.0899,0.693,459278.5714,-0.0123,-0.0227,1.4949,"Phoenix-Mesa-Glendale, AZ Metropolitan Statistical Area","Phoenix, AZ"
2019-03-01,85029,"phoenix, az",phoenix,az,1102,3311,243,-1281,71.692983,90.4343838,52.95158226,35,0.0448,1.5,-0.0789,-3,-30,0.1778,-0.3751,1.0053,234278.5714,0.0186,0.0551,0.7625,"Phoenix-Mesa-Glendale, AZ Metropolitan Statistical Area","Phoenix, AZ"
2019-03-01,85018,"phoenix, az",phoenix,az,1254,8034,-842,-607,48.892747,53.46262203,44.32287231,64,-0.1351,-10,0.0323,2,-1,0.0311,-0.0639,0.8737,785623.5714,0.017,-0.1526,2.5573,"Phoenix-Mesa-Glendale, AZ Metropolitan Statistical Area","Phoenix, AZ"
2019-03-01,85037,"phoenix, az",phoenix,az,2275,1383,-391,-456,83.974317,95.59719583,72.35143812,28,0.12,3,0.0769,2,-37,0.0458,-0.2463,1.3421,219435.7143,-1e-4,0.0975,0.7142,"Phoenix-Mesa-Glendale, AZ Metropolitan Statistical Area","Phoenix, AZ"
2019-03-01,85003,"phoenix, az",phoenix,az,9001,10722,-1046,-3086,34.452598,39.74972155,29.15547402,82,-0.0838,-7.5,0.64,32,17,-0.019,-0.0276,0.6807,478578.5714,0.0038,0.0634,1.5578,"Phoenix-Mesa-Glendale, AZ Metropolitan Statistical Area","Phoenix, AZ"
2019-03-01,85031,"phoenix, az",phoenix,az,6014,5183,627,-992,62.287886,86.86365721,37.71211426,38,-0.0952,-4,-0.24,-12,-27,0.1825,-0.4142,0.7842,192007.1429,-2e-4,0.1298,0.6249,"Phoenix-Mesa-Glendale, AZ Metropolitan Statistical Area","Phoenix, AZ"
2019-03-01,85028,"phoenix, az",phoenix,az,5310,8741,-2940,-4203,45.371159,57.07921116,33.66310686,60,0.1321,7,0.3953,17,-5,-0.0369,-0.3214,0.7333,418192.8571,-0.0161,-0.0687,1.3612,"Phoenix-Mesa-Glendale, AZ Metropolitan Statistical Area","Phoenix, AZ"
2019-03-01,85013,"phoenix, az",phoenix,az,4529,7619,153,-1611,50.825526,71.51936055,30.13169102,50,-0.2063,-13,0.1364,6,-15,0.062,-0.1959,0.6912,358292.8571,7e-4,0.1394,1.1662,"Phoenix-Mesa-Glendale, AZ Metropolitan Statistical Area","Phoenix, AZ"
2019-03-01,85020,"phoenix, az",phoenix,az,1569,6353,-1253,-1744,56.899037,68.35484505,45.44322872,52,-0.1034,-6,0.1818,8,-13,-0.0212,-0.1862,0.8895,331192.8571,0.0806,-0.2115,1.078,"Phoenix-Mesa-Glendale, AZ Metropolitan Statistical Area","Phoenix, AZ"
2019-03-01,85004,"phoenix, az",phoenix,az,12132,9847,-1215,-1162,39.461443,42.27216144,36.65072397,77,0.0694,5,0.3276,19,12,0.1749,0.164,0.7719,331121.4286,0.0036,0.051,1.0777,"Phoenix-Mesa-Glendale, AZ Metropolitan Statistical Area","Phoenix, AZ"
2019-02-01,85031,"phoenix, az",phoenix,az,6014,5810,-869,-1324,59.646515,88.12025107,31.17277833,42,-0.1683,-8.5,-0.1923,-10,-41,-0.129,-0.2603,0.675,192050,0.0105,0.1202,0.6432,"Phoenix-Mesa-Glendale, AZ Metropolitan Statistical Area","Phoenix, AZ"
2019-02-01,85022,"phoenix, az",phoenix,az,383,3307,100,317,71.869838,90.08259002,53.65708622,39.5,-0.2547,-13.5,-0.092,-4,-43.5,-0.0314,0,0.9625,312550,0.0249,-0.0557,1.0469,"Phoenix-Mesa-Glendale, AZ Metropolitan Statistical Area","Phoenix, AZ"
2019-02-01,85042,"phoenix, az",phoenix,az,2049,3159,-113,821,72.705649,93.67690783,51.73439049,34.5,-0.3168,-16,-0.2418,-11,-48.5,-0.0798,0.0135,0.9375,289995,0.0173,0.064,0.9713,"Phoenix-Mesa-Glendale, AZ Metropolitan Statistical Area","Phoenix, AZ"
2019-02-01,85033,"phoenix, az",phoenix,az,2034,3299,-344,-1208,71.902874,96.51800463,47.28774364,29.5,-0.1449,-5,0.0351,1,-53.5,-0.0728,-0.2045,0.875,198999.5,0.0255,0.154,0.6665,"Phoenix-Mesa-Glendale, AZ Metropolitan Statistical Area","Phoenix, AZ"
2019-02-01,85083,"phoenix, az",phoenix,az,6714,3801,1796,-1069,69.392137,87.06309878,51.72117608,43.5,-0.4122,-30.5,0.1757,6.5,-39.5,-0.0798,-0.1124,0.9375,445550,0.0243,0.0295,1.4925,"Phoenix-Mesa-Glendale, AZ Metropolitan Statistical Area","Phoenix, AZ"
2019-02-01,85029,"phoenix, az",phoenix,az,1102,3554,865,-654,70.601255,94.37727123,46.82523951,33.5,-0.3163,-15.5,-0.2024,-8.5,-49.5,0.053,-0.1965,0.8688,230000,-0.0043,0.0452,0.7704,"Phoenix-Mesa-Glendale, AZ Metropolitan Statistical Area","Phoenix, AZ"
2019-02-01,85023,"phoenix, az",phoenix,az,2086,5066,-1835,-2274,63.240833,81.40072679,45.08093822,50.5,-0.0194,-1,0.3649,13.5,-32.5,-0.1615,-0.1916,0.8438,310000,-0.0236,0.0973,1.0384,"Phoenix-Mesa-Glendale, AZ Metropolitan Statistical Area","Phoenix, AZ"
2019-02-01,85048,"phoenix, az",phoenix,az,2580,2408,746,496,76.848365,86.67327387,67.02345557,44,-0.2787,-17,-0.0833,-4,-39,0.0163,0.0163,1.1688,408550,0.0215,-0.0607,1.3685,"Phoenix-Mesa-Glendale, AZ Metropolitan Statistical Area","Phoenix, AZ"
2019-02-01,85012,"phoenix, az",phoenix,az,10259,7161,430,477,53.316815,66.36934258,40.26428807,67.5,-0.106,-8,-0.129,-10,-15.5,-0.0157,0.0504,0.7813,525050,0.1248,0.2963,1.7588,"Phoenix-Mesa-Glendale, AZ Metropolitan Statistical Area","Phoenix, AZ"
2019-02-01,85020,"phoenix, az",phoenix,az,1569,5100,575,-1634,63.085563,75.21638586,50.95474067,58,-0.1008,-6.5,0.5065,19.5,-25,0.0882,-0.0133,0.925,306500,-0.0271,-0.244,1.0266,"Phoenix-Mesa-Glendale, AZ Metropolitan Statistical Area","Phoenix, AZ"
2019-02-01,85037,"phoenix, az",phoenix,az,2275,992,1076,-276,86.25702,98.2292699,74.2847704,25,-0.4048,-17,-0.0196,-0.5,-58,0.1676,-0.1739,1.3063,219450,0.0181,0.1,0.735,"Phoenix-Mesa-Glendale, AZ Metropolitan Statistical Area","Phoenix, AZ"
2019-02-01,85016,"phoenix, az",phoenix,az,1068,7614,1058,-346,51.295012,71.76081929,30.82920383,62,-0.2051,-16,-0.0388,-2.5,-21,-0.0446,0.0388,0.6688,465000,0.0152,-0.06,1.5576,"Phoenix-Mesa-Glendale, AZ Metropolitan Statistical Area","Phoenix, AZ"
2019-02-01,85004,"phoenix, az",phoenix,az,12132,8632,-2956,1095,46.154609,61.66501487,30.64420218,72,0.0746,5,-0.1818,-16,-11,-0.2465,0.2022,0.6688,329950,-0.0247,0.0924,1.1052,"Phoenix-Mesa-Glendale, AZ Metropolitan Statistical Area","Phoenix, AZ"
2019-02-01,85028,"phoenix, az",phoenix,az,5310,5801,-275,-951,59.679551,79.56392468,39.79517674,53,-0.1382,-8.5,-0.1017,-6,-30,-0.0677,-0.1678,0.775,425050,-0.0023,-0.0093,1.4238,"Phoenix-Mesa-Glendale, AZ Metropolitan Statistical Area","Phoenix, AZ"
2019-02-01,85044,"phoenix, az",phoenix,az,967,2639,382,-16,75.536835,82.64288074,68.43078956,49,-0.2097,-13,-0.0297,-1.5,-34,0.0053,-0.045,1.1938,329500,0.0217,-0.009,1.1037,"Phoenix-Mesa-Glendale, AZ Metropolitan Statistical Area","Phoenix, AZ"
