rltr_market_hotness_msa_phoenix.csv
month_date_yyyymm,postal_code,zip_name,city,state,nielsen_hh_rank,hotness_rank,hotness_rank_mm,hotness_rank_yy,hotness_score,supply_score,demand_score,median_days_on_market,median_days_on_market_mm,median_dom_mm_day,median_days_on_market_yy,median_dom_yy_day,median_dom_vs_us,ldpviews_per_property_mm,ldpviews_per_property_yy,ldpviews_per_property_vs_us,median_listing_price,median_listing_price_mm,median_listing_price_yy,median_listing_price_vs_us,cbsa_name,cbsa_zip_name
2019-02-01,85043,"phoenix, az",phoenix,az,3841,2300,863,238,77.535514,98.84373968,56.22728774,23,-0.578,-31.5,-0.2923,-9.5,-60,-0.0476,-0.0419,1,230000,0.022,0.0903,0.7704,"Phoenix-Mesa-Glendale, AZ Metropolitan Statistical Area","Phoenix, AZ"
2019-02-01,85051,"phoenix, az",phoenix,az,1860,3842,-90,-1120,69.207136,89.71919392,48.69507763,40,-0.1837,-9,0.0667,2.5,-43,-0.0138,-0.1588,0.8938,217050,-0.0078,0.0095,0.727,"Phoenix-Mesa-Glendale, AZ Metropolitan Statistical Area","Phoenix, AZ"
2019-02-01,85085,"phoenix, az",phoenix,az,5409,5632,171,-2267,60.594648,74.74727453,46.4420218,58.5,-0.0859,-5.5,0.4268,17.5,-24.5,0.0376,-0.1266,0.8625,429047.5,0.04,-0.0021,1.4372,"Phoenix-Mesa-Glendale, AZ Metropolitan Statistical Area","Phoenix, AZ"
2019-02-01,85035,"phoenix, az",phoenix,az,2967,3017,-727,-776,73.429138,97.77337298,49.08490254,26.5,-0.3908,-17,0.0816,2,-56.5,-0.1724,-0.1325,0.9,195050,-0.0046,0.1207,0.6533,"Phoenix-Mesa-Glendale, AZ Metropolitan Statistical Area","Phoenix, AZ"
2019-02-01,85045,"phoenix, az",phoenix,az,11338,7003,-1433,-2780,54.050215,72.55368352,35.54674595,61,0.0796,4.5,0.2979,14,-22,-0.0492,-0.1944,0.725,431950,-0.1095,0.0705,1.4469,"Phoenix-Mesa-Glendale, AZ Metropolitan Statistical Area","Phoenix, AZ"
2019-02-01,85007,"phoenix, az",phoenix,az,8167,8338,-2756,1197,47.809713,61.66501487,33.95441031,72,0.1429,9,-0.2906,-29.5,-11,-0.163,-0.0174,0.7063,376250,-0.0595,0.0687,1.2603,"Phoenix-Mesa-Glendale, AZ Metropolitan Statistical Area","Phoenix, AZ"
2019-02-01,85050,"phoenix, az",phoenix,az,3420,2780,118,459,74.667988,93.00958044,56.32639577,35.5,-0.2828,-14,-0.0779,-3,-47.5,-0.0303,0.0191,1,417050,0.0109,-0.0379,1.397,"Phoenix-Mesa-Glendale, AZ Metropolitan Statistical Area","Phoenix, AZ"
2019-02-01,85019,"phoenix, az",phoenix,az,6465,3413,-188,-634,71.318137,94.9851338,47.65113974,32.5,-0.1216,-4.5,0.1818,5,-50.5,-0.0408,-0.0784,0.8813,203050,0.0037,0.1567,0.6801,"Phoenix-Mesa-Glendale, AZ Metropolitan Statistical Area","Phoenix, AZ"
2019-02-01,85003,"phoenix, az",phoenix,az,9001,9676,-2343,-4731,40.336967,46.67988107,33.99405352,89.5,0.1933,14.5,1.2099,49,6.5,-0.1374,-0.0342,0.7063,476750,-0.0109,0.0724,1.597,"Phoenix-Mesa-Glendale, AZ Metropolitan Statistical Area","Phoenix, AZ"
2019-02-01,85024,"phoenix, az",phoenix,az,4045,2708,653,-1711,75.137099,89.71919392,60.55500496,40,-0.2982,-17,0.7021,16.5,-43,0.0119,-0.2411,1.0625,314550,0.0397,-0.0141,1.0536,"Phoenix-Mesa-Glendale, AZ Metropolitan Statistical Area","Phoenix, AZ"
2019-02-01,85015,"phoenix, az",phoenix,az,1925,6689,-298,-3568,55.556657,81.40072679,29.71258672,50.5,-0.2171,-14,0.5781,18.5,-32.5,-0.1393,-0.2953,0.6563,252500,-0.0096,0.0563,0.8457,"Phoenix-Mesa-Glendale, AZ Metropolitan Statistical Area","Phoenix, AZ"
2019-02-01,85054,"phoenix, az",phoenix,az,10739,10418,-772,-2902,35.903535,56.02246449,15.78460522,78.5,0.0537,4,0.1544,10.5,-4.5,-0.0494,-0.2667,0.4813,358050,0.0113,0.0408,1.1993,"Phoenix-Mesa-Glendale, AZ Metropolitan Statistical Area","Phoenix, AZ"
2019-02-01,85041,"phoenix, az",phoenix,az,1098,2880,4,-1135,74.172448,94.73406013,53.61083581,33,-0.3832,-20.5,-0.0149,-0.5,-50,-0.1098,-0.2261,0.9625,235050,-0.0021,4e-4,0.7873,"Phoenix-Mesa-Glendale, AZ Metropolitan Statistical Area","Phoenix, AZ"
2019-02-01,85006,"phoenix, az",phoenix,az,4953,8726,512,-4604,45.71523,66.81202511,24.61843409,67,-0.1465,-11.5,0.5581,24,-16,-0.0594,-0.3214,0.5938,318500,0.0373,0.0527,1.0668,"Phoenix-Mesa-Glendale, AZ Metropolitan Statistical Area","Phoenix, AZ"
2019-02-01,85040,"phoenix, az",phoenix,az,4774,3616,-1143,-1212,70.29402,86.67327387,53.9147671,44,0.0353,1.5,0.0732,3,-39,-0.0719,-0.1711,0.9688,199050,-0.0012,0.0926,0.6667,"Phoenix-Mesa-Glendale, AZ Metropolitan Statistical Area","Phoenix, AZ"
2019-02-01,85008,"phoenix, az",phoenix,az,407,5622,1655,-288,60.634291,79.06838454,42.20019822,53.5,-0.2465,-17.5,-0.123,-7.5,-29.5,0.0661,-0.0851,0.8063,285450,0.0193,0.1126,0.9561,"Phoenix-Mesa-Glendale, AZ Metropolitan Statistical Area","Phoenix, AZ"
2019-02-01,85032,"phoenix, az",phoenix,az,90,3854,-962,-2540,69.124546,81.88305253,56.36603898,50,0.0417,2,0.6667,20,-33,-0.0184,-0.2558,1,292500,-0.0186,0.0896,0.9797,"Phoenix-Mesa-Glendale, AZ Metropolitan Statistical Area","Phoenix, AZ"
2019-02-01,85009,"phoenix, az",phoenix,az,2815,2840,898,-402,74.35745,97.52229931,51.19259993,27,-0.46,-23,-0.25,-9,-56,0.0136,-0.1534,0.9313,185049.5,0.0278,0.215,0.6198,"Phoenix-Mesa-Glendale, AZ Metropolitan Statistical Area","Phoenix, AZ"
2019-02-01,85021,"phoenix, az",phoenix,az,1551,7658,-1293,-2106,51.100099,72.98975884,29.21043938,60.5,0.0083,0.5,0.2737,13,-22.5,-0.0877,-0.0796,0.65,369550,-0.0401,-0.1178,1.2379,"Phoenix-Mesa-Glendale, AZ Metropolitan Statistical Area","Phoenix, AZ"
2019-02-01,85013,"phoenix, az",phoenix,az,4529,7772,-1626,-3659,50.505451,70.7234886,30.28741328,63,0.0328,2,0.3404,16,-20,-0.1167,-0.2789,0.6625,358050,0.0258,0.1249,1.1993,"Phoenix-Mesa-Glendale, AZ Metropolitan Statistical Area","Phoenix, AZ"
2019-02-01,85027,"phoenix, az",phoenix,az,1540,995,602,574,86.230591,96.21407334,76.24710935,30,-0.4595,-25.5,-0.2208,-8.5,-53,-0.0314,-0.027,1.35,251000,0.006,0.0796,0.8407,"Phoenix-Mesa-Glendale, AZ Metropolitan Statistical Area","Phoenix, AZ"
2019-02-01,85017,"phoenix, az",phoenix,az,3244,3346,1331,-1120,71.628675,88.46382557,54.79352494,41.5,-0.3664,-24,0.566,15,-41.5,-0.0063,-0.071,0.9813,189525,0.0138,0.1149,0.6348,"Phoenix-Mesa-Glendale, AZ Metropolitan Statistical Area","Phoenix, AZ"
2019-02-01,85018,"phoenix, az",phoenix,az,1254,7192,-1176,-920,53.201189,59.91410638,46.48827222,74,0.0207,1.5,0.035,2.5,-9,-0.08,-0.0072,0.8625,772500,0.044,-0.1412,2.5878,"Phoenix-Mesa-Glendale, AZ Metropolitan Statistical Area","Phoenix, AZ"
2019-02-01,85053,"phoenix, az",phoenix,az,3586,3064,-1004,-1777,73.187975,88.88007929,57.4958705,41,0.0513,2,0.0649,2.5,-42,-0.0791,-0.3292,1.0188,243300,0.0307,0.0576,0.8149,"Phoenix-Mesa-Glendale, AZ Metropolitan Statistical Area","Phoenix, AZ"
2019-02-01,85014,"phoenix, az",phoenix,az,2792,8258,-1517,-4271,48.14668,61.66501487,34.6283449,72,0.0667,4.5,0.92,34.5,-11,-0.0656,-0.1556,0.7125,337550,-0.0286,-0.0253,1.1307,"Phoenix-Mesa-Glendale, AZ Metropolitan Statistical Area","Phoenix, AZ"
2019-01-01,85004,"phoenix, az",phoenix,az,12132,5676,4003,4674,60.750262,76.22318158,45.27734171,67,-0.2796,-26,-0.3232,-32,-20,0.3148,0.6905,0.882,338300,-0.0334,0.1018,1.1664,"Phoenix-Mesa-Glendale, AZ Metropolitan Statistical Area","Phoenix, AZ"
2019-01-01,85028,"phoenix, az",phoenix,az,5310,5526,-1672,-1359,61.423993,81.86159079,40.98639456,61.5,0.1604,8.5,-0.1214,-8.5,-25.5,0.0902,-0.125,0.8261,426050,0.0083,0.041,1.469,"Phoenix-Mesa-Glendale, AZ Metropolitan Statistical Area","Phoenix, AZ"
2019-01-01,85018,"phoenix, az",phoenix,az,1254,6016,-489,-538,59.128074,68.91025641,49.3458922,72.5,0.0821,5.5,-0.0823,-6.5,-14.5,0.2097,0.0417,0.9317,739950,0.0206,-0.1374,2.5514,"Phoenix-Mesa-Glendale, AZ Metropolitan Statistical Area","Phoenix, AZ"
2019-01-01,85022,"phoenix, az",phoenix,az,383,3407,138,-1019,71.713108,89.84824699,53.57796965,53,0.0816,4,0.1522,7,-34,0.3475,0.0325,0.9876,304950,-0.0161,-0.0989,1.0514,"Phoenix-Mesa-Glendale, AZ Metropolitan Statistical Area","Phoenix, AZ"
2019-01-01,85029,"phoenix, az",phoenix,az,1102,4419,-1034,-1956,66.68629,92.94871795,40.42386185,49,0.1395,6,0,0,-38,0.1579,-0.1538,0.8199,231000,-0.0045,0.0747,0.7964,"Phoenix-Mesa-Glendale, AZ Metropolitan Statistical Area","Phoenix, AZ"
2019-01-01,85050,"phoenix, az",phoenix,az,3420,2898,-52,169,74.378598,92.61512297,56.14207221,49.5,0.0102,0.5,-0.0748,-4,-37.5,0.2692,0.1379,1.0248,412550,-0.0294,0.055,1.4224,"Phoenix-Mesa-Glendale, AZ Metropolitan Statistical Area","Phoenix, AZ"
2019-01-01,85051,"phoenix, az",phoenix,az,1860,3752,23,-827,69.891418,92.94871795,46.83411826,49,0.2895,11,0.0538,2.5,-38,0.3942,0.0357,0.9006,218750,-0.0055,0.0208,0.7541,"Phoenix-Mesa-Glendale, AZ Metropolitan Statistical Area","Phoenix, AZ"
2019-01-01,85035,"phoenix, az",phoenix,az,2967,2290,806,1197,77.838828,96.01648352,59.66117216,43.5,0.0357,1.5,-0.1386,-7,-43.5,0.4746,0.3282,1.0807,195947.5,0.0046,0.1258,0.6755,"Phoenix-Mesa-Glendale, AZ Metropolitan Statistical Area","Phoenix, AZ"
2019-01-01,85042,"phoenix, az",phoenix,az,2049,3046,-1289,226,73.593668,91.92176871,55.26556777,50.5,0.1222,5.5,-0.0381,-2,-36.5,0.0867,0.1812,1.0124,285050,0,0.0487,0.9828,"Phoenix-Mesa-Glendale, AZ Metropolitan Statistical Area","Phoenix, AZ"
2019-01-01,85033,"phoenix, az",phoenix,az,2034,2955,-177,-523,74.061355,98.47592883,49.64678179,34.5,0.1897,5.5,0.0299,1,-52.5,0.2797,0.0559,0.9379,194050,-0.0276,0.1704,0.669,"Phoenix-Mesa-Glendale, AZ Metropolitan Statistical Area","Phoenix, AZ"
2019-01-01,85023,"phoenix, az",phoenix,az,2086,3231,-11,155,72.75314,91.13683935,54.36944008,51.5,0.051,2.5,-0.1626,-10,-35.5,0.2984,0.0662,1,317500,0.1543,0.1673,1.0947,"Phoenix-Mesa-Glendale, AZ Metropolitan Statistical Area","Phoenix, AZ"
2019-01-01,85044,"phoenix, az",phoenix,az,967,3021,290,113,73.747384,81.40371533,66.09105181,62,-0.0159,-1,-0.0949,-6.5,-25,0.2338,0.0674,1.1801,322500,-0.0066,-0.0375,1.1119,"Phoenix-Mesa-Glendale, AZ Metropolitan Statistical Area","Phoenix, AZ"
2019-01-01,85040,"phoenix, az",phoenix,az,4774,2473,-216,-1147,76.707221,96.46127682,56.95316588,42.5,-0.0341,-1.5,-0.0659,-3,-44.5,0.2279,-0.1566,1.0373000000000001,199282.5,-0.0033,0.0589,0.687,"Phoenix-Mesa-Glendale, AZ Metropolitan Statistical Area","Phoenix, AZ"
2019-01-01,85032,"phoenix, az",phoenix,az,90,2892,-1117,-1451,74.417844,93.46546311,55.37022501,48,0.1429,6,0,0,-39,0.1319,-0.1641,1.0124,298050,0.0102,0.1483,1.0276,"Phoenix-Mesa-Glendale, AZ Metropolitan Statistical Area","Phoenix, AZ"
2019-01-01,85041,"phoenix, az",phoenix,az,1098,2884,-862,-700,74.473443,89.51465201,59.43223443,53.5,0.0918,4.5,0.0918,4.5,-33.5,0.1689,0.0485,1.0745,235550,-0.0187,0.0077,0.8121,"Phoenix-Mesa-Glendale, AZ Metropolitan Statistical Area","Phoenix, AZ"
2019-01-01,85016,"phoenix, az",phoenix,az,1068,8672,-462,-2169,46.222527,61.85897436,30.58608059,78,0.0685,5,0.0612,4.5,-9,0.1915,0.0275,0.6957,458050,0.0421,-0.0508,1.5793,"Phoenix-Mesa-Glendale, AZ Metropolitan Statistical Area","Phoenix, AZ"
2019-01-01,85013,"phoenix, az",phoenix,az,4529,6146,-871,-611,58.457614,82.4241235,34.49110413,61,0.0702,4,-0.1095,-7.5,-26,0.1321,0.0169,0.7453,349050,-0.0438,0.0512,1.2034,"Phoenix-Mesa-Glendale, AZ Metropolitan Statistical Area","Phoenix, AZ"
2019-01-01,85017,"phoenix, az",phoenix,az,3244,4677,-1393,-2962,65.450026,77.98927263,52.9107797,65.5,0.3646,17.5,0.7703,28.5,-21.5,0.2951,-0.0706,0.9814,186950,-0.0316,0.0532,0.6445,"Phoenix-Mesa-Glendale, AZ Metropolitan Statistical Area","Phoenix, AZ"
2019-01-01,85053,"phoenix, az",phoenix,az,3586,2060,1437,-712,79.179749,97.50130822,60.85818943,39,-0.2353,-12,-0.1034,-4.5,-48,0.4274,-0.0829,1.0994,236050,-0.0163,-0.0051,0.8138,"Phoenix-Mesa-Glendale, AZ Metropolitan Statistical Area","Phoenix, AZ"
2019-01-01,85083,"phoenix, az",phoenix,az,6714,5597,551,-2244,61.126374,67.00026164,55.25248561,74,0.0725,5,0.1473,9.5,-13,0.3814,0.0252,1.0124,435000,0.0481,0.0481,1.4998,"Phoenix-Mesa-Glendale, AZ Metropolitan Statistical Area","Phoenix, AZ"
2019-01-01,85007,"phoenix, az",phoenix,az,8167,5582,-2567,3415,61.159079,80.41601256,41.90214547,63,0.2857,14,-0.2961,-26.5,-24,0.0547,0.4362,0.8385,400050,-0.0241,0.1042,1.3793,"Phoenix-Mesa-Glendale, AZ Metropolitan Statistical Area","Phoenix, AZ"
2019-01-01,85045,"phoenix, az",phoenix,az,11338,5570,-579,1382,61.214678,86.96363161,35.46572475,56.5,0.13,6.5,-0.3757,-34,-30.5,0.2449,-0.1286,0.7578,485050,0,0.2851,1.6724,"Phoenix-Mesa-Glendale, AZ Metropolitan Statistical Area","Phoenix, AZ"
2019-01-01,85008,"phoenix, az",phoenix,az,407,7277,1299,-3587,53.103741,71.21271586,34.99476714,71,-0.0405,-3,0.1639,10,-16,0.3152,-0.1538,0.7516,280049.5,0.0275,0.1789,0.9655,"Phoenix-Mesa-Glendale, AZ Metropolitan Statistical Area","Phoenix, AZ"
2019-01-01,85024,"phoenix, az",phoenix,az,4045,3361,932,-1192,71.994375,86.59079016,57.39795918,57,0.14,7,0.0088,0.5,-30,0.5556,-0.0667,1.0435,302550,-0.0079,0.0228,1.0431,"Phoenix-Mesa-Glendale, AZ Metropolitan Statistical Area","Phoenix, AZ"
2019-01-01,85003,"phoenix, az",phoenix,az,9001,7333,-1749,-147,52.85191,65.77708006,39.92673993,75,0.1719,11,-0.0446,-3.5,-12,0.1293,0.2243,0.8137,482025,0.0041,0.0831,1.662,"Phoenix-Mesa-Glendale, AZ Metropolitan Statistical Area","Phoenix, AZ"
2019-01-01,85019,"phoenix, az",phoenix,az,6465,3225,-195,299,72.789116,98.01805338,47.56017792,37,-0.1591,-7,0.1935,6,-50,0.2049,0.2672,0.913,202300,0.0163,0.1557,0.6974,"Phoenix-Mesa-Glendale, AZ Metropolitan Statistical Area","Phoenix, AZ"
2019-01-01,85009,"phoenix, az",phoenix,az,2815,3738,-557,-1495,69.969911,92.26844584,47.67137624,50,0.1628,7,0.4925,16.5,-37,0.2458,-0.0134,0.913,180047.5,0.0056,0.2003,0.6207,"Phoenix-Mesa-Glendale, AZ Metropolitan Statistical Area","Phoenix, AZ"
2019-01-01,85048,"phoenix, az",phoenix,az,2580,3154,-443,77,73.106358,82.4241235,63.78859236,61,0.0893,5,-0.0896,-6,-26,0.2432,0.0824,1.1429,399950,0.039,-0.0089,1.379,"Phoenix-Mesa-Glendale, AZ Metropolitan Statistical Area","Phoenix, AZ"
2019-01-01,85043,"phoenix, az",phoenix,az,3841,3163,81,-1428,73.021324,88.68393511,57.35871272,54.5,0.09,4.5,0.3133,13,-32.5,0.3333,-0.0289,1.0435,225045,0.0094,0.0822,0.7758,"Phoenix-Mesa-Glendale, AZ Metropolitan Statistical Area","Phoenix, AZ"
2019-01-01,85034,"phoenix, az",phoenix,az,12974,10195,NA,NA,37.843407,57.65306122,18.03375196,81.5,-0.0523,-4.5,-0.0121,-1,-5.5,0.5,-0.281,0.5404,250050,0,0.0695,0.8621,"Phoenix-Mesa-Glendale, AZ Metropolitan Statistical Area","Phoenix, AZ"
2019-01-01,85054,"phoenix, az",phoenix,az,10739,9646,-2859,-2829,40.871926,66.3003663,15.44348509,74.5,0.3796,20.5,0.0643,4.5,-12.5,0.0125,-0.1474,0.5031,354050,0,0.025,1.2207,"Phoenix-Mesa-Glendale, AZ Metropolitan Statistical Area","Phoenix, AZ"
2019-01-01,85085,"phoenix, az",phoenix,az,5409,5803,335,-1531,60.223705,79.42176871,41.02564103,64,0.0159,1,-0.0857,-6,-23,0.2788,-0.1074,0.8261,412550,-0.0407,-0.0294,1.4224,"Phoenix-Mesa-Glendale, AZ Metropolitan Statistical Area","Phoenix, AZ"
2019-01-01,85027,"phoenix, az",phoenix,az,1540,1597,-825,246,82.155939,87.78780743,76.52407117,55.5,0.5417,19.5,0.0777,4,-31.5,0.2816,0.2186,1.3851,249500,0.0099,0.0869,0.8602,"Phoenix-Mesa-Glendale, AZ Metropolitan Statistical Area","Phoenix, AZ"
2019-01-01,85020,"phoenix, az",phoenix,az,1569,5675,-1064,-2615,60.750262,78.89194139,42.60858189,64.5,0.1316,7.5,0.1518,8.5,-22.5,0.1724,-0.0872,0.8447,315050,-0.0308,-0.0974,1.0862,"Phoenix-Mesa-Glendale, AZ Metropolitan Statistical Area","Phoenix, AZ"
2019-01-01,85006,"phoenix, az",phoenix,az,4953,9238,-1436,-5058,43.053375,61.14599686,24.96075353,78.5,0.2266,14.5,0.5096,26.5,-8.5,0.2317,-0.1441,0.6273,307050,0.0066,-0.0479,1.0586,"Phoenix-Mesa-Glendale, AZ Metropolitan Statistical Area","Phoenix, AZ"
2019-01-01,85031,"phoenix, az",phoenix,az,6014,4941,-1144,-867,64.194139,91.92176871,36.46650968,50.5,0.3289,12.5,0.0978,4.5,-36.5,0.1923,0.0877,0.7702,190050,-0.0251,0.1346,0.6552,"Phoenix-Mesa-Glendale, AZ Metropolitan Statistical Area","Phoenix, AZ"
2019-01-01,85037,"phoenix, az",phoenix,az,2275,2068,-551,-1334,79.12742,96.67059131,61.58424908,42,0.1667,6,0.2537,8.5,-45,0.2095,-0.19,1.1118,215550,0.0262,0.0775,0.7431,"Phoenix-Mesa-Glendale, AZ Metropolitan Statistical Area","Phoenix, AZ"
2019-01-01,85015,"phoenix, az",phoenix,az,1925,6391,-1158,-3334,57.260597,78.89194139,35.6292517,64.5,0.3163,15.5,0.4828,21,-22.5,0.3261,-0.0827,0.7578,254950,-0.0192,0.0942,0.879,"Phoenix-Mesa-Glendale, AZ Metropolitan Statistical Area","Phoenix, AZ"
2019-01-01,85012,"phoenix, az",phoenix,az,10259,7591,-2908,1007,51.51753,65.13605442,37.89900576,75.5,0.3727,20.5,-0.1517,-13.5,-11.5,0.1339,0.2451,0.7888,466800,0.0372,0.2983,1.6095,"Phoenix-Mesa-Glendale, AZ Metropolitan Statistical Area","Phoenix, AZ"
2019-01-01,85014,"phoenix, az",phoenix,az,2792,6741,-1606,-2856,55.638409,75.61486133,35.66195709,67.5,0.2273,12.5,0.1842,10.5,-19.5,0.1731,-0.0687,0.7578,347500,-0.0322,-0.0608,1.1981,"Phoenix-Mesa-Glendale, AZ Metropolitan Statistical Area","Phoenix, AZ"
2019-01-01,85021,"phoenix, az",phoenix,az,1551,6365,696,-1179,57.381606,83.33987441,31.42333857,60,-0.0476,-3,-0.0323,-2,-27,0.2667,0.0179,0.7081,384970,0.0156,-0.06,1.3273,"Phoenix-Mesa-Glendale, AZ Metropolitan Statistical Area","Phoenix, AZ"
2018-12-01,85042,"phoenix, az",phoenix,az,2049,1757,681,558,81.883236,94.40136183,69.36510939,45,0.125,5,-0.0217,-1,-36,0.0638,0.2097,1.2712,285050,0.018,0.0595,0.9791,"Phoenix-Mesa-Glendale, AZ Metropolitan Statistical Area","Phoenix, AZ"
2018-12-01,85027,"phoenix, az",phoenix,az,1540,772,491,513,88.730219,98.84622659,78.61421096,36,0.0286,1,-0.1,-4,-45,0.0675,0.1757,1.4746,247050,0.0238,0.1227,0.8486,"Phoenix-Mesa-Glendale, AZ Metropolitan Statistical Area","Phoenix, AZ"
2018-12-01,85006,"phoenix, az",phoenix,az,4953,7802,-272,-4043,51.450098,73.62083097,29.27936448,64,0.1852,10,0.28,14,-17,-0.0682,-0.18,0.6949,305050,-0.0302,-0.0615,1.0479,"Phoenix-Mesa-Glendale, AZ Metropolitan Statistical Area","Phoenix, AZ"
2018-12-01,85012,"phoenix, az",phoenix,az,10259,4683,-2182,3672,66.603619,84.81180253,48.39543534,55,0.4865,18,-0.3373,-28,-26,-0.1704,0.3333,0.9492,450050,0.0169,0.2195,1.546,"Phoenix-Mesa-Glendale, AZ Metropolitan Statistical Area","Phoenix, AZ"
