rltr_market_hotness_msa_phoenix.csv
month_date_yyyymm,postal_code,zip_name,city,state,nielsen_hh_rank,hotness_rank,hotness_rank_mm,hotness_rank_yy,hotness_score,supply_score,demand_score,median_days_on_market,median_days_on_market_mm,median_dom_mm_day,median_days_on_market_yy,median_dom_yy_day,median_dom_vs_us,ldpviews_per_property_mm,ldpviews_per_property_yy,ldpviews_per_property_vs_us,median_listing_price,median_listing_price_mm,median_listing_price_yy,median_listing_price_vs_us,cbsa_name,cbsa_zip_name
2018-12-01,85021,"phoenix, az",phoenix,az,1551,7061,625,-1187,55.075342,75.37355778,34.77712628,63,0.115,6.5,0,0,-18,0,0.0465,0.7627,379050,0.0528,-0.0405,1.3021,"Phoenix-Mesa-Glendale, AZ Metropolitan Statistical Area","Phoenix, AZ"
2018-12-01,85043,"phoenix, az",phoenix,az,3841,3244,-458,-1788,73.652355,90.44196457,56.8627451,50,0.5873,18.5,0.5625,18,-31,0.0244,-0.0597,1.0678,222950,-0.0219,0.0878,0.7658,"Phoenix-Mesa-Glendale, AZ Metropolitan Statistical Area","Phoenix, AZ"
2018-12-01,85053,"phoenix, az",phoenix,az,3586,3497,-652,-1306,72.385096,88.98556207,55.78462896,51,0.4571,16,0.4167,15,-30,-0.008,0.0508,1.0508,239950,-0.0105,0.0435,0.8242,"Phoenix-Mesa-Glendale, AZ Metropolitan Statistical Area","Phoenix, AZ"
2018-12-01,85085,"phoenix, az",phoenix,az,5409,6138,-77,-425,59.715655,75.37355778,44.05775172,63,0.2,10.5,-0.125,-9,-18,-0.0189,-0.0189,0.8814,430045,0.0118,0.0361,1.4773,"Phoenix-Mesa-Glendale, AZ Metropolitan Statistical Area","Phoenix, AZ"
2018-12-01,85018,"phoenix, az",phoenix,az,1254,5527,312,-174,62.543345,68.81028939,56.27640124,67,0.1356,8,-0.0563,-4,-14,0.0081,0.1273,1.0508,725050,0.0183,-0.156,2.4908,"Phoenix-Mesa-Glendale, AZ Metropolitan Statistical Area","Phoenix, AZ"
2018-12-01,85035,"phoenix, az",phoenix,az,2967,3096,-441,1291,74.437299,96.80348023,52.07111784,42,0.05,2,0,0,-39,-0.1387,0.439,1,195050,0,0.1477,0.6699,"Phoenix-Mesa-Glendale, AZ Metropolitan Statistical Area","Phoenix, AZ"
2018-12-01,85045,"phoenix, az",phoenix,az,11338,4991,89,2970,65.106235,90.44196457,39.77050627,50,0.087,4,-0.4118,-35,-31,-0.0926,0.0426,0.8305,485050,-0.0414,0.1975,1.6663,"Phoenix-Mesa-Glendale, AZ Metropolitan Statistical Area","Phoenix, AZ"
2018-12-01,85022,"phoenix, az",phoenix,az,383,3545,240,-991,72.142362,91.68400479,52.60071874,49,0.0889,4,-0.1091,-6,-32,-0.0635,-0.1061,1,309950,-0.0162,-0.1092,1.0647,"Phoenix-Mesa-Glendale, AZ Metropolitan Statistical Area","Phoenix, AZ"
2018-12-01,85014,"phoenix, az",phoenix,az,2792,5135,335,-1757,64.441082,84.81180253,44.07036126,55,0.0784,4,-0.0351,-2,-26,-0.0714,-0.1186,0.8814,359050,0.0266,0.0014,1.2334,"Phoenix-Mesa-Glendale, AZ Metropolitan Statistical Area","Phoenix, AZ"
2018-12-01,85015,"phoenix, az",phoenix,az,1925,5233,232,-1252,63.955614,91.68400479,36.22722401,49,0.1136,5,0,0,-32,-0.0612,-0.0213,0.7797,259950,-0.0372,0.1305,0.8929,"Phoenix-Mesa-Glendale, AZ Metropolitan Statistical Area","Phoenix, AZ"
2018-12-01,85029,"phoenix, az",phoenix,az,1102,3385,-713,-1015,72.961982,95.95864069,49.96532375,43,0.6226,16.5,0.0238,1,-38,-0.0656,-0.0339,0.9661,232050,-0.0064,0.0796,0.7971,"Phoenix-Mesa-Glendale, AZ Metropolitan Statistical Area","Phoenix, AZ"
2018-12-01,85023,"phoenix, az",phoenix,az,2086,3220,630,-902,73.809974,91.68400479,55.93594351,49,0.3067,11.5,-0.02,-1,-32,0.1071,-0.0462,1.0508,275050,0,0.0417,0.9448,"Phoenix-Mesa-Glendale, AZ Metropolitan Statistical Area","Phoenix, AZ"
2018-12-01,85033,"phoenix, az",phoenix,az,2034,2778,-293,713,75.988273,99.74150432,52.23504193,29,0.16,4,-0.3095,-13,-52,-0.056,0.2292,1,199550,-0.002,0.209,0.6854,"Phoenix-Mesa-Glendale, AZ Metropolitan Statistical Area","Phoenix, AZ"
2018-12-01,85024,"phoenix, az",phoenix,az,4045,4293,-601,-2378,68.438308,90.44196457,46.43465103,50,0.1628,7,0.1111,5,-31,-0.122,-0.1818,0.9153,304950,0.013,0.0167,1.0475,"Phoenix-Mesa-Glendale, AZ Metropolitan Statistical Area","Phoenix, AZ"
2018-12-01,85004,"phoenix, az",phoenix,az,12132,9679,-308,779,42.342854,38.66717105,46.01853603,93,0.1205,10,-0.0106,-1,12,-0.0442,0.5882,0.9153,350000,0.1129,0.1474,1.2023,"Phoenix-Mesa-Glendale, AZ Metropolitan Statistical Area","Phoenix, AZ"
2018-12-01,85008,"phoenix, az",phoenix,az,407,8576,-790,-5898,47.834311,59.55488305,36.1137381,74,0.2759,16,0.6087,28,-7,0,-0.2069,0.7797,272550,-0.0233,0.1354,0.9362,"Phoenix-Mesa-Glendale, AZ Metropolitan Statistical Area","Phoenix, AZ"
2018-12-01,85054,"phoenix, az",phoenix,az,10739,6787,-592,-1528,56.550659,85.26574617,27.83557153,54,0.3846,15,-0.069,-4,-27,0,-0.0909,0.678,354050,0.0277,0.0114,1.2162,"Phoenix-Mesa-Glendale, AZ Metropolitan Statistical Area","Phoenix, AZ"
2018-12-01,85051,"phoenix, az",phoenix,az,1860,3775,-167,-517,70.966522,98.12117773,43.81186558,38,0.2881,8.5,-0.2083,-10,-43,-0.037,-0.0189,0.8814,219950,-2e-4,0.0727,0.7555,"Phoenix-Mesa-Glendale, AZ Metropolitan Statistical Area","Phoenix, AZ"
2018-12-01,85016,"phoenix, az",phoenix,az,1068,8210,4,-2334,49.495618,61.23825736,37.75297901,73,0.2066,12.5,0.1406,9,-8,0.0444,0.0682,0.7966,439550,-9e-4,-0.0233,1.5099,"Phoenix-Mesa-Glendale, AZ Metropolitan Statistical Area","Phoenix, AZ"
2018-12-01,85037,"phoenix, az",phoenix,az,2275,1517,164,-48,83.594981,98.84622659,68.34373621,36,0.4694,11.5,-0.0526,-2,-45,0.0423,0.0725,1.2542,210050,-0.0047,0.05,0.7215,"Phoenix-Mesa-Glendale, AZ Metropolitan Statistical Area","Phoenix, AZ"
2018-12-01,85028,"phoenix, az",phoenix,az,5310,3854,-421,-775,70.60715,86.3438623,54.87043692,53,0.0707,3.5,0,0,-28,-0.1469,0.0339,1.0339,422550,-0.0265,0.0589,1.4515,"Phoenix-Mesa-Glendale, AZ Metropolitan Statistical Area","Phoenix, AZ"
2018-12-01,85003,"phoenix, az",phoenix,az,9001,5584,235,4628,62.303764,73.62083097,50.98669693,64,0.1429,8,-0.4667,-56,-17,-0.0085,0.1837,0.9831,480050,-0.0093,0.0529,1.6491,"Phoenix-Mesa-Glendale, AZ Metropolitan Statistical Area","Phoenix, AZ"
2018-12-01,85031,"phoenix, az",phoenix,az,6014,3797,1527,911,70.868798,98.12117773,43.61641763,38,0.0857,3,-0.0256,-1,-43,0.1954,0.3684,0.8814,194950,0,0.1812,0.6696,"Phoenix-Mesa-Glendale, AZ Metropolitan Statistical Area","Phoenix, AZ"
2018-12-01,85041,"phoenix, az",phoenix,az,1098,2022,2348,1152,80.127356,91.68400479,68.57070803,49,0.1667,7,-0.125,-7,-32,0.3333,0.2333,1.2542,240050,-0.0352,0.0439,0.8245,"Phoenix-Mesa-Glendale, AZ Metropolitan Statistical Area","Phoenix, AZ"
2018-12-01,85020,"phoenix, az",phoenix,az,1569,4611,280,-1443,66.912553,82.4159889,51.4091167,57,0.1875,9,0.0179,1,-24,0.0175,-0.0333,0.9831,325050,2e-4,-0.1333,1.1166,"Phoenix-Mesa-Glendale, AZ Metropolitan Statistical Area","Phoenix, AZ"
2018-12-01,85017,"phoenix, az",phoenix,az,3244,3284,-1596,-1298,73.437993,92.42796797,54.44801715,48,0.8113,21.5,0.3714,13,-33,-0.1469,0,1.0339,193050,0.0158,0.1353,0.6631,"Phoenix-Mesa-Glendale, AZ Metropolitan Statistical Area","Phoenix, AZ"
2018-12-01,85007,"phoenix, az",phoenix,az,8167,3015,2016,3507,74.837652,91.68400479,57.99129941,49,-0.0392,-2,-0.3194,-23,-32,0.0756,0.3617,1.0847,409950,0.0897,0.1715,1.4082,"Phoenix-Mesa-Glendale, AZ Metropolitan Statistical Area","Phoenix, AZ"
2018-12-01,85083,"phoenix, az",phoenix,az,6714,6148,-347,-284,59.665217,66.97560053,52.35483261,69,0.3143,16.5,-0.0282,-2,-12,0.0727,0.1569,1,415050,0.0136,-0.0235,1.4258,"Phoenix-Mesa-Glendale, AZ Metropolitan Statistical Area","Phoenix, AZ"
2018-12-01,85050,"phoenix, az",phoenix,az,3420,2846,1355,-47,75.584768,91.68400479,59.48553055,49,-0.0101,-0.5,-0.0392,-2,-32,0.0078,0.0833,1.1017,425050,-0.0116,0.2146,1.4601,"Phoenix-Mesa-Glendale, AZ Metropolitan Statistical Area","Phoenix, AZ"
2018-12-01,85048,"phoenix, az",phoenix,az,2580,2711,-50,933,76.253074,83.9417439,68.56440325,56,0.2874,12.5,-0.1385,-9,-25,0.0278,0.1385,1.2542,384950,-3e-4,-0.0329,1.3224,"Phoenix-Mesa-Glendale, AZ Metropolitan Statistical Area","Phoenix, AZ"
2018-12-01,85040,"phoenix, az",phoenix,az,4774,2257,1456,-543,78.800202,95.16423933,62.43616418,44,-0.0538,-2.5,-0.1698,-9,-37,0.0382,-0.1282,1.1525,199950,0.0096,0.016,0.6868,"Phoenix-Mesa-Glendale, AZ Metropolitan Statistical Area","Phoenix, AZ"
2018-12-01,85032,"phoenix, az",phoenix,az,90,1775,985,-583,81.804426,96.80348023,66.80537167,42,-0.0455,-2,0,0,-39,0.007,-0.0526,1.2203,295050,-0.0126,0.1573,1.0135,"Phoenix-Mesa-Glendale, AZ Metropolitan Statistical Area","Phoenix, AZ"
2018-12-01,85013,"phoenix, az",phoenix,az,4529,5275,2131,-672,63.797995,82.4159889,45.18000126,57,-0.0952,-6,-0.0952,-6,-24,-0.0185,0,0.8983,365050,0.0142,0.0767,1.254,"Phoenix-Mesa-Glendale, AZ Metropolitan Statistical Area","Phoenix, AZ"
2018-12-01,85019,"phoenix, az",phoenix,az,6465,3030,710,1221,74.765147,95.16423933,54.3660551,44,0.3333,11,-0.0435,-2,-37,0.1193,0.3864,1.0339,199050,-0.0087,0.1371,0.6837,"Phoenix-Mesa-Glendale, AZ Metropolitan Statistical Area","Phoenix, AZ"
2018-12-01,85044,"phoenix, az",phoenix,az,967,3311,-635,-451,73.286678,75.37355778,71.19979825,63,0.299,14.5,0.0161,1,-18,-0.0191,0.0845,1.3051,324649,-0.0011,-0.0161,1.1152,"Phoenix-Mesa-Glendale, AZ Metropolitan Statistical Area","Phoenix, AZ"
2018-12-01,85009,"phoenix, az",phoenix,az,2815,3181,-1155,-32,74.040098,95.95864069,52.12155602,43,0.2286,8,0.0488,2,-38,-0.169,0.1569,1,179050,0.0085,0.1933,0.615,"Phoenix-Mesa-Glendale, AZ Metropolitan Statistical Area","Phoenix, AZ"
2018-11-01,85040,"phoenix, az",phoenix,az,4774,3713,-1769,-2443,71.991355,84.00123495,59.98147576,46.5,0.3478,12,0.5,15.5,-25,-0.1761,-0.21560000000000001,1.065,198050,-0.0179,0.1237,0.6639,"Phoenix-Mesa-Glendale, AZ Metropolitan Statistical Area","Phoenix, AZ"
2018-11-01,85031,"phoenix, az",phoenix,az,6014,5324,-1877,-337,64.399506,95.77029948,33.02871257,35,-0.0789,-3,0.1667,5,-36.5,-0.3459,0.061,0.7073,194950,0.0367,0.1553,0.6535,"Phoenix-Mesa-Glendale, AZ Metropolitan Statistical Area","Phoenix, AZ"
2018-11-01,85012,"phoenix, az",phoenix,az,10259,2501,2181,5911,78.020994,94.164865699999993,61.87712257,37,-0.3675,-21.5,-0.5256,-41,-34.5,-0.1563,0.3107,1.0976,442550,0.0058,-0.1005,1.4837,"Phoenix-Mesa-Glendale, AZ Metropolitan Statistical Area","Phoenix, AZ"
2018-11-01,85009,"phoenix, az",phoenix,az,2815,2026,-968,317,80.586601,95.77029948,65.40290213,35,0.0294,1,0.0294,1,-36.5,-0.2447,0.0519,1.1545,177547.5,-0.0028,0.1833,0.5951,"Phoenix-Mesa-Glendale, AZ Metropolitan Statistical Area","Phoenix, AZ"
2018-11-01,85015,"phoenix, az",phoenix,az,1925,5465,366,-675,63.785119,87.27384995,40.29638777,44,-0.0435,-2,0.0732,3,-27.5,-0.1009,0.0316,0.7967,270000,-2e-4,0.1737,0.9051,"Phoenix-Mesa-Glendale, AZ Metropolitan Statistical Area","Phoenix, AZ"
2018-11-01,85020,"phoenix, az",phoenix,az,1569,4891,81,-1720,66.468046,82.39580117,50.54029021,48,0.0435,2,-0.0103,-0.5,-23.5,-0.0656,-0.1799,0.9268,325000,-0.0152,-0.1334,1.0896,"Phoenix-Mesa-Glendale, AZ Metropolitan Statistical Area","Phoenix, AZ"
2018-11-01,85083,"phoenix, az",phoenix,az,6714,5801,124,-1057,62.080889,76.36924977,47.79252856,52.5,-0.0367,-2,0.0096,0.5,-19,-0.127,-0.0351,0.8943,409500,0.0281,0.0218,1.3729,"Phoenix-Mesa-Glendale, AZ Metropolitan Statistical Area","Phoenix, AZ"
2018-11-01,85043,"phoenix, az",phoenix,az,3841,2786,-1993,-629,76.60389,97.62889781,55.57888237,31.5,0.4,9,0.2857,7,-40,-0.3167,-0.0752,1,227950,0.0197,0.1122,0.7641,"Phoenix-Mesa-Glendale, AZ Metropolitan Statistical Area","Phoenix, AZ"
2018-11-01,85028,"phoenix, az",phoenix,az,5310,3433,1627,-612,73.281877,80.50015437,66.06359988,49.5,-0.066,-3.5,0.1786,7.5,-22,0.0438,0.0593,1.1626,434050,0.0024,0.0891,1.4552,"Phoenix-Mesa-Glendale, AZ Metropolitan Statistical Area","Phoenix, AZ"
2018-11-01,85021,"phoenix, az",phoenix,az,1551,7686,-442,-1702,53.399197,71.3430071,35.45538747,56.5,0.066,3.5,0.0463,2.5,-15,-0.1176,-0.0722,0.7317,360050,0.0287,-0.0943,1.2071,"Phoenix-Mesa-Glendale, AZ Metropolitan Statistical Area","Phoenix, AZ"
2018-11-01,85085,"phoenix, az",phoenix,az,5409,6061,-1259,-683,60.907688,76.36924977,45.44612535,52.5,0.129,6,-0.087,-5,-19,-0.1587,-0.0702,0.8618,425047.5,0.0028,0.0628,1.425,"Phoenix-Mesa-Glendale, AZ Metropolitan Statistical Area","Phoenix, AZ"
2018-11-01,85014,"phoenix, az",phoenix,az,2792,5470,956,-1678,63.754245,78.36986724,49.13862303,51,-0.0192,-1,0.02,1,-20.5,0,-0.1318,0.9106,349750,-0.0668,-9e-4,1.1725,"Phoenix-Mesa-Glendale, AZ Metropolitan Statistical Area","Phoenix, AZ"
2018-11-01,85044,"phoenix, az",phoenix,az,967,2676,-591,1825,77.134918,81.63013276,72.63970361,48.5,0.0778,3.5,-0.2595,-17,-23,-0.1467,0.0195,1.2764,325000,-0.0063,-0.0567,1.0896,"Phoenix-Mesa-Glendale, AZ Metropolitan Statistical Area","Phoenix, AZ"
2018-11-01,85008,"phoenix, az",phoenix,az,407,7786,-1096,-5031,52.91448,69.19419574,36.63476382,58,0.2211,10.5,0.6338,22.5,-13.5,-0.0707,-0.2756,0.748,279050,-7e-4,0.0753,0.9355,"Phoenix-Mesa-Glendale, AZ Metropolitan Statistical Area","Phoenix, AZ"
2018-11-01,85054,"phoenix, az",phoenix,az,10739,6195,-1024,2408,60.358135,92.42976227,28.28650818,39,0.0685,2.5,-0.4868,-37,-32.5,-0.2157,-0.1667,0.6504,344500,-0.0376,-0.0445,1.1549,"Phoenix-Mesa-Glendale, AZ Metropolitan Statistical Area","Phoenix, AZ"
2018-11-01,85013,"phoenix, az",phoenix,az,4529,7406,-1326,-2921,54.708243,62.83420809,46.58227848,63,0.1776,9.5,0.1776,9.5,-8.5,-0.1074,-0.1148,0.878,359950,-0.0433,0.0286,1.2067,"Phoenix-Mesa-Glendale, AZ Metropolitan Statistical Area","Phoenix, AZ"
2018-11-01,85033,"phoenix, az",phoenix,az,2034,2485,-1057,1193,78.098178,99.52454461,56.67181229,25,0.0638,1.5,-0.3151,-11.5,-46.5,-0.2138,0.1468,1.0163,199950,0.0521,0.1765,0.6703,"Phoenix-Mesa-Glendale, AZ Metropolitan Statistical Area","Phoenix, AZ"
2018-11-01,85041,"phoenix, az",phoenix,az,1098,4370,-3047,-736,68.984254,89.47823402,48.49027478,42,0.5,14,-0.134,-6.5,-29.5,-0.3273,-0.1395,0.9024,248799.5,0.0032,0.0846,0.8341,"Phoenix-Mesa-Glendale, AZ Metropolitan Statistical Area","Phoenix, AZ"
2018-11-01,85027,"phoenix, az",phoenix,az,1540,1263,-192,-94,85.338067,95.77029948,74.90583513,35,0.1111,3.5,0.2069,6,-36.5,-0.0994,-0.0355,1.3252,241300,0.0073,0.0758,0.8089,"Phoenix-Mesa-Glendale, AZ Metropolitan Statistical Area","Phoenix, AZ"
2018-11-01,85018,"phoenix, az",phoenix,az,1254,5839,-528,-825,61.948132,67.95307194,55.94319234,59,0.0085,0.5,-0.0084,-0.5,-12.5,-0.1633,-0.016,1,712049.5,-0.0813,-0.1498,2.3873,"Phoenix-Mesa-Glendale, AZ Metropolitan Statistical Area","Phoenix, AZ"
2018-11-01,85007,"phoenix, az",phoenix,az,8167,5031,-1214,2736,65.785736,78.36986724,53.20160543,51,0.2143,9,-0.3154,-23.5,-20.5,-0.1119,0.1019,0.9675,376200,0.0523,0.0525,1.2612,"Phoenix-Mesa-Glendale, AZ Metropolitan Statistical Area","Phoenix, AZ"
2018-11-01,85050,"phoenix, az",phoenix,az,3420,4201,-894,-1049,69.762272,80.50015437,59.02439024,49.5,0.0645,3,0.1,4.5,-22,-0.1623,-0.0227,1.0488,430050,-0.1132,0.1797,1.4418,"Phoenix-Mesa-Glendale, AZ Metropolitan Statistical Area","Phoenix, AZ"
2018-11-01,85045,"phoenix, az",phoenix,az,11338,5080,-1248,2820,65.557271,84.73602964,46.37851189,46,0.3143,11,-0.3655,-26.5,-25.5,-0.1,0.0588,0.878,506000,0.018,0.3143,1.6965,"Phoenix-Mesa-Glendale, AZ Metropolitan Statistical Area","Phoenix, AZ"
2018-11-01,85035,"phoenix, az",phoenix,az,2967,2655,-84,1652,77.249151,91.53442421,62.96387774,40,-0.0476,-2,-0.0123,-0.5,-31.5,-0.1438,0.3301,1.1138,195050,3e-4,0.1477,0.6538,"Phoenix-Mesa-Glendale, AZ Metropolitan Statistical Area","Phoenix, AZ"
2018-11-01,85003,"phoenix, az",phoenix,az,9001,5819,2452,4850,62.034579,71.99135536,52.07780179,56,-0.2113,-15,-0.4717,-50,-15.5,-0.064,0.1471,0.9512,484550,0.0254,0.0533,1.6245,"Phoenix-Mesa-Glendale, AZ Metropolitan Statistical Area","Phoenix, AZ"
2018-11-01,85032,"phoenix, az",phoenix,az,90,2760,-731,-675,76.727385,87.27384995,66.18092004,44,0.2222,8,-0.0222,-1,-27.5,-0.1006,-0.1173,1.1626,298800,0.04,0.0865,1.0017,"Phoenix-Mesa-Glendale, AZ Metropolitan Statistical Area","Phoenix, AZ"
2018-11-01,85022,"phoenix, az",phoenix,az,383,3785,553,-1142,71.673356,85.94010497,57.40660698,45,-0.0625,-3,0.1392,5.5,-26.5,-0.0803,-0.0667,1.0244,315050,0.0121,-0.0381,1.0562,"Phoenix-Mesa-Glendale, AZ Metropolitan Statistical Area","Phoenix, AZ"
2018-11-01,85023,"phoenix, az",phoenix,az,2086,3850,144,-1533,71.367706,93.68941031,49.04600185,37.5,-0.1667,-7.5,-0.0625,-2.5,-34,-0.1825,-0.2222,0.9106,275050,0.0057,0.0663,0.9221,"Phoenix-Mesa-Glendale, AZ Metropolitan Statistical Area","Phoenix, AZ"
2018-11-01,85006,"phoenix, az",phoenix,az,4953,7530,471,-4012,54.106206,74.39333128,33.81907996,54,0.102,5,0.1613,7.5,-17.5,0.0602,-0.3071,0.7154,314549.5,-0.0513,0.0501,1.0545,"Phoenix-Mesa-Glendale, AZ Metropolitan Statistical Area","Phoenix, AZ"
2018-11-01,85048,"phoenix, az",phoenix,az,2580,2661,2782,2472,77.212103,87.82340228,66.60080272,43.5,-0.3203,-20.5,-0.25,-14.5,-28,-0.1,0.2101,1.1707,385050,-0.0189,-0.0423,1.2909,"Phoenix-Mesa-Glendale, AZ Metropolitan Statistical Area","Phoenix, AZ"
2018-11-01,85019,"phoenix, az",phoenix,az,6465,3740,-2233,73,71.895647,96.87557888,46.91571473,33,0.1186,3.5,-0.12,-4.5,-38.5,-0.3272,0.0093,0.8862,200800,0.0065,0.1159,0.6731,"Phoenix-Mesa-Glendale, AZ Metropolitan Statistical Area","Phoenix, AZ"
2018-11-01,85016,"phoenix, az",phoenix,az,1068,8214,433,-1793,50.815066,66.0944736,35.53565915,60.5,0.0168,1,0.0614,3.5,-11,-0.0426,-0.0625,0.7317,439950,-0.0169,0.023,1.475,"Phoenix-Mesa-Glendale, AZ Metropolitan Statistical Area","Phoenix, AZ"
2018-11-01,85042,"phoenix, az",phoenix,az,2049,2438,-750,485,78.283421,91.53442421,65.03241741,40,0.039,1.5,-0.0909,-4,-31.5,-0.1989,0.0368,1.1463,280000,0.0564,0.0411,0.9387,"Phoenix-Mesa-Glendale, AZ Metropolitan Statistical Area","Phoenix, AZ"
2018-11-01,85051,"phoenix, az",phoenix,az,1860,3608,-1165,1001,72.519296,98.46866317,46.56992899,29.5,-0.2237,-8.5,-0.2976,-12.5,-42,-0.2987,0.0909,0.878,220000,-0.0045,0.1,0.7375,"Phoenix-Mesa-Glendale, AZ Metropolitan Statistical Area","Phoenix, AZ"
2018-11-01,85004,"phoenix, az",phoenix,az,12132,9371,3201,418,44.902748,40.26551405,49.53998148,83,-0.2876,-33.5,0.0993,7.5,11.5,0.0762,0.527,0.9187,314500,-0.0014,-0.0248,1.0544,"Phoenix-Mesa-Glendale, AZ Metropolitan Statistical Area","Phoenix, AZ"
