rltr_market_hotness_msa_phoenix.csv
month_date_yyyymm,postal_code,zip_name,city,state,nielsen_hh_rank,hotness_rank,hotness_rank_mm,hotness_rank_yy,hotness_score,supply_score,demand_score,median_days_on_market,median_days_on_market_mm,median_dom_mm_day,median_days_on_market_yy,median_dom_yy_day,median_dom_vs_us,ldpviews_per_property_mm,ldpviews_per_property_yy,ldpviews_per_property_vs_us,median_listing_price,median_listing_price_mm,median_listing_price_yy,median_listing_price_vs_us,cbsa_name,cbsa_zip_name
2018-11-01,85029,"phoenix, az",phoenix,az,1102,2672,-822,508,77.147268,99.24050633,55.05402902,26.5,-0.1017,-3,-0.3375,-13.5,-45,-0.1974,-0.0081,0.9919,233550,0.0152,0.0863,0.7829,"Phoenix-Mesa-Glendale, AZ Metropolitan Statistical Area","Phoenix, AZ"
2018-11-01,85024,"phoenix, az",phoenix,az,4045,3692,-481,-971,72.124112,88.49027478,55.75794998,43,0.075,3,0,0,-28.5,-0.1277,-0.1151,1,301050,-0.06,0.0037,1.0093,"Phoenix-Mesa-Glendale, AZ Metropolitan Statistical Area","Phoenix, AZ"
2018-11-01,85037,"phoenix, az",phoenix,az,2275,1681,-1115,260,82.53782,99.58629207,65.48934856,24.5,-0.2344,-7.5,-0.3,-10.5,-47,-0.3333,-0.0274,1.1545,211049.5,-0.0126,0.0765,0.7075,"Phoenix-Mesa-Glendale, AZ Metropolitan Statistical Area","Phoenix, AZ"
2018-11-01,85017,"phoenix, az",phoenix,az,3244,1688,1187,394,82.528558,99.24050633,65.81661006,26.5,-0.3977,-17.5,-0.3375,-13.5,-45,-0.0949,-0.053,1.1626,190050,0,0.1206,0.6371,"Phoenix-Mesa-Glendale, AZ Metropolitan Statistical Area","Phoenix, AZ"
2018-11-01,85053,"phoenix, az",phoenix,az,3586,2845,-1057,-12,76.236493,95.77029948,56.70268601,35,0.0606,2,-0.0789,-3,-36.5,-0.2188,-0.031,1.0163,242500,-0.01,0.0576,0.8129,"Phoenix-Mesa-Glendale, AZ Metropolitan Statistical Area","Phoenix, AZ"
2018-10-01,85042,"phoenix, az",phoenix,az,2049,1688,-267,2423,82.970442,88.71183554,77.22904756,38.5,0.0694,2.5,-0.125,-5.5,-30,-0.0112,0.5043,1.375,265050,-0.0149,-0.0362,0.8863,"Phoenix-Mesa-Glendale, AZ Metropolitan Statistical Area","Phoenix, AZ"
2018-10-01,85012,"phoenix, az",phoenix,az,10259,4682,2244,5625,67.570855,64.52378056,70.61792969,58.5,0.0086,0.5,-0.3641,-33.5,-10,0.2903,0.6,1.25,440000,-0.0413,-0.0162,1.4714,"Phoenix-Mesa-Glendale, AZ Metropolitan Statistical Area","Phoenix, AZ"
2018-10-01,85053,"phoenix, az",phoenix,az,3586,1788,-935,320,82.316628,93.92409683,70.70915947,33,0.32,8,0.375,9,-35.5,-0.1111,0.1852,1.25,244950,0.0208,0.1009,0.8191,"Phoenix-Mesa-Glendale, AZ Metropolitan Statistical Area","Phoenix, AZ"
2018-10-01,85029,"phoenix, az",phoenix,az,1102,1850,338,1005,81.966914,96.68531809,67.24850991,29.5,-0.2237,-8.5,-0.1806,-6.5,-39,-0.05,0.1783,1.1875,230050,0.0227,0.1087,0.7692,"Phoenix-Mesa-Glendale, AZ Metropolitan Statistical Area","Phoenix, AZ"
2018-10-01,85020,"phoenix, az",phoenix,az,1569,4972,194,-515,66.232818,80.39167984,52.07395694,46,-0.08,-4,-0.1068,-5.5,-22.5,-0.0615,-0.024,0.9531,330000,-0.0433,-0.0559,1.1035,"Phoenix-Mesa-Glendale, AZ Metropolitan Statistical Area","Phoenix, AZ"
2018-10-01,85006,"phoenix, az",phoenix,az,4953,8001,-717,-4517,52.429753,76.93103029,27.92847585,49,0.1395,6,0.3067,11.5,-19.5,-0.0349,-0.3025,0.6484,331550,-0.0104,0.1052,1.1087,"Phoenix-Mesa-Glendale, AZ Metropolitan Statistical Area","Phoenix, AZ"
2018-10-01,85037,"phoenix, az",phoenix,az,2275,566,920,2965,90.943924,94.66001703,87.22783116,32,-0.0857,-3,-0.2381,-10,-36.5,0.2384,0.704,1.6641,213750,-0.006,0.0848,0.7147,"Phoenix-Mesa-Glendale, AZ Metropolitan Statistical Area","Phoenix, AZ"
2018-10-01,85040,"phoenix, az",phoenix,az,4774,1944,362,-232,81.446904,92.71378178,70.18002676,34.5,-0.2159,-9.5,-0.0143,-0.5,-34,-0.0966,0,1.2422,201650,0.0085,0.144,0.6742,"Phoenix-Mesa-Glendale, AZ Metropolitan Statistical Area","Phoenix, AZ"
2018-10-01,85048,"phoenix, az",phoenix,az,2580,5443,-884,-410,64.137575,57.48692373,70.78822528,64,0.1429,8,0.2673,13.5,-4.5,0.0127,0.4286,1.25,392450,-0.0165,-0.0238,1.3124,"Phoenix-Mesa-Glendale, AZ Metropolitan Statistical Area","Phoenix, AZ"
2018-10-01,85019,"phoenix, az",phoenix,az,6465,1507,2671,3390,84.062158,96.68531809,71.43899769,29.5,-0.3295,-14.5,-0.2027,-7.5,-39,0.209,0.7234,1.2656,199500,0.0228,0.1114,0.6671,"Phoenix-Mesa-Glendale, AZ Metropolitan Statistical Area","Phoenix, AZ"
2018-10-01,85035,"phoenix, az",phoenix,az,2967,2571,-1944,1947,77.919353,85.19644812,70.64225763,42,0.5556,15,0.12,4.5,-26.5,-0.1753,0.5842,1.25,194999.5,-3e-4,0.1471,0.652,"Phoenix-Mesa-Glendale, AZ Metropolitan Statistical Area","Phoenix, AZ"
2018-10-01,85014,"phoenix, az",phoenix,az,2792,6426,-418,-1539,59.667315,72.98382192,46.3508089,52,0.0196,1,-0.028,-1.5,-16.5,-0.0667,-0.0744,0.875,374800,-0.0164,0.0707,1.2533,"Phoenix-Mesa-Glendale, AZ Metropolitan Statistical Area","Phoenix, AZ"
2018-10-01,85041,"phoenix, az",phoenix,az,1098,1323,2308,3496,85.318088,97.60977983,73.02639582,28,-0.44,-22,-0.4343,-21.5,-40.5,0.0313,0.4474,1.2891,248000,-0.0554,0.0783,0.8293,"Phoenix-Mesa-Glendale, AZ Metropolitan Statistical Area","Phoenix, AZ"
2018-10-01,85023,"phoenix, az",phoenix,az,2086,3994,606,-1358,70.766938,81.54117504,59.99270162,45,-0.2105,-12,0.0843,3.5,-23.5,-0.1543,-0.0552,1.0703,273500,-0.0056,0.0319,0.9145,"Phoenix-Mesa-Glendale, AZ Metropolitan Statistical Area","Phoenix, AZ"
2018-10-01,85018,"phoenix, az",phoenix,az,1254,5311,1624,272,64.760978,64.52378056,64.9981754,58.5,-0.1269,-8.5,-0.0085,-0.5,-10,0.0208,0.225,1.1484,775050,0.0078,-0.0182,2.592,"Phoenix-Mesa-Glendale, AZ Metropolitan Statistical Area","Phoenix, AZ"
2018-10-01,85045,"phoenix, az",phoenix,az,11338,3832,-655,8271,71.527186,92.3366987,50.71767425,35,-0.0789,-3,-0.6316,-60,-33.5,-0.1304,0.6438,0.9375,497050,0.3324,0.2428,1.6622,"Phoenix-Mesa-Glendale, AZ Metropolitan Statistical Area","Phoenix, AZ"
2018-10-01,85031,"phoenix, az",phoenix,az,6014,3447,689,2461,73.363946,89.21055833,57.51733366,38,-0.05,-2,0.1692,5.5,-30.5,0.0556,0.7733,1.0391,188050,-0.01,0.1062,0.6288,"Phoenix-Mesa-Glendale, AZ Metropolitan Statistical Area","Phoenix, AZ"
2018-10-01,85024,"phoenix, az",phoenix,az,4045,3211,-895,-507,74.583384,87.15484734,62.01192069,40,0.2121,7,0.039,1.5,-28.5,-0.0342,0.0217,1.1016,320250,-0.0145,0.0181,1.0709,"Phoenix-Mesa-Glendale, AZ Metropolitan Statistical Area","Phoenix, AZ"
2018-10-01,85050,"phoenix, az",phoenix,az,3420,3307,-31,-426,74.069456,79.83213721,68.30677533,46.5,-0.0106,-0.5,0.2078,8,-22,-0.0375,0.1579,1.2031,484950,0.0657,0.2678,1.6217,"Phoenix-Mesa-Glendale, AZ Metropolitan Statistical Area","Phoenix, AZ"
2018-10-01,85021,"phoenix, az",phoenix,az,1551,7244,-148,-1193,55.826542,71.6397032,40.01338037,53,0.06,3,0.0928,4.5,-15.5,0,0.0968,0.7969,350000,-0.0252,-0.0398,1.1704,"Phoenix-Mesa-Glendale, AZ Metropolitan Statistical Area","Phoenix, AZ"
2018-10-01,85008,"phoenix, az",phoenix,az,407,6690,-2315,-3327,58.414426,78.72521591,38.10363703,47.5,0.1585,6.5,0.2838,10.5,-21,-0.1885,-0.175,0.7734,279250,-0.0029,0.0538,0.9338,"Phoenix-Mesa-Glendale, AZ Metropolitan Statistical Area","Phoenix, AZ"
2018-10-01,85085,"phoenix, az",phoenix,az,5409,4802,388,367,66.962657,79.83213721,54.09317601,46.5,-0.1058,-5.5,-0.0971,-5,-22,-0.0735,0.125,0.9844,423863,0.0215,0.0596,1.4174,"Phoenix-Mesa-Glendale, AZ Metropolitan Statistical Area","Phoenix, AZ"
2018-10-01,85022,"phoenix, az",phoenix,az,383,4338,-480,-1484,69.158253,78.22041114,60.09609537,48,0.0435,2,0.28,10.5,-20.5,-0.0486,0.0379,1.0703,311295,0.0205,-0.0423,1.041,"Phoenix-Mesa-Glendale, AZ Metropolitan Statistical Area","Phoenix, AZ"
2018-10-01,85004,"phoenix, az",phoenix,az,12132,12572,-184,208,28.037952,14.53594453,41.53995864,116.5,0.2135,20.5,0.1043,11,48,0.0714,0.4583,0.8203,314950,-0.0977,-0.0156,1.0532,"Phoenix-Mesa-Glendale, AZ Metropolitan Statistical Area","Phoenix, AZ"
2018-10-01,85083,"phoenix, az",phoenix,az,6714,5925,1357,-1592,61.990634,69.94891132,54.03235616,54.5,-0.121,-7.5,0.3457,14,-14,0,0.1667,0.9844,398300,0.0371,-0.046,1.3319,"Phoenix-Mesa-Glendale, AZ Metropolitan Statistical Area","Phoenix, AZ"
2018-10-01,85007,"phoenix, az",phoenix,az,8167,3817,1499,5410,71.606252,85.19644812,58.01605644,42,-0.2222,-12,-0.451,-34.5,-26.5,-0.0429,0.4255,1.0469,357500,-0.0043,-0.0531,1.1955,"Phoenix-Mesa-Glendale, AZ Metropolitan Statistical Area","Phoenix, AZ"
2018-10-01,85032,"phoenix, az",phoenix,az,90,2029,-371,129,80.978591,91.48522078,70.47196205,36,0.0286,1,-0.0526,-2,-32.5,-0.0422,0.053,1.2422,287300,-0.0095,0.0351,0.9607,"Phoenix-Mesa-Glendale, AZ Metropolitan Statistical Area","Phoenix, AZ"
2018-10-01,85017,"phoenix, az",phoenix,az,3244,2875,-565,107,76.228561,82.78190001,69.67522199,44,0.0233,1,0.1579,6,-24.5,-0.0814,0.2154,1.2344,190050,0.027,0.1242,0.6355,"Phoenix-Mesa-Glendale, AZ Metropolitan Statistical Area","Phoenix, AZ"
2018-10-01,85013,"phoenix, az",phoenix,az,4529,6080,1657,-1087,61.224304,71.04366865,51.40493857,53.5,-0.0614,-3.5,0.019,1,-15,0.1204,0.0342,0.9453,376250,0.0395,0.092,1.2582,"Phoenix-Mesa-Glendale, AZ Metropolitan Statistical Area","Phoenix, AZ"
2018-10-01,85028,"phoenix, az",phoenix,az,5310,5060,-243,-1627,65.825325,71.6397032,60.01094757,53,0.06,3,0.1778,8,-15.5,0.0074,0.0301,1.0703,433000,0.0092,0.0567,1.448,"Phoenix-Mesa-Glendale, AZ Metropolitan Statistical Area","Phoenix, AZ"
2018-10-01,85051,"phoenix, az",phoenix,az,1860,2443,591,2435,78.697847,89.21055833,68.18513563,38,0.0556,2,-0.0952,-4,-30.5,0.1324,0.5248,1.2031,221000,-0.0047,0.1345,0.739,"Phoenix-Mesa-Glendale, AZ Metropolitan Statistical Area","Phoenix, AZ"
2018-10-01,85054,"phoenix, az",phoenix,az,10739,5171,608,5210,65.314439,90.84053035,39.78834692,36.5,-0.1512,-6.5,-0.5706,-48.5,-32,-0.0377,0.1461,0.7969,357950,-0.0379,-0.0391,1.197,"Phoenix-Mesa-Glendale, AZ Metropolitan Statistical Area","Phoenix, AZ"
2018-10-01,85009,"phoenix, az",phoenix,az,2815,1058,-371,3483,87.030167,93.19425861,80.86607469,34,0.4783,11,-0.2688,-12.5,-34.5,0.0108,0.6491,1.4688,178050,0.0171,0.1596,0.5953,"Phoenix-Mesa-Glendale, AZ Metropolitan Statistical Area","Phoenix, AZ"
2018-10-01,85043,"phoenix, az",phoenix,az,3841,793,547,2872,88.936869,99.36139156,78.51234643,22.5,-0.4231,-16.5,-0.4156,-16,-46,-0.0722,0.5385,1.4063,223550,-0.0111,0.1178,0.7475,"Phoenix-Mesa-Glendale, AZ Metropolitan Statistical Area","Phoenix, AZ"
2018-10-01,85003,"phoenix, az",phoenix,az,9001,8271,3166,2937,51.155577,48.92348863,53.38766573,71,-0.2526,-24,-0.3632,-40.5,2.5,0.1161,0.1905,0.9766,472550,-0.0454,0.0501,1.5803,"Phoenix-Mesa-Glendale, AZ Metropolitan Statistical Area","Phoenix, AZ"
2018-10-01,85015,"phoenix, az",phoenix,az,1925,5831,1814,-573,62.361635,80.39167984,44.33158983,46,-0.0612,-3,0.1646,6.5,-22.5,0.1848,0.1848,0.8516,270050,0.0389,0.1744,0.903,"Phoenix-Mesa-Glendale, AZ Metropolitan Statistical Area","Phoenix, AZ"
2018-10-01,85044,"phoenix, az",phoenix,az,967,2085,445,3630,80.677533,81.54117504,79.81389125,45,-0.0816,-4,-0.3233,-21.5,-23.5,-0.0108,0.3529,1.4375,327050,-0.0382,-0.0654,1.0936,"Phoenix-Mesa-Glendale, AZ Metropolitan Statistical Area","Phoenix, AZ"
2018-10-01,85027,"phoenix, az",phoenix,az,1540,1071,76,1216,86.951101,95.04926408,78.8529376,31.5,-0.0735,-2.5,-0.0156,-0.5,-37,-0.0163,0.3116,1.4141,239549.5,-0.0021,0.0551,0.801,"Phoenix-Mesa-Glendale, AZ Metropolitan Statistical Area","Phoenix, AZ"
2018-10-01,85033,"phoenix, az",phoenix,az,2034,1428,-660,1698,84.636905,99.07553826,70.19827272,23.5,0.3824,6.5,-0.1607,-4.5,-45,-0.1067,0.3826,1.2422,190050,0,0.1176,0.6355,"Phoenix-Mesa-Glendale, AZ Metropolitan Statistical Area","Phoenix, AZ"
2018-10-01,85016,"phoenix, az",phoenix,az,1068,8647,306,-1591,49.136358,63.25872765,35.01398857,59.5,-0.0403,-2.5,0.0171,1,-9,-0.06,-0.0105,0.7344,447500,0.001,-0.0166,1.4965,"Phoenix-Mesa-Glendale, AZ Metropolitan Statistical Area","Phoenix, AZ"
2018-09-01,85033,"phoenix, az",phoenix,az,2034,768,611,2535,89.206397,99.65600483,78.75678938,17,-0.4333,-13,-0.3462,-9,-48,-0.0582,0.6481,1.4355,190050,0.027,0.1183,0.6355,"Phoenix-Mesa-Glendale, AZ Metropolitan Statistical Area","Phoenix, AZ"
2018-09-01,85008,"phoenix, az",phoenix,az,407,4375,1208,-1049,68.735667,84.76765238,52.70368135,41,-0.0989,-4.5,-0.0682,-3,-24,-0.0543,-0.0758,0.9839,280049,2e-4,-0.0158,0.9365,"Phoenix-Mesa-Glendale, AZ Metropolitan Statistical Area","Phoenix, AZ"
2018-09-01,85085,"phoenix, az",phoenix,az,5409,5190,508,1927,65.075438,69.16113458,60.98974049,52,-0.037,-2,-0.1875,-12,-13,-0.0872,0.2593,1.0968,414950,-0.0091,0.0244,1.3876,"Phoenix-Mesa-Glendale, AZ Metropolitan Statistical Area","Phoenix, AZ"
2018-09-01,85040,"phoenix, az",phoenix,az,4774,2306,-1241,-1084,79.281835,80.33192517,78.23174412,44,0.76,19,0.1892,7,-21,-0.0833,-0.0638,1.4194,199950,-0.0479,0.1293,0.6686,"Phoenix-Mesa-Glendale, AZ Metropolitan Statistical Area","Phoenix, AZ"
2018-09-01,85016,"phoenix, az",phoenix,az,1068,8953,984,-1062,47.767049,56.24019312,39.29390465,62,-0.0534,-3.5,-0.0606,-4,-3,-0.0476,0,0.8065,447050,0.0771,-0.0589,1.495,"Phoenix-Mesa-Glendale, AZ Metropolitan Statistical Area","Phoenix, AZ"
2018-09-01,85042,"phoenix, az",phoenix,az,2049,1421,-45,3929,84.6379,90.30778515,78.96801448,36,0.3333,9,-0.3793,-22,-29,-0.0166,0.4127,1.4355,269050,-0.0236,-0.0218,0.8997,"Phoenix-Mesa-Glendale, AZ Metropolitan Statistical Area","Phoenix, AZ"
2018-09-01,85018,"phoenix, az",phoenix,az,1254,6935,2173,-1007,57.290284,49.32407966,65.25648763,67,-0.0759,-5.5,0.0308,2,2,0.0746,0.0909,1.1613,769050,0.0026,0.0253,2.5719,"Phoenix-Mesa-Glendale, AZ Metropolitan Statistical Area","Phoenix, AZ"
2018-09-01,85027,"phoenix, az",phoenix,az,1540,1147,-24,-19,86.581171,92.31140616,80.85093543,34,0.2364,6.5,0.3077,8,-31,-0.0515,0.0952,1.4839,240050,2e-4,0.0213,0.8027,"Phoenix-Mesa-Glendale, AZ Metropolitan Statistical Area","Phoenix, AZ"
2018-09-01,85021,"phoenix, az",phoenix,az,1551,7096,-491,-1210,56.581171,72.72782136,40.43452022,50,0.1111,5,0.0417,2,-15,-0.0893,0.0851,0.8226,359050,-0.1023,-0.0401,1.2007,"Phoenix-Mesa-Glendale, AZ Metropolitan Statistical Area","Phoenix, AZ"
2018-09-01,85023,"phoenix, az",phoenix,az,2086,4600,537,-2389,67.806276,62.73989137,72.87266144,57,0.0556,3,0.5405,20,-8,0.0062,0.1096,1.3065,275050,-0.0582,0.0303,0.9197,"Phoenix-Mesa-Glendale, AZ Metropolitan Statistical Area","Phoenix, AZ"
2018-09-01,85029,"phoenix, az",phoenix,az,1102,2188,15,228,79.933615,87.7972239,72.07000604,38,-0.013,-0.5,0.027,1,-27,-0.1351,0.1429,1.2903,224950,0,0.0709,0.7522,"Phoenix-Mesa-Glendale, AZ Metropolitan Statistical Area","Phoenix, AZ"
2018-09-01,85024,"phoenix, az",phoenix,az,4045,2316,731,577,79.200362,92.62522631,65.77549789,33,-0.2667,-12,-0.2326,-10,-32,-0.1934,0.0429,1.1774,324950,-3e-4,0.0481,1.0866,"Phoenix-Mesa-Glendale, AZ Metropolitan Statistical Area","Phoenix, AZ"
2018-09-01,85013,"phoenix, az",phoenix,az,4529,7737,452,-662,53.578757,62.73989137,44.41762221,57,0.0088,0.5,-0.0656,-4,-8,-0.0526,0.0385,0.871,361950,0.0084,0.0343,1.2104,"Phoenix-Mesa-Glendale, AZ Metropolitan Statistical Area","Phoenix, AZ"
2018-09-01,85045,"phoenix, az",phoenix,az,11338,3177,3512,6182,74.689197,87.7972239,61.58117079,38,-0.3613,-21.5,-0.4722,-34,-27,-0.0612,0.5682,1.1129,373050,0,-0.0557,1.2475,"Phoenix-Mesa-Glendale, AZ Metropolitan Statistical Area","Phoenix, AZ"
2018-09-01,85012,"phoenix, az",phoenix,az,10259,6926,-2655,3507,57.341581,61.05009053,53.63307182,58,0.2747,12.5,-0.4021,-39,-7,-0.1895,0.1698,1,458950,0.1193,-2e-4,1.5348,"Phoenix-Mesa-Glendale, AZ Metropolitan Statistical Area","Phoenix, AZ"
2018-09-01,85048,"phoenix, az",phoenix,az,2580,4559,-777,618,68.014484,64.64091732,71.38805069,56,0.1313,6.5,0,0,-9,-0.1073,0.2951,1.2742,399050,-0.0087,0.0028,1.3344,"Phoenix-Mesa-Glendale, AZ Metropolitan Statistical Area","Phoenix, AZ"
2018-09-01,85053,"phoenix, az",phoenix,az,3586,853,140,145,88.654194,97.75497888,79.55340978,25,-0.1228,-3.5,-0.1071,-3,-40,-0.1133,0.0227,1.4516,239950,0,0.0591,0.8023,"Phoenix-Mesa-Glendale, AZ Metropolitan Statistical Area","Phoenix, AZ"
2018-09-01,85044,"phoenix, az",phoenix,az,967,2530,681,2962,78.132167,74.56849728,81.69583585,49,-0.0577,-3,-0.2899,-20,-16,-0.1014,0.2078,1.5,340040,-0.0271,-0.0286,1.1371,"Phoenix-Mesa-Glendale, AZ Metropolitan Statistical Area","Phoenix, AZ"
2018-09-01,85015,"phoenix, az",phoenix,az,1925,7645,554,-3491,54.079662,74.56849728,33.5908268,49,-0.0297,-1.5,0.2895,11,-16,-0.08,-0.1321,0.7419,259950,-0.0278,0.1602,0.8692,"Phoenix-Mesa-Glendale, AZ Metropolitan Statistical Area","Phoenix, AZ"
2018-09-01,85017,"phoenix, az",phoenix,az,3244,2310,57,1490,79.266747,81.94327097,76.5902233,43,0.2113,7.5,0.0238,1,-22,0.0178,0.4576,1.3871,185050,0.0278,0.0888,0.6187,"Phoenix-Mesa-Glendale, AZ Metropolitan Statistical Area","Phoenix, AZ"
2018-09-01,85035,"phoenix, az",phoenix,az,2967,627,282,2688,90.4828,97.15751358,83.8080869,27,0,0,0.0385,1,-38,-0.0443,0.7963,1.5645,195050,0.0263,0.147,0.6522,"Phoenix-Mesa-Glendale, AZ Metropolitan Statistical Area","Phoenix, AZ"
2018-09-01,85041,"phoenix, az",phoenix,az,1098,3631,-79,873,72.410984,72.72782136,72.09414605,50,0.087,4,0.087,4,-15,-0.0588,0.4035,1.2903,262550,0.05,0.117,0.8779,"Phoenix-Mesa-Glendale, AZ Metropolitan Statistical Area","Phoenix, AZ"
2018-09-01,85054,"phoenix, az",phoenix,az,10739,5779,3397,2996,62.341581,81.94327097,42.73989137,43,-0.2321,-13,-0.3857,-27,-22,0.1042,0.1522,0.8548,372050,0.0415,0.0057,1.2441,"Phoenix-Mesa-Glendale, AZ Metropolitan Statistical Area","Phoenix, AZ"
2018-09-01,85043,"phoenix, az",phoenix,az,3841,1340,-735,2901,85.21726,86.66264333,83.77187689,39,0.7727,17,-0.0714,-3,-26,-0.0935,0.7636,1.5645,226050,0.0044,0.1138,0.7559,"Phoenix-Mesa-Glendale, AZ Metropolitan Statistical Area","Phoenix, AZ"
2018-09-01,85003,"phoenix, az",phoenix,az,9001,11437,1380,73,34.643935,22.66747133,46.62039831,95,-0.0865,-9,-0.1121,-12,30,0.037,0.1429,0.9032,495050,0.0645,0.1674,1.6555,"Phoenix-Mesa-Glendale, AZ Metropolitan Statistical Area","Phoenix, AZ"
2018-09-01,85009,"phoenix, az",phoenix,az,2815,687,1605,4842,89.957755,98.48521424,81.43029572,23,-0.3333,-11.5,-0.5306,-26,-42,0.1006,0.8235,1.5,175050,-0.0272,0.129,0.5853,"Phoenix-Mesa-Glendale, AZ Metropolitan Statistical Area","Phoenix, AZ"
