rltr_market_hotness_msa_phoenix.csv
month_date_yyyymm,postal_code,zip_name,city,state,nielsen_hh_rank,hotness_rank,hotness_rank_mm,hotness_rank_yy,hotness_score,supply_score,demand_score,median_days_on_market,median_days_on_market_mm,median_dom_mm_day,median_days_on_market_yy,median_dom_yy_day,median_dom_vs_us,ldpviews_per_property_mm,ldpviews_per_property_yy,ldpviews_per_property_vs_us,median_listing_price,median_listing_price_mm,median_listing_price_yy,median_listing_price_vs_us,cbsa_name,cbsa_zip_name
2018-09-01,85020,"phoenix, az",phoenix,az,1569,5166,901,-1753,65.214243,72.72782136,57.70066385,50,-0.0196,-1,0.1111,5,-15,-0.0299,-0.0152,1.0484,344950,-0.0216,0.0455,1.1535,"Phoenix-Mesa-Glendale, AZ Metropolitan Statistical Area","Phoenix, AZ"
2018-09-01,85004,"phoenix, az",phoenix,az,12132,12388,-48,758,29.652987,22.01569101,37.29028365,96,0.1779,14.5,-0.1504,-17,31,0.0769,0.2895,0.7903,349050,0.0341,0.1294,1.1672,"Phoenix-Mesa-Glendale, AZ Metropolitan Statistical Area","Phoenix, AZ"
2018-09-01,85006,"phoenix, az",phoenix,az,4953,7284,1168,-4911,55.703078,81.94327097,29.46288473,43,-0.1731,-9,0.2286,8,-22,-0.1313,-0.3676,0.6935,335050,0.0308,0.1555,1.1204,"Phoenix-Mesa-Glendale, AZ Metropolitan Statistical Area","Phoenix, AZ"
2018-09-01,85022,"phoenix, az",phoenix,az,383,3858,1493,-1034,71.258298,77.35063368,65.16596258,46,-0.0891,-4.5,0.0952,4,-19,-0.0137,0.0435,1.1613,305050,-0.0563,-0.0757,1.0201,"Phoenix-Mesa-Glendale, AZ Metropolitan Statistical Area","Phoenix, AZ"
2018-09-01,85014,"phoenix, az",phoenix,az,2792,6008,-73,-2302,61.276403,70.98370549,51.56910078,51,0.0737,3.5,0.1591,7,-14,-0.0625,-0.0323,0.9677,381050,0.0886,0.0438,1.2742,"Phoenix-Mesa-Glendale, AZ Metropolitan Statistical Area","Phoenix, AZ"
2018-09-01,85032,"phoenix, az",phoenix,az,90,1658,214,-380,83.156307,91.64152082,74.67109234,35,-0.0278,-1,0,0,-30,-0.117,-0.046,1.3387,290050,-0.0268,0.0554,0.9699,"Phoenix-Mesa-Glendale, AZ Metropolitan Statistical Area","Phoenix, AZ"
2018-09-01,85037,"phoenix, az",phoenix,az,2275,1486,-946,602,84.257695,91.64152082,76.87386844,35,0.75,15,-0.0278,-1,-30,-0.2037,0.1781,1.3871,215050,-0.0183,0.0804,0.7191,"Phoenix-Mesa-Glendale, AZ Metropolitan Statistical Area","Phoenix, AZ"
2018-09-01,85028,"phoenix, az",phoenix,az,5310,4817,930,-559,66.792396,72.72782136,60.85697043,50,-0.0099,-0.5,-0.0385,-2,-15,-0.0216,0.0303,1.0968,429050,0.0337,0.0728,1.4348,"Phoenix-Mesa-Glendale, AZ Metropolitan Statistical Area","Phoenix, AZ"
2018-09-01,85050,"phoenix, az",phoenix,az,3420,3276,-33,265,74.146047,76.07724804,72.21484611,47,0.0217,1,0.0217,1,-18,-0.1011,0.2121,1.2903,455040,-0.0806,0.1377,1.5217,"Phoenix-Mesa-Glendale, AZ Metropolitan Statistical Area","Phoenix, AZ"
2018-09-01,85019,"phoenix, az",phoenix,az,6465,4178,-1625,-1725,69.740495,80.33192517,59.14906457,44,0.5439,15.5,0.4194,13,-21,-0.0946,0.0308,1.0806,195050,-0.0046,0.0569,0.6522,"Phoenix-Mesa-Glendale, AZ Metropolitan Statistical Area","Phoenix, AZ"
2018-09-01,85083,"phoenix, az",phoenix,az,6714,7282,1623,-3668,55.706095,56.24019312,55.17199759,62,-0.0606,-4,0.3778,17,-3,0.0161,-0.0156,1.0161,384050,-0.0179,-0.0857,1.2843,"Phoenix-Mesa-Glendale, AZ Metropolitan Statistical Area","Phoenix, AZ"
2018-09-01,85007,"phoenix, az",phoenix,az,8167,5316,2508,4509,64.52927,66.35485818,62.70368135,54,-0.2059,-14,-0.3165,-25,-11,-0.0541,0.5217,1.129,359050,0.0257,0.0059,1.2007,"Phoenix-Mesa-Glendale, AZ Metropolitan Statistical Area","Phoenix, AZ"
2018-09-01,85031,"phoenix, az",phoenix,az,6014,4136,-198,1266,69.981895,85.32890766,54.63488232,40,0.2308,7.5,0.2121,7,-25,-0.0156,0.5366,1.0161,189950,0.0155,0.117,0.6351,"Phoenix-Mesa-Glendale, AZ Metropolitan Statistical Area","Phoenix, AZ"
2018-09-01,85051,"phoenix, az",phoenix,az,1860,3034,-1349,906,75.515993,90.30778515,60.72420036,36,0.1803,5.5,-0.027,-1,-29,-0.236,0.2593,1.0968,222050,0.0091,0.1999,0.7425,"Phoenix-Mesa-Glendale, AZ Metropolitan Statistical Area","Phoenix, AZ"
2018-08-01,85020,"phoenix, az",phoenix,az,1569,6067,1901,-622,60.82226,66.84139949,54.80312081,51,-0.1053,-6,-0.0973,-5.5,-11,0.0229,-0.0429,0.971,352550,-0.0536,-0.0408,1.1779,"Phoenix-Mesa-Glendale, AZ Metropolitan Statistical Area","Phoenix, AZ"
2018-08-01,85031,"phoenix, az",phoenix,az,6014,3938,725,-228,70.842984,90.57052298,51.11544557,32.5,-0.1096,-4,0.1017,3,-29.5,-0.0376,0.1034,0.9275,187050,-0.0153,0.1167,0.6249,"Phoenix-Mesa-Glendale, AZ Metropolitan Statistical Area","Phoenix, AZ"
2018-08-01,85008,"phoenix, az",phoenix,az,407,5583,-688,-234,63.117152,74.35084725,51.88345727,45.5,0.1667,6.5,-0.0714,-3.5,-16.5,-0.0444,0.0488,0.9348,279999.5,-0.0254,-0.049,0.9355,"Phoenix-Mesa-Glendale, AZ Metropolitan Statistical Area","Phoenix, AZ"
2018-08-01,85028,"phoenix, az",phoenix,az,5310,5747,312,-2126,62.318664,67.4143606,57.22296721,50.5,0.0632,3,0.1222,5.5,-11.5,0.0072,-0.0544,1.0072,415050,-0.0036,0.0442,1.3868,"Phoenix-Mesa-Glendale, AZ Metropolitan Statistical Area","Phoenix, AZ"
2018-08-01,85032,"phoenix, az",phoenix,az,90,1872,362,-156,82.250396,86.69389248,77.80689991,36,0.2,6,0,0,-26,0.0994,0.0444,1.3623,298049,0.019,0.084,0.9958,"Phoenix-Mesa-Glendale, AZ Metropolitan Statistical Area","Phoenix, AZ"
2018-08-01,85037,"phoenix, az",phoenix,az,2275,540,672,1708,92.015116,98.7992198,85.23101304,20,-0.2157,-5.5,-0.2727,-7.5,-42,0.0854,0.5,1.5652,219050,0.0308,0.106,0.7318,"Phoenix-Mesa-Glendale, AZ Metropolitan Statistical Area","Phoenix, AZ"
2018-08-01,85017,"phoenix, az",phoenix,az,3244,2367,183,2177,79.053395,87.2302816,70.87650859,35.5,0.3148,8.5,-0.1839,-8,-26.5,0.0833,0.3413,1.2246,180050,0.0141,0.0438,0.6015,"Phoenix-Mesa-Glendale, AZ Metropolitan Statistical Area","Phoenix, AZ"
2018-08-01,85085,"phoenix, az",phoenix,az,5409,5698,850,1338,62.583811,62.63562111,62.53200049,54,0.0588,3,-0.0442,-2.5,-8,0.0719,0.3423,1.0797,418750,-0.0482,0.0065,1.3992,"Phoenix-Mesa-Glendale, AZ Metropolitan Statistical Area","Phoenix, AZ"
2018-08-01,85013,"phoenix, az",phoenix,az,4529,8189,672,-3098,51.075826,59.16737779,42.98427405,56.5,0.0971,5,0.2151,10,-5.5,0.14,-0.0656,0.8261,358950,0.0256,0.0634,1.1993,"Phoenix-Mesa-Glendale, AZ Metropolitan Statistical Area","Phoenix, AZ"
2018-08-01,85045,"phoenix, az",phoenix,az,11338,6689,834,2595,58.00317,54.77873949,61.22759966,59.5,0.2526,12,-0.0846,-5.5,-2.5,0.3009,0.5978,1.0652,373050,0.0082,-0.0405,1.2464,"Phoenix-Mesa-Glendale, AZ Metropolitan Statistical Area","Phoenix, AZ"
2018-08-01,85004,"phoenix, az",phoenix,az,12132,12340,-103,2332,29.19054,29.20273071,29.17834938,81.5,0.0795,6,-0.3779,-49.5,19.5,0,0.3,0.6594,337550,-0.0357,0.0835,1.1278,"Phoenix-Mesa-Glendale, AZ Metropolitan Statistical Area","Phoenix, AZ"
2018-08-01,85044,"phoenix, az",phoenix,az,967,3211,281,2795,74.280751,65.45166403,83.10983786,52,0.1556,7,-0.1811,-11.5,-10,0.0952,0.38,1.5,349500,-0.0804,-0.0013,1.1678,"Phoenix-Mesa-Glendale, AZ Metropolitan Statistical Area","Phoenix, AZ"
2018-08-01,85006,"phoenix, az",phoenix,az,4953,8452,-870,-4851,49.713519,65.45166403,33.97537486,52,0.2235,9.5,0.4247,15.5,-10,0.0102,-0.2266,0.7174,325050,-0.0076,0.1407,1.086,"Phoenix-Mesa-Glendale, AZ Metropolitan Statistical Area","Phoenix, AZ"
2018-08-01,85003,"phoenix, az",phoenix,az,9001,12817,248,-589,26.465927,13.5377301,39.3941241,104,-0.0048,-0.5,-0.0502,-5.5,42,0.0286,0.0485,0.7826,465050,-0.0106,0.0839,1.5539,"Phoenix-Mesa-Glendale, AZ Metropolitan Statistical Area","Phoenix, AZ"
2018-08-01,85042,"phoenix, az",phoenix,az,2049,1376,642,4563,85.423016,95.27002316,75.57600878,27,-0.2059,-7,-0.5263,-30,-35,-0.0524,0.3712,1.3116,275550,0.0018,-0.0262,0.9206,"Phoenix-Mesa-Glendale, AZ Metropolitan Statistical Area","Phoenix, AZ"
2018-08-01,85053,"phoenix, az",phoenix,az,3586,993,129,454,88.089723,94.20334024,81.9761063,28.5,0.0179,0.5,0.0179,0.5,-33.5,-0.0379,0.1802,1.471,239950,-0.0136,0.0568,0.8017,"Phoenix-Mesa-Glendale, AZ Metropolitan Statistical Area","Phoenix, AZ"
2018-08-01,85035,"phoenix, az",phoenix,az,2967,909,827,2742,88.610874,95.27002316,81.95172498,27,-0.1,-3,-0.1563,-5,-35,0.0741,0.6917,1.471,190050,-0.0254,0.1226,0.6349,"Phoenix-Mesa-Glendale, AZ Metropolitan Statistical Area","Phoenix, AZ"
2018-08-01,85024,"phoenix, az",phoenix,az,4045,3047,-869,319,75.268195,75.02742899,75.50896014,45,0.4516,14,0.1688,6.5,-17,0.0284,0.3212,1.3116,325050,-0.0141,0.0837,1.086,"Phoenix-Mesa-Glendale, AZ Metropolitan Statistical Area","Phoenix, AZ"
2018-08-01,85021,"phoenix, az",phoenix,az,1551,6605,-412,-387,58.454224,75.02742899,41.88101914,45,0.0465,2,-0.1,-5,-17,-0.082,0.0182,0.8116,399950,0.001,0,1.3363,"Phoenix-Mesa-Glendale, AZ Metropolitan Statistical Area","Phoenix, AZ"
2018-08-01,85054,"phoenix, az",phoenix,az,10739,9176,1368,-2357,46.153846,59.9963428,32.31134951,56,-0.1318,-8.5,0.098,5,-6,-0.0588,-0.068,0.6957,357239.5,0.022,-0.0475,1.1936,"Phoenix-Mesa-Glendale, AZ Metropolitan Statistical Area","Phoenix, AZ"
2018-08-01,85016,"phoenix, az",phoenix,az,1068,9937,867,-2041,42.240644,46.62928197,37.85200536,65.5,-0.0076,-0.5,0.0397,2.5,3.5,0.05,-0.0625,0.7609,415047.5,0.0134,-0.0235,1.3868,"Phoenix-Mesa-Glendale, AZ Metropolitan Statistical Area","Phoenix, AZ"
2018-08-01,85040,"phoenix, az",phoenix,az,4774,1065,116,1181,87.608192,96.42204072,78.79434353,25,-0.1379,-4,-0.2308,-7.5,-37,-0.09,0.2549,1.3913,210000,0.078,0.2366,0.7016,"Phoenix-Mesa-Glendale, AZ Metropolitan Statistical Area","Phoenix, AZ"
2018-08-01,85012,"phoenix, az",phoenix,az,10259,4271,2522,7389,69.249055,74.35084725,64.1472632,45.5,-0.0808,-4,-0.5027,-46,-16.5,0.1769,0.6105,1.1087,410050,-0.0463,-0.0728,1.3701,"Phoenix-Mesa-Glendale, AZ Metropolitan Statistical Area","Phoenix, AZ"
2018-08-01,85033,"phoenix, az",phoenix,az,2034,1379,253,1806,85.398635,92.88674875,77.91052054,30,0.0526,1.5,0.0526,1.5,-32,0.0053,0.5242,1.3696,185049,5e-4,0.0638,0.6182,"Phoenix-Mesa-Glendale, AZ Metropolitan Statistical Area","Phoenix, AZ"
2018-08-01,85043,"phoenix, az",phoenix,az,3841,605,540,2429,91.472632,98.17749604,84.76776789,22,-0.0638,-1.5,-0.2667,-8,-40,0.0754,0.6589,1.5507,225050,0.0227,0.1086,0.7519,"Phoenix-Mesa-Glendale, AZ Metropolitan Statistical Area","Phoenix, AZ"
2018-08-01,85022,"phoenix, az",phoenix,az,383,5351,896,-441,64.183835,67.4143606,60.95330976,50.5,0,0,-0.1062,-6,-11.5,0.021,-0.0395,1.058,323250,-0.0422,-0.0763,1.08,"Phoenix-Mesa-Glendale, AZ Metropolitan Statistical Area","Phoenix, AZ"
2018-08-01,85007,"phoenix, az",phoenix,az,8167,7824,2350,1685,52.672803,43.55723516,61.78837011,68,-0.0811,-6,-0.0556,-4,6,0.1473,0.451,1.0725,350050,0.0014,-0.0139,1.1696,"Phoenix-Mesa-Glendale, AZ Metropolitan Statistical Area","Phoenix, AZ"
2018-08-01,85019,"phoenix, az",phoenix,az,6465,2553,-501,3004,77.992808,94.20334024,61.78227478,28.5,0.7813,12.5,-0.4063,-19.5,-33.5,-0.0633,0.2542,1.0725,195950,-0.018,0.0811,0.6546,"Phoenix-Mesa-Glendale, AZ Metropolitan Statistical Area","Phoenix, AZ"
2018-08-01,85015,"phoenix, az",phoenix,az,1925,8199,1295,-2262,51.039254,67.4143606,34.66414726,50.5,-0.0098,-0.5,0.0745,3.5,-11.5,0.1364,-0.0826,0.7246,267375,0.0184,0.175,0.8933,"Phoenix-Mesa-Glendale, AZ Metropolitan Statistical Area","Phoenix, AZ"
2018-08-01,85027,"phoenix, az",phoenix,az,1540,1123,-161,243,87.184567,94.91039863,79.45873461,27.5,-0.0179,-0.5,-0.1538,-5,-34.5,-0.1222,0.0374,1.4058,240000,0.0235,0.0323,0.8018,"Phoenix-Mesa-Glendale, AZ Metropolitan Statistical Area","Phoenix, AZ"
2018-08-01,85048,"phoenix, az",phoenix,az,2580,3782,1639,2002,71.479946,68.8894307,74.07046203,49.5,-0.066,-3.5,-0.1161,-6.5,-12.5,0.0473,0.3409,1.2826,402549.5,-0.0638,0,1.345,"Phoenix-Mesa-Glendale, AZ Metropolitan Statistical Area","Phoenix, AZ"
2018-08-01,85050,"phoenix, az",phoenix,az,3420,3243,1422,1989,74.107034,73.72302816,74.49103986,46,0.0698,3,-0.1154,-6,-16,0.1788,0.3485,1.2899,494950,0.1235,0.1509,1.6538,"Phoenix-Mesa-Glendale, AZ Metropolitan Statistical Area","Phoenix, AZ"
2018-08-01,85023,"phoenix, az",phoenix,az,2086,5137,-1660,-2021,65.204803,62.63562111,67.77398513,54,0.3171,13,0.3671,14.5,-8,-0.0585,0.1103,1.1667,292050,-0.0125,0.1094,0.9758,"Phoenix-Mesa-Glendale, AZ Metropolitan Statistical Area","Phoenix, AZ"
2018-08-01,85029,"phoenix, az",phoenix,az,1102,2203,-291,1881,80.138364,83.47555772,76.8011703,38.5,0.375,10.5,-0.1979,-9.5,-23.5,0.0511,0.2759,1.3406,224950,-0.006,0.0559,0.7515,"Phoenix-Mesa-Glendale, AZ Metropolitan Statistical Area","Phoenix, AZ"
2018-08-01,85083,"phoenix, az",phoenix,az,6714,8905,-1302,-4950,47.497867,46.06241619,48.93331708,66,0.2222,12,0.4831,21.5,4,-0.0388,-0.1079,0.8986,391049.5,-0.0284,0.0156,1.3066,"Phoenix-Mesa-Glendale, AZ Metropolitan Statistical Area","Phoenix, AZ"
2018-08-01,85014,"phoenix, az",phoenix,az,2792,5935,-57,-1635,61.431793,71.56528099,51.2983055,47.5,0.0795,3.5,-0.0104,-0.5,-14.5,-0.0229,-0.0857,0.9275,350050,0.0145,0.1475,1.1696,"Phoenix-Mesa-Glendale, AZ Metropolitan Statistical Area","Phoenix, AZ"
2018-08-01,85051,"phoenix, az",phoenix,az,1860,1685,1500,2819,83.371937,92.36864562,74.37522857,30.5,-0.1408,-5,-0.2278,-9,-31.5,0.1125,0.5085,1.2899,220050,-0.0308,0.1585,0.7352,"Phoenix-Mesa-Glendale, AZ Metropolitan Statistical Area","Phoenix, AZ"
2018-08-01,85009,"phoenix, az",phoenix,az,2815,2292,1058,1836,79.562355,88.2725832,70.85212727,34.5,0.0455,1.5,-0.1481,-6,-27.5,0.1267,0.3307,1.2246,179950,0.0011,0.2005,0.6012,"Phoenix-Mesa-Glendale, AZ Metropolitan Statistical Area","Phoenix, AZ"
2018-08-01,85041,"phoenix, az",phoenix,az,1098,3552,-1650,872,72.571011,73.72302816,71.41899305,46,0.3529,12,0.0824,3.5,-16,-0.1282,0.36,1.2319,250044.5,4e-4,0.064,0.8354,"Phoenix-Mesa-Glendale, AZ Metropolitan Statistical Area","Phoenix, AZ"
2018-08-01,85018,"phoenix, az",phoenix,az,1254,9108,491,-862,46.489089,38.13239059,54.84578813,72.5,0.0902,6,-0.0705,-5.5,10.5,0.0806,-0.029,0.971,767050,-0.0229,0.0166,2.5631,"Phoenix-Mesa-Glendale, AZ Metropolitan Statistical Area","Phoenix, AZ"
2018-07-01,85083,"phoenix, az",phoenix,az,6714,7603,-1487,-2992,53.506454,57.90411801,49.10878918,54,0.2558,11,0.2857,12,-5.5,-0.0227,0.075,0.9149,402500,-0.0395,0.0346,1.3419,"Phoenix-Mesa-Glendale, AZ Metropolitan Statistical Area","Phoenix, AZ"
2018-07-01,85040,"phoenix, az",phoenix,az,4774,1181,-95,1580,86.991395,92.71665642,81.26613399,29,0,0,-0.3095,-13,-30.5,-0.1281,0.2866,1.4965,194800,-0.0203,0.1129,0.6494,"Phoenix-Mesa-Glendale, AZ Metropolitan Statistical Area","Phoenix, AZ"
2018-07-01,85044,"phoenix, az",phoenix,az,967,3492,2028,1168,73.137677,71.37062077,74.90473264,45,-0.1,-5,-0.1176,-6,-14.5,0.0988,0.2945,1.3404,380050,0.0133,0.0614,1.2671,"Phoenix-Mesa-Glendale, AZ Metropolitan Statistical Area","Phoenix, AZ"
2018-07-01,85035,"phoenix, az",phoenix,az,2967,1736,515,1561,83.156116,91.59188691,74.72034419,30,0.6667,12,0.0714,2,-29.5,0.1812,0.575,1.3404,194999.5,0.026,0.1535,0.65,"Phoenix-Mesa-Glendale, AZ Metropolitan Statistical Area","Phoenix, AZ"
2018-07-01,85041,"phoenix, az",phoenix,az,1098,1902,1178,1177,82.105101,87.21573448,76.99446835,34,-0.0811,-3,0,0,-25.5,0.0598,0.4552,1.383,249950,0.0412,0.0638,0.8333,"Phoenix-Mesa-Glendale, AZ Metropolitan Statistical Area","Phoenix, AZ"
2018-07-01,85017,"phoenix, az",phoenix,az,3244,2550,-1816,1481,78.282114000000007,94.43146896,62.13275968,27,0.125,3,-0.25,-9,-32.5,-0.381,0.3,1.1064,177550,0.0441,0.0143,0.5919,"Phoenix-Mesa-Glendale, AZ Metropolitan Statistical Area","Phoenix, AZ"
2018-07-01,85048,"phoenix, az",phoenix,az,2580,5421,1322,2109,63.57099,59.35464044,67.78733866,53,0.0192,1,-0.1452,-9,-6.5,0.1118,0.4322,1.1986,430000,1e-4,0.0286,1.4336,"Phoenix-Mesa-Glendale, AZ Metropolitan Statistical Area","Phoenix, AZ"
2018-07-01,85023,"phoenix, az",phoenix,az,2086,3477,1147,307,73.192993,77.86109404,68.52489244,41,-0.1087,-5,0,0,-18.5,-0.0604,0.2761,1.2128,295750,-0.014,0.1158,0.986,"Phoenix-Mesa-Glendale, AZ Metropolitan Statistical Area","Phoenix, AZ"
2018-07-01,85033,"phoenix, az",phoenix,az,2034,1632,-780,1324,83.838353,93.15304241,74.52366318,28.5,0.5833,10.5,0.2391,5.5,-31,-0.1455,0.541,1.3333,184950,-5e-4,0.1145,0.6165,"Phoenix-Mesa-Glendale, AZ Metropolitan Statistical Area","Phoenix, AZ"
2018-07-01,85029,"phoenix, az",phoenix,az,1102,1912,-257,1959,82.068224,93.57098955,70.5654579,28,0.037,1,-0.2222,-8,-31.5,-0.102,0.4426,1.2482,226299.5,-0.0159,0.0528,0.7544,"Phoenix-Mesa-Glendale, AZ Metropolitan Statistical Area","Phoenix, AZ"
2018-07-01,85043,"phoenix, az",phoenix,az,3841,1145,2210,1055,87.307929,96.56422864,78.05162876,23.5,-0.4405,-18.5,-0.0962,-2.5,-36,0.0153,0.3819,1.4113,220050,0,0.1,0.7336,"Phoenix-Mesa-Glendale, AZ Metropolitan Statistical Area","Phoenix, AZ"
2018-07-01,85021,"phoenix, az",phoenix,az,1551,6193,2422,3005,60.003073,74.6527351,45.35341119,43,-0.2321,-13,-0.3175,-20,-16.5,-0.0161,0.3261,0.8652,399550,-0.0644,-0.1122,1.3321,"Phoenix-Mesa-Glendale, AZ Metropolitan Statistical Area","Phoenix, AZ"
2018-07-01,85031,"phoenix, az",phoenix,az,6014,4663,-1284,-926,67.418562,84.03810695,50.79901659,36.5,0.7381,15.5,0.587,13.5,-23,-0.0075,0.2315,0.9433,189950,0,0.1509,0.6332,"Phoenix-Mesa-Glendale, AZ Metropolitan Statistical Area","Phoenix, AZ"
2018-07-01,85050,"phoenix, az",phoenix,az,3420,4665,-208,527,67.409342,74.6527351,60.1659496,43,0.1026,4,-0.0227,-1,-16.5,-0.0321,0.3017,1.0709,440550,0.0513,-0.0618,1.4688,"Phoenix-Mesa-Glendale, AZ Metropolitan Statistical Area","Phoenix, AZ"
2018-07-01,85006,"phoenix, az",phoenix,az,4953,7582,-465,-4218,53.595575,75.55623848,31.63491088,42.5,-0.0341,-1.5,0.2143,7.5,-17,-0.1695,-0.2462,0.695,327550,-0.0195,0.0953,1.092,"Phoenix-Mesa-Glendale, AZ Metropolitan Statistical Area","Phoenix, AZ"
2018-07-01,85053,"phoenix, az",phoenix,az,3586,1122,-184,1396,87.449293,93.57098955,81.3275968,28,0.1667,4,-0.0968,-3,-31.5,-0.0905,0.4653,1.4965,243250,-0.0073,0.069,0.8109,"Phoenix-Mesa-Glendale, AZ Metropolitan Statistical Area","Phoenix, AZ"
