rltr_market_hotness_msa_phoenix.csv
month_date_yyyymm,postal_code,zip_name,city,state,nielsen_hh_rank,hotness_rank,hotness_rank_mm,hotness_rank_yy,hotness_score,supply_score,demand_score,median_days_on_market,median_days_on_market_mm,median_dom_mm_day,median_days_on_market_yy,median_dom_yy_day,median_dom_vs_us,ldpviews_per_property_mm,ldpviews_per_property_yy,ldpviews_per_property_vs_us,median_listing_price,median_listing_price_mm,median_listing_price_yy,median_listing_price_vs_us,cbsa_name,cbsa_zip_name
2018-07-01,85032,"phoenix, az",phoenix,az,90,2234,-546,-415,80.116779,91.59188691,68.64167179,30,0.0345,1,-0.1176,-4,-29.5,-0.1535,-0.0058,1.2128,292500,-0.0248,0.0831,0.9752,"Phoenix-Mesa-Glendale, AZ Metropolitan Statistical Area","Phoenix, AZ"
2018-07-01,85085,"phoenix, az",phoenix,az,5409,6548,2030,819,58.229871,62.31100184,54.14874001,51,-0.1356,-8,-0.0893,-5,-8.5,0.0373,0.3113,0.9858,439950,0.0113,0.0499,1.4668,"Phoenix-Mesa-Glendale, AZ Metropolitan Statistical Area","Phoenix, AZ"
2018-07-01,85022,"phoenix, az",phoenix,az,383,6247,-473,-557,59.741856,63.19606638,56.28764597,50.5,0.0521,2.5,-0.0288,-1.5,-9,-0.0949,0.1172,1.0142,337500,-0.0356,-0.0352,1.1252,"Phoenix-Mesa-Glendale, AZ Metropolitan Statistical Area","Phoenix, AZ"
2018-07-01,85037,"phoenix, az",phoenix,az,2275,1212,-359,1556,86.773202,95.46404425,78.08236017,25.5,0.275,5.5,-0.2714,-9.5,-34,-0.1036,0.3819,1.4113,212500,0.0214,0.1065,0.7084,"Phoenix-Mesa-Glendale, AZ Metropolitan Statistical Area","Phoenix, AZ"
2018-07-01,85051,"phoenix, az",phoenix,az,1860,3185,-1026,1087,74.698832,85.53165335,63.86601106,35.5,0.3148,8.5,-0.0897,-3.5,-24,-0.1011,0.3115,1.1348,227050,0.0365,0.1641,0.7569,"Phoenix-Mesa-Glendale, AZ Metropolitan Statistical Area","Phoenix, AZ"
2018-07-01,85015,"phoenix, az",phoenix,az,1925,9494,-3129,-4099,44.025814,62.31100184,25.74062692,51,0.3421,13,0.186,8,-8.5,-0.2281,-0.2,0.6241,262550,0.01,0.1413,0.8753,"Phoenix-Mesa-Glendale, AZ Metropolitan Statistical Area","Phoenix, AZ"
2018-07-01,85012,"phoenix, az",phoenix,az,10259,6793,1376,4568,57.141979,64.85556238,49.42839582,49.5,-0.0481,-2.5,-0.4036,-33.5,-10,0.0484,0.413,0.922,429950,0.0775,0.0488,1.4335,"Phoenix-Mesa-Glendale, AZ Metropolitan Statistical Area","Phoenix, AZ"
2018-07-01,85007,"phoenix, az",phoenix,az,8167,10174,-1759,1098,40.464044,32.03441918,48.89366933,74,0.2759,16,-0.0513,-4,14.5,-0.0515,0.5,0.9149,349550,-0.1104,-0.0155,1.1654,"Phoenix-Mesa-Glendale, AZ Metropolitan Statistical Area","Phoenix, AZ"
2018-07-01,85008,"phoenix, az",phoenix,az,407,4895,1664,-1118,66.241549,80.50399508,51.97910264,39,-0.093,-4,-0.0714,-3,-20.5,0.0887,-0.0074,0.9574,287300,-0.0074,-0.0328,0.9578,"Phoenix-Mesa-Glendale, AZ Metropolitan Statistical Area","Phoenix, AZ"
2018-07-01,85013,"phoenix, az",phoenix,az,4529,8861,-1503,-1817,47.224954,61.61032575,32.83958205,51.5,0.2262,9.5,-0.1121,-6.5,-8,-0.0566,-0.1525,0.7092,350000,-0.0197,0.0265,1.1669,"Phoenix-Mesa-Glendale, AZ Metropolitan Statistical Area","Phoenix, AZ"
2018-07-01,85014,"phoenix, az",phoenix,az,2792,5878,1029,-759,61.54579,72.99323909,50.0983405,44,-0.0833,-4,-0.1373,-7,-15.5,-0.0224,-0.0368,0.9291,345050,0.015,0.0748,1.1504,"Phoenix-Mesa-Glendale, AZ Metropolitan Statistical Area","Phoenix, AZ"
2018-07-01,85054,"phoenix, az",phoenix,az,10739,10544,-631,-2224,38.632452,43.31284573,33.952059,64.5,0.1518,8.5,0.217,11.5,5,0.0408,0.186,0.7234,349550,-0.0014,-0.0922,1.1654,"Phoenix-Mesa-Glendale, AZ Metropolitan Statistical Area","Phoenix, AZ"
2018-07-01,85028,"phoenix, az",phoenix,az,5310,6059,1245,-915,60.642286,67.83650891,53.44806392,47.5,-0.1364,-7.5,-0.05,-2.5,-12,-0.08,0.0455,0.9787,416550,-0.0744,0.0818,1.3888,"Phoenix-Mesa-Glendale, AZ Metropolitan Statistical Area","Phoenix, AZ"
2018-07-01,85042,"phoenix, az",phoenix,az,2049,2018,1271,2441,81.385986,87.21573448,75.55623848,34,-0.0556,-2,-0.2273,-10,-25.5,0.1105,0.4692,1.3546,275050,-0.0178,-0.0678,0.917,"Phoenix-Mesa-Glendale, AZ Metropolitan Statistical Area","Phoenix, AZ"
2018-07-01,85024,"phoenix, az",phoenix,az,4045,2178,-1217,246,80.531653,90.540872769999993,70.52243393,31,0.1071,3,-0.0313,-1,-28.5,-0.2787,0.1892,1.2482,329700,-0.0011,0.0566,1.0992,"Phoenix-Mesa-Glendale, AZ Metropolitan Statistical Area","Phoenix, AZ"
2018-07-01,85018,"phoenix, az",phoenix,az,1254,9599,291,-393,43.57099,40.49170252,46.65027658,66.5,0.0076,0.5,-0.179,-14.5,7,0.0164,-0.0462,0.8794,785049.5,-0.0186,0.0129,2.6175,"Phoenix-Mesa-Glendale, AZ Metropolitan Statistical Area","Phoenix, AZ"
2018-07-01,85009,"phoenix, az",phoenix,az,2815,3350,-1098,2215,73.890596,88.26674862,59.51444376,33,0.5714,12,-0.34,-17,-26.5,-0.0741,0.2097,1.0638,179750,0.0897,0.1979,0.5992,"Phoenix-Mesa-Glendale, AZ Metropolitan Statistical Area","Phoenix, AZ"
2018-07-01,85016,"phoenix, az",phoenix,az,1068,10804,133,-1314,37.077443,41.19237861,32.96250768,66,0,0,-0.0833,-6,6.5,0,-0.0566,0.7092,409549.5,-0.1096,-0.0248,1.3655,"Phoenix-Mesa-Glendale, AZ Metropolitan Statistical Area","Phoenix, AZ"
2018-07-01,85003,"phoenix, az",phoenix,az,9001,13065,-1229,520,23.87523,12.10202827,35.6484327,104.5,0.2901,23.5,-0.0913,-10.5,45,-0.0094,0.2805,0.7447,470050,0.0108,-0.0105,1.5672,"Phoenix-Mesa-Glendale, AZ Metropolitan Statistical Area","Phoenix, AZ"
2018-07-01,85045,"phoenix, az",phoenix,az,11338,7523,168,1873,53.890596,67.83650891,39.94468347,47.5,-0.0865,-4.5,-0.2339,-14.5,-12,-0.1567,0.2841,0.8014,370025,-0.0511,-0.0327,1.2337,"Phoenix-Mesa-Glendale, AZ Metropolitan Statistical Area","Phoenix, AZ"
2018-07-01,85019,"phoenix, az",phoenix,az,6465,2052,696,3678,81.167793,99.40995698,62.92562999,16,-0.4074,-11,-0.619,-26,-43.5,-0.0125,0.549,1.1206,199545,0.05,0.1399,0.6652,"Phoenix-Mesa-Glendale, AZ Metropolitan Statistical Area","Phoenix, AZ"
2018-07-01,85004,"phoenix, az",phoenix,az,12132,12237,-122,1570,28.930547,30.41180086,27.44929318,75.5,-0.1118,-9.5,-0.2877,-30.5,16,-0.125,0.2639,0.6454,350050,0.0389,0.1111,1.1671,"Phoenix-Mesa-Glendale, AZ Metropolitan Statistical Area","Phoenix, AZ"
2018-07-01,85027,"phoenix, az",phoenix,az,1540,962,-271,387,88.583282,93.57098955,83.59557468,28,0.2174,5,-0.0345,-1,-31.5,-0.116,0.2143,1.5674,234500,-0.0019,0.042,0.7818,"Phoenix-Mesa-Glendale, AZ Metropolitan Statistical Area","Phoenix, AZ"
2018-07-01,85020,"phoenix, az",phoenix,az,1569,7968,-2196,-1288,51.794714,53.43577136,50.15365704,57,0.2667,12,0.0962,5,-2.5,-0.1149,0.1909,0.9291,372500,-0.0298,-0.0686,1.2419,"Phoenix-Mesa-Glendale, AZ Metropolitan Statistical Area","Phoenix, AZ"
2018-06-01,85020,"phoenix, az",phoenix,az,1569,5772,-963,-772,61.981138,65.91797481,58.04430105,45,0.25,9,0.1111,4.5,-12,-0.0133,0.265,1.0571,383950,0.0038,-9e-4,1.2797,"Phoenix-Mesa-Glendale, AZ Metropolitan Statistical Area","Phoenix, AZ"
2018-06-01,85041,"phoenix, az",phoenix,az,1098,3080,1190,2614,75.345908,78.67469132,72.01712478,37,-0.1868,-8.5,-0.2525,-12.5,-20,-0.098,0.4264,1.3143,240050,0.0457,0.0256,0.8,"Phoenix-Mesa-Glendale, AZ Metropolitan Statistical Area","Phoenix, AZ"
2018-06-01,85044,"phoenix, az",phoenix,az,967,5520,-477,-1500,63.181734,58.29248619,68.07098095,50,0.0638,3,0.0989,4.5,-7,-0.0802,0.1026,1.2286,375050,0.0219,-0.0493,1.25,"Phoenix-Mesa-Glendale, AZ Metropolitan Statistical Area","Phoenix, AZ"
2018-06-01,85043,"phoenix, az",phoenix,az,3841,3355,453,-1736,73.943662,72.14121735,75.7461066,42,0.12,4.5,0.8667,19.5,-15,0.0769,0.1807,1.4,220050,-0.0218,0.0685,0.7333,"Phoenix-Mesa-Glendale, AZ Metropolitan Statistical Area","Phoenix, AZ"
2018-06-01,85027,"phoenix, az",phoenix,az,1540,691,-128,1456,91.204939,94.62058696,87.78929081,23,0.2105,4,-0.2698,-8.5,-34,-0.0876,0.506,1.7857,234950,0.0237,0.044,0.783,"Phoenix-Mesa-Glendale, AZ Metropolitan Statistical Area","Phoenix, AZ"
2018-06-01,85031,"phoenix, az",phoenix,az,6014,3379,-1143,379,73.844388,96.7301607,50.95861513,21,-0.1429,-3.5,-0.4474,-17,-36,-0.2796,-0.0219,0.9571,189950,0.055,0.1561,0.633,"Phoenix-Mesa-Glendale, AZ Metropolitan Statistical Area","Phoenix, AZ"
2018-06-01,85004,"phoenix, az",phoenix,az,12132,12115,-374,-197,28.24347,21.24464851,35.24229075,85,0.0625,5,0,0,28,0.0833,0.2381,0.7429,336950,0.0212,0.058,1.123,"Phoenix-Mesa-Glendale, AZ Metropolitan Statistical Area","Phoenix, AZ"
2018-06-01,85085,"phoenix, az",phoenix,az,5409,8578,-548,-1618,48.020723,44.54923373,51.49221319,59,0.1683,8.5,0.2041,10,2,0.1074,0.2762,0.9571,435050,-0.0039,0.0119,1.45,"Phoenix-Mesa-Glendale, AZ Metropolitan Statistical Area","Phoenix, AZ"
2018-06-01,85033,"phoenix, az",phoenix,az,2034,852,-10,1805,89.833716,97.5305578,82.13687411,18,-0.234,-5.5,-0.4194,-13,-39,-0.1635,0.4865,1.5714,185036,5e-4,0.115,0.6166,"Phoenix-Mesa-Glendale, AZ Metropolitan Statistical Area","Phoenix, AZ"
2018-06-01,85007,"phoenix, az",phoenix,az,8167,8415,-2131,2886,48.985543,45.9949122,51.97617423,58,0.2747,12.5,-0.2658,-21,1,-0.0811,0.5455,0.9714,392950,-0.0176,0.0773,1.3097,"Phoenix-Mesa-Glendale, AZ Metropolitan Statistical Area","Phoenix, AZ"
2018-06-01,85045,"phoenix, az",phoenix,az,11338,7691,154,2159,52.80139,54.57591363,51.02686604,52,0.0612,3,-0.1545,-9.5,-5,0.1074,0.6145,0.9571,389950,-0.1334,-0.0517,1.2997,"Phoenix-Mesa-Glendale, AZ Metropolitan Statistical Area","Phoenix, AZ"
2018-06-01,85024,"phoenix, az",phoenix,az,4045,961,200,1210,88.977477,91.10876714,86.84618726,28,0.5556,10,0.1429,3.5,-29,0.1193,0.6267,1.7429,330050,-0.0428,0.082,1.1,"Phoenix-Mesa-Glendale, AZ Metropolitan Statistical Area","Phoenix, AZ"
2018-06-01,85037,"phoenix, az",phoenix,az,2275,853,-154,1636,89.818204,97.05900602,82.57740274,20,-0.0909,-2,-0.403,-13.5,-37,-0.1778,0.3875,1.5857,208050,0.0429,0.0724,0.6933,"Phoenix-Mesa-Glendale, AZ Metropolitan Statistical Area","Phoenix, AZ"
2018-06-01,85028,"phoenix, az",phoenix,az,5310,7304,201,-1838,54.616244,50.46844946,58.76403797,55,0.0577,3,0.134,6.5,-2,0.0791,0.145,1.0714,450050,0.0477,0.0715,1.5,"Phoenix-Mesa-Glendale, AZ Metropolitan Statistical Area","Phoenix, AZ"
2018-06-01,85003,"phoenix, az",phoenix,az,9001,11836,-1207,1159,29.884594,23.41626854,36.35291928,81,0.0452,3.5,-0.25,-27,24,-0.1017,0.2619,0.7571,465050,0.0333,0.0333,1.55,"Phoenix-Mesa-Glendale, AZ Metropolitan Statistical Area","Phoenix, AZ"
2018-06-01,85012,"phoenix, az",phoenix,az,10259,8169,729,1663,50.210957,54.57591363,45.84600112,52,-0.1405,-8.5,-0.2061,-13.5,-5,-0.0236,0.3626,0.8857,399043,0.0363,-0.1192,1.33,"Phoenix-Mesa-Glendale, AZ Metropolitan Statistical Area","Phoenix, AZ"
2018-06-01,85029,"phoenix, az",phoenix,az,1102,1655,521,1264,83.849352,91.79748092,75.90122231,27,0.125,3,-0.194,-6.5,-30,0.0481,0.3425,1.4,229950,-0.0149,0.0976,0.7663,"Phoenix-Mesa-Glendale, AZ Metropolitan Statistical Area","Phoenix, AZ"
2018-06-01,85050,"phoenix, az",phoenix,az,3420,4457,-197,2172,68.430849,75.25594093,61.6057579,39,0.1642,5.5,-0.2277,-11.5,-18,0.0065,0.3565,1.1143,419050,-0.0454,-0.0861,1.3967,"Phoenix-Mesa-Glendale, AZ Metropolitan Statistical Area","Phoenix, AZ"
2018-06-01,85053,"phoenix, az",phoenix,az,3586,938,297,542,89.176025,93.7209158,84.63113483,24,0.2,4,0.0213,0.5,-33,0.0642,0.341,1.6571,245050,0.002,0.0771,0.8167,"Phoenix-Mesa-Glendale, AZ Metropolitan Statistical Area","Phoenix, AZ"
2018-06-01,85022,"phoenix, az",phoenix,az,383,5774,-1082,-1393,61.953217,61.40720978,62.49922442,48,0.3333,12,0.1034,4.5,-9,0.0327,0.1449,1.1286,349950,0.0157,0.053900000000000003,1.1663,"Phoenix-Mesa-Glendale, AZ Metropolitan Statistical Area","Phoenix, AZ"
2018-06-01,85042,"phoenix, az",phoenix,az,2049,3289,2606,994,74.266303,80.64776323,67.88484209,36,-0.2941,-15,-0.1325,-5.5,-21,-0.0391,0.2741,1.2286,280022,-0.0379,0.0169,0.9332,"Phoenix-Mesa-Glendale, AZ Metropolitan Statistical Area","Phoenix, AZ"
2018-06-01,85015,"phoenix, az",phoenix,az,1925,6365,-1098,-1839,59.002916,77.12973879,40.87609357,38,0.2459,7.5,-0.013,-0.5,-19,-0.0732,-0.0579,0.8143,259950,-0.0445,0.1551,0.8663,"Phoenix-Mesa-Glendale, AZ Metropolitan Statistical Area","Phoenix, AZ"
2018-06-01,85032,"phoenix, az",phoenix,az,90,1688,94,59,83.622883,89.52658683,77.71917851,29,0.1154,3,-0.1212,-4,-28,-0.0335,0.086,1.4429,299950,0.0032,0.1148,0.9997,"Phoenix-Mesa-Glendale, AZ Metropolitan Statistical Area","Phoenix, AZ"
2018-06-01,85019,"phoenix, az",phoenix,az,6465,2748,-1450,3329,77.281752,91.79748092,62.76602345,27,0.7419,11.5,-0.4066,-18.5,-30,-0.2233,0.4286,1.1429,190050,-0.05,0.0857,0.6333,"Phoenix-Mesa-Glendale, AZ Metropolitan Statistical Area","Phoenix, AZ"
2018-06-01,85021,"phoenix, az",phoenix,az,1551,8615,1298,-2345,47.791152,49.42607185,46.15623255,56,-0.082,-5,0.3333,14,-1,0.1923,0.2525,0.8857,427050,0.0047,-0.0404,1.4233,"Phoenix-Mesa-Glendale, AZ Metropolitan Statistical Area","Phoenix, AZ"
2018-06-01,85040,"phoenix, az",phoenix,az,4774,1086,1207,827,87.941304,89.52658683,86.35602159,29,-0.1714,-6,-0.1594,-5.5,-28,0.0614,0.3011,1.7286,198827,-0.0232,0.2014,0.6626,"Phoenix-Mesa-Glendale, AZ Metropolitan Statistical Area","Phoenix, AZ"
2018-06-01,85048,"phoenix, az",phoenix,az,2580,6743,-2692,355,57.147732,54.57591363,59.71955078,52,0.4648,16.5,-0.0957,-5.5,-5,-0.0898,0.216,1.0857,429950,0.0118,0.026,1.433,"Phoenix-Mesa-Glendale, AZ Metropolitan Statistical Area","Phoenix, AZ"
2018-06-01,85023,"phoenix, az",phoenix,az,2086,4624,-197,1196,67.552894,63.75255941,71.35322951,46,0.0824,3.5,-0.1858,-10.5,-11,-0.0215,0.2133,1.3,299950,-0.1034,0.0878,0.9997,"Phoenix-Mesa-Glendale, AZ Metropolitan Statistical Area","Phoenix, AZ"
2018-06-01,85083,"phoenix, az",phoenix,az,6714,6116,81,-442,60.222126,69.98200658,50.46224483,43,0.0488,2,-0.0115,-0.5,-14,-0.0149,0.1681,0.9429,419050,-0.0255,0.0926,1.3967,"Phoenix-Mesa-Glendale, AZ Metropolitan Statistical Area","Phoenix, AZ"
2018-06-01,85017,"phoenix, az",phoenix,az,3244,734,553,3253,90.832661,93.7209158,87.94440653,24,-0.1273,-3.5,-0.3425,-12.5,-33,0.0202,0.9688,1.8,170050,-0.042,0.0628,0.5667,"Phoenix-Mesa-Glendale, AZ Metropolitan Statistical Area","Phoenix, AZ"
2018-06-01,85013,"phoenix, az",phoenix,az,4529,7358,-1286,-1296,54.352547,72.14121735,36.56387665,42,0.1831,6.5,-0.1429,-7,-15,-0.1167,-0.124,0.7571,357050,0.0227,0.0818,1.19,"Phoenix-Mesa-Glendale, AZ Metropolitan Statistical Area","Phoenix, AZ"
2018-06-01,85008,"phoenix, az",phoenix,az,407,6559,-1,-3343,58.028789,69.98200658,46.07557238,43,0,0,0.3651,11.5,-14,-0.0606,-0.0746,0.8857,289450,0.0156,-0.0285,0.9647,"Phoenix-Mesa-Glendale, AZ Metropolitan Statistical Area","Phoenix, AZ"
2018-06-01,85006,"phoenix, az",phoenix,az,4953,7117,155,-2895,55.478687,68.00273004,42.95464416,44,0.0233,1,0.0233,1,-13,0.0172,-0.1631,0.8429,334050,0.0603,0.1812,1.1133,"Phoenix-Mesa-Glendale, AZ Metropolitan Statistical Area","Phoenix, AZ"
2018-06-01,85035,"phoenix, az",phoenix,az,2967,2251,-1422,-672,80.235155,97.5305578,62.93975306,18,0.2,3,-0.3333,-9,-39,-0.3103,-0.0857,1.1429,190050,0.0326,0.1249,0.6333,"Phoenix-Mesa-Glendale, AZ Metropolitan Statistical Area","Phoenix, AZ"
2018-06-01,85018,"phoenix, az",phoenix,az,1254,9890,-697,-413,40.792331,36.33430539,45.25035677,66,0.0313,2,-0.1373,-10.5,9,-0.0469,0.0339,0.8714,799950,-0.0832,0.067,2.6663,"Phoenix-Mesa-Glendale, AZ Metropolitan Statistical Area","Phoenix, AZ"
2018-06-01,85014,"phoenix, az",phoenix,az,2792,6907,474,-516,56.39387,61.40720978,51.38052988,48,0.0105,0.5,-0.1193,-6.5,-9,0.0551,0.0229,0.9571,339950,-0.0286,-0.061,1.133,"Phoenix-Mesa-Glendale, AZ Metropolitan Statistical Area","Phoenix, AZ"
2018-06-01,85054,"phoenix, az",phoenix,az,10739,9913,-2241,552,40.699262,49.42607185,31.97245145,56,0.3333,14,-0.145,-9.5,-1,-0.0667,0.225,0.7,350050,0.0066,-0.0817,1.1667,"Phoenix-Mesa-Glendale, AZ Metropolitan Statistical Area","Phoenix, AZ"
2018-06-01,85051,"phoenix, az",phoenix,az,1860,2159,-197,743,80.805981,91.79748092,69.8144816,27,0.2273,5,0.08,2,-30,-0.0632,0.3588,1.2714,219050,-0.0133,0.1511,0.73,"Phoenix-Mesa-Glendale, AZ Metropolitan Statistical Area","Phoenix, AZ"
2018-06-01,85009,"phoenix, az",phoenix,az,2815,2252,684,1130,80.228951,96.7301607,63.72774089,21,-0.3824,-13,-0.44,-16.5,-36,-0.1735,0.1172,1.1571,164950,-0.0427,0.1033,0.5497,"Phoenix-Mesa-Glendale, AZ Metropolitan Statistical Area","Phoenix, AZ"
2018-06-01,85016,"phoenix, az",phoenix,az,1068,10937,-1542,-964,34.925855,36.33430539,33.51740398,66,0.1786,10,-0.0897,-6.5,9,-0.0476,-0.0196,0.7143,459950,0.0558,0.0512,1.533,"Phoenix-Mesa-Glendale, AZ Metropolitan Statistical Area","Phoenix, AZ"
2018-05-01,85016,"phoenix, az",phoenix,az,1068,9395,-243,-97,41.897927,49.30781499,34.48803828,56,-0.0345,-2,-0.1318,-8.5,-1,-0.0541,0.0825,0.7095,435644.5,-0.032,-0.0541,1.4525,"Phoenix-Mesa-Glendale, AZ Metropolitan Statistical Area","Phoenix, AZ"
2018-05-01,85017,"phoenix, az",phoenix,az,3244,1287,386,1901,86.819777,88.98883573,84.6507177,27.5,-0.0179,-0.5,0.3415,7,-29.5,0.0466,0.976,1.6689,177500,0.014,0.0629,0.5917,"Phoenix-Mesa-Glendale, AZ Metropolitan Statistical Area","Phoenix, AZ"
2018-05-01,85003,"phoenix, az",phoenix,az,9001,10629,-390,1763,34.673046,28.18500797,41.16108453,77.5,0.1151,8,-0.1799,-17,20.5,0.0826,0.5325,0.7973,450050,-0.0163,-0.0506,1.5005,"Phoenix-Mesa-Glendale, AZ Metropolitan Statistical Area","Phoenix, AZ"
2018-05-01,85006,"phoenix, az",phoenix,az,4953,7272,-1238,-4107,53.869219,67.64274322,40.09569378,43,0.1169,4.5,0.1622,6,-14,-0.1077,-0.2704,0.7838,315050,0,0.1886,1.0504,"Phoenix-Mesa-Glendale, AZ Metropolitan Statistical Area","Phoenix, AZ"
2018-05-01,85009,"phoenix, az",phoenix,az,2815,2936,841,137,76.449761,80.74641148,72.15311005,34,-0.0933,-3.5,0.0625,2,-23,0.037,0.3333,1.3243,172300,0.0302,0.1838,0.5744,"Phoenix-Mesa-Glendale, AZ Metropolitan Statistical Area","Phoenix, AZ"
2018-05-01,85037,"phoenix, az",phoenix,az,2275,699,420,1523,91.247209,94.3923445,88.10207337,22,-0.2787,-8.5,-0.1538,-4,-35,-0.069,0.7089,1.8243,199500,0.0023,0.0781,0.6651,"Phoenix-Mesa-Glendale, AZ Metropolitan Statistical Area","Phoenix, AZ"
