rltr_market_hotness_msa_phoenix.csv
month_date_yyyymm,postal_code,zip_name,city,state,nielsen_hh_rank,hotness_rank,hotness_rank_mm,hotness_rank_yy,hotness_score,supply_score,demand_score,median_days_on_market,median_days_on_market_mm,median_dom_mm_day,median_days_on_market_yy,median_dom_yy_day,median_dom_vs_us,ldpviews_per_property_mm,ldpviews_per_property_yy,ldpviews_per_property_vs_us,median_listing_price,median_listing_price_mm,median_listing_price_yy,median_listing_price_vs_us,cbsa_name,cbsa_zip_name
2018-02-01,85003,"phoenix, az",phoenix,az,9001,4945,2241,5214,64.316652,86.83281135,41.8004931,40.5,-0.4841,-38,-0.6233,-67,-44,0.0935,0.3,0.8182,444549.5,-0.0011,-0.1064,1.6032,"Phoenix-Mesa-Glendale, AZ Metropolitan Statistical Area","Phoenix, AZ"
2018-02-01,85013,"phoenix, az",phoenix,az,4529,4113,1422,478,68.681282,82.40154595,54.96101819,47,-0.3139,-21.5,-0.1376,-7.5,-37.5,0.2458,0.1855,1.028,318300,-0.0414,-0.0707,1.1479,"Phoenix-Mesa-Glendale, AZ Metropolitan Statistical Area","Phoenix, AZ"
2018-02-01,85008,"phoenix, az",phoenix,az,407,5334,-1644,-976,62.167655,71.76650896,52.56880123,61,0,0,-0.024,-1.5,-23.5,-0.014,-0.014,0.986,256550,0.08,-0.0585,0.9252,"Phoenix-Mesa-Glendale, AZ Metropolitan Statistical Area","Phoenix, AZ"
2018-02-01,85018,"phoenix, az",phoenix,az,1254,6272,-794,-1002,57.239955,62.59745452,51.88245485,71.5,-0.0949,-7.5,0.1,6.5,-13,-0.0347,0.112,0.972,899550,0.0487,0.2625,3.2444,"Phoenix-Mesa-Glendale, AZ Metropolitan Statistical Area","Phoenix, AZ"
2018-02-01,85017,"phoenix, az",phoenix,az,3244,2226,-511,5288,79.469581,95.40214567,63.53701606,26.5,-0.2838,-10.5,-0.5827,-37,-58,-0.0059,1.1667,1.1818,170000,-0.0423,0.0975,0.613,"Phoenix-Mesa-Glendale, AZ Metropolitan Statistical Area","Phoenix, AZ"
2018-02-01,85048,"phoenix, az",phoenix,az,2580,2904,327,609,75.454788,81.74851736,69.16105817,48,-0.2836,-19,0.0787,3.5,-36.5,0.0824,0.3731,1.2867,434950,0.0778,0.1238,1.5686,"Phoenix-Mesa-Glendale, AZ Metropolitan Statistical Area","Phoenix, AZ"
2018-02-01,85037,"phoenix, az",phoenix,az,2275,716,18,2502,90.694343,95.84860398,85.5400813,25.5,-0.2388,-8,-0.4,-17,-59,0.1448,0.8333,1.7692,199500,-0.0027,0.1433,0.7194,"Phoenix-Mesa-Glendale, AZ Metropolitan Statistical Area","Phoenix, AZ"
2018-02-01,85023,"phoenix, az",phoenix,az,2086,2792,594,-982,76.084494,89.23169188,62.93729593,37,-0.3984,-24.5,0.2982,8.5,-47.5,0.106,0.0437,1.1678,282500,0.0386,0.1016,1.0188,"Phoenix-Mesa-Glendale, AZ Metropolitan Statistical Area","Phoenix, AZ"
2018-02-01,85024,"phoenix, az",phoenix,az,4045,997,1172,1429,88.358766,96.64156727,80.07596455,23.5,-0.5841,-33,-0.3472,-12.5,-61,0.2444,0.4834,1.5664,319050,0.0786,0.0906,1.1506,"Phoenix-Mesa-Glendale, AZ Metropolitan Statistical Area","Phoenix, AZ"
2018-02-01,85029,"phoenix, az",phoenix,az,1102,2900,-437,-183,75.474778,85.81995069,65.12960618,42,-0.1429,-7,0.0633,2.5,-42.5,0.109,0.1689,1.2098,220050,0.0237,0.1282,0.7935,"Phoenix-Mesa-Glendale, AZ Metropolitan Statistical Area","Phoenix, AZ"
2018-02-01,85020,"phoenix, az",phoenix,az,1569,3466,-406,-54,72.282935,88.19884054,56.36702872,38.5,-0.3125,-17.5,-0.2143,-10.5,-46,0.0067,0.0417,1.049,405432.5,0.1615,0.2688,1.4622,"Phoenix-Mesa-Glendale, AZ Metropolitan Statistical Area","Phoenix, AZ"
2018-02-01,85007,"phoenix, az",phoenix,az,8167,9535,-538,-1897,39.401613,38.09555541,40.70766975,101.5,0.1341,12,0.2531,20.5,17,0.2234,0.1275,0.8042,352050,-0.0283,-0.0249,1.2696,"Phoenix-Mesa-Glendale, AZ Metropolitan Statistical Area","Phoenix, AZ"
2018-02-01,85050,"phoenix, az",phoenix,az,3420,3239,-172,649,73.615646,88.19884054,59.03245152,38.5,-0.2804,-15,-0.1149,-5,-46,0.0828,0.2661,1.0979,433500,0.1086,0.17,1.5634,"Phoenix-Mesa-Glendale, AZ Metropolitan Statistical Area","Phoenix, AZ"
2018-01-01,85008,"phoenix, az",phoenix,az,407,3690,-1012,-102,71.073368,83.05522447,59.09151106,61,0.3261,15,0.0083,0.5,-29.5,0.2328,0.144,1.0593,237550,-0.0104,-0.0666,0.8745,"Phoenix-Mesa-Glendale, AZ Metropolitan Statistical Area","Phoenix, AZ"
2018-01-01,85003,"phoenix, az",phoenix,az,9001,7186,3026,3688,52.582439,63.91206463,41.2528142,78.5,-0.3458,-41.5,-0.3539,-43,-12,0.0918,0.2299,0.7926,445050,-0.0239,-0.0992,1.6386,"Phoenix-Mesa-Glendale, AZ Metropolitan Statistical Area","Phoenix, AZ"
2018-01-01,85033,"phoenix, az",phoenix,az,2034,2432,1059,3522,78.234671,97.39107403,59.07826778,33.5,-0.2024,-8.5,-0.3738,-20,-57,0.4896,0.9861,1.0593,165800,0.0045,0.0714,0.6103,"Phoenix-Mesa-Glendale, AZ Metropolitan Statistical Area","Phoenix, AZ"
2018-01-01,85027,"phoenix, az",phoenix,az,1540,1843,-558,-1156,82.131506,90.07416236,74.18884916,51.5,0.2875,11.5,0.807,23,-39,0.2365,-0.0896,1.3556,229550,0.0432,0.1087,0.8451,"Phoenix-Mesa-Glendale, AZ Metropolitan Statistical Area","Phoenix, AZ"
2018-01-01,85019,"phoenix, az",phoenix,az,6465,3524,727,-139,71.871275,97.86121044,45.88134022,31,-0.3261,-15,-0.0462,-1.5,-59.5,0.3182,0.0841,0.8593,175050,0,0.0599,0.6444,"Phoenix-Mesa-Glendale, AZ Metropolitan Statistical Area","Phoenix, AZ"
2018-01-01,85004,"phoenix, az",phoenix,az,12132,10350,108,1124,35.283406,41.72957224,28.8372401,99,0.0532,5,-0.1391,-16,8.5,0.2353,0.2353,0.6222,307050,0.0066,-0.0554,1.1304,"Phoenix-Mesa-Glendale, AZ Metropolitan Statistical Area","Phoenix, AZ"
2018-01-01,85028,"phoenix, az",phoenix,az,5310,4167,-1088,16,68.474374,73.79155079,63.15719772,70,0.3208,17,0.037,2.5,-20.5,0.2881,0.216,1.1259,409262,0.0256,0.0495,1.5068,"Phoenix-Mesa-Glendale, AZ Metropolitan Statistical Area","Phoenix, AZ"
2018-01-01,85048,"phoenix, az",phoenix,az,2580,3231,413,-757,73.516753,77.18845186,69.84505364,67,0.0308,2,0.0806,5,-23.5,0.3077,0.0759,1.2593,403550,0.0138,0.0494,1.4858,"Phoenix-Mesa-Glendale, AZ Metropolitan Statistical Area","Phoenix, AZ"
2018-01-01,85029,"phoenix, az",phoenix,az,1102,2463,-93,448,78.075752,91.48457158,64.66693153,49,0.1667,7,0,0,-41.5,0.322,0.2381,1.1556,214950,0,0.102,0.7913,"Phoenix-Mesa-Glendale, AZ Metropolitan Statistical Area","Phoenix, AZ"
2018-01-01,85053,"phoenix, az",phoenix,az,3586,1348,843,683,85.700569,94.19944378,77.20169514,43.5,0.2083,7.5,-0.044,-2,-47,0.6356,0.3129,1.4296,237250,0.0317,0.1032,0.8734,"Phoenix-Mesa-Glendale, AZ Metropolitan Statistical Area","Phoenix, AZ"
2018-01-01,85044,"phoenix, az",phoenix,az,967,3134,-274,-1882,74.066349,75.48006887,72.65262879,68.5,0.1048,6.5,0.3431,17.5,-22,0.2535,-0.0326,1.3185,335050,0.0155,0.0535,1.2335,"Phoenix-Mesa-Glendale, AZ Metropolitan Statistical Area","Phoenix, AZ"
2018-01-01,85085,"phoenix, az",phoenix,az,5409,4272,1441,-682,67.845319,73.79155079,61.89908621,70,-0.0278,-2,0.0853,5.5,-20.5,0.4057,0.1288,1.1037,425050,0.0241,0.038,1.5649,"Phoenix-Mesa-Glendale, AZ Metropolitan Statistical Area","Phoenix, AZ"
2018-01-01,85021,"phoenix, az",phoenix,az,1551,5186,688,-45,63.018143,82.10833002,43.92795656,62,-0.0159,-1,-0.1329,-9.5,-28.5,0.3023,-0.0175,0.8296,409550,0.0367,-0.096,1.5079,"Phoenix-Mesa-Glendale, AZ Metropolitan Statistical Area","Phoenix, AZ"
2018-01-01,85018,"phoenix, az",phoenix,az,1254,5478,-125,-783,61.485234,63.36909019,59.6013773,79,0.1127,8,0.0533,4,-11.5,0.3091,0.1077,1.0667,857800,-0.0015,0.2047,3.1584,"Phoenix-Mesa-Glendale, AZ Metropolitan Statistical Area","Phoenix, AZ"
2018-01-01,85041,"phoenix, az",phoenix,az,1098,2184,990,1087,79.823864,91.48457158,68.1631572,49,-0.125,-7,-0.2283,-14.5,-41.5,0.375,0.1957,1.2222,233750,0.0165,0.1377,0.8605,"Phoenix-Mesa-Glendale, AZ Metropolitan Statistical Area","Phoenix, AZ"
2018-01-01,85006,"phoenix, az",phoenix,az,4953,4180,-421,-1516,68.368428,89.80267514,46.9341809,52,0.04,2,-0.1186,-7,-38.5,0.18,-0.1973,0.8741,322500,-0.0078,0.2172,1.1873,"Phoenix-Mesa-Glendale, AZ Metropolitan Statistical Area","Phoenix, AZ"
2018-01-01,85031,"phoenix, az",phoenix,az,6014,4074,634,904,68.944511,93.03403523,44.85498609,46,0.1795,7,-0.1154,-6,-44.5,0.5,0.2955,0.8444,167500,0.0148,0.1548,0.6166,"Phoenix-Mesa-Glendale, AZ Metropolitan Statistical Area","Phoenix, AZ"
2018-01-01,85012,"phoenix, az",phoenix,az,10259,8598,-243,-2587,45.15296,51.74811283,38.55780691,89,0.0723,6,0.2448,17.5,-1.5,0.2143,0.0515,0.7556,359550,-0.0257,-0.1111,1.3238,"Phoenix-Mesa-Glendale, AZ Metropolitan Statistical Area","Phoenix, AZ"
2018-01-01,85014,"phoenix, az",phoenix,az,2792,3885,-507,-766,70.007284,86.33293603,53.68163157,57,0,0,-0.0087,-0.5,-33.5,0.1102,0,0.9704,370000,0.0319,0.1418,1.3622,"Phoenix-Mesa-Glendale, AZ Metropolitan Statistical Area","Phoenix, AZ"
2018-01-01,85043,"phoenix, az",phoenix,az,3841,1735,-279,127,82.919481,94.93444577,70.90451596,41.5,0.2969,9.5,-0.2019,-10.5,-49,0.291,0.0813,1.2815,207950,0.0146,0.0948,0.7655,"Phoenix-Mesa-Glendale, AZ Metropolitan Statistical Area","Phoenix, AZ"
2018-01-01,85009,"phoenix, az",phoenix,az,2815,2243,906,2773,79.525891,97.39107403,61.66070719,33.5,-0.1829,-7.5,-0.437,-26,-57,0.4608,0.5521,1.1037,150000,-3e-4,0.0033,0.5521,"Phoenix-Mesa-Glendale, AZ Metropolitan Statistical Area","Phoenix, AZ"
2018-01-01,85024,"phoenix, az",phoenix,az,4045,2169,-254,-334,79.956297,86.68388293,73.22871143,56.5,0.2556,11.5,0.2841,12.5,-34,0.3636,0.1842,1.3333,295800,-0.0138,0.0359,1.089,"Phoenix-Mesa-Glendale, AZ Metropolitan Statistical Area","Phoenix, AZ"
2018-01-01,85007,"phoenix, az",phoenix,az,8167,8997,-2475,-1814,42.832075,51.20513839,34.45901205,89.5,0.2431,17.5,0.0592,5,-1,0,-0.0693,0.6963,362287.5,0.0353,-0.0026,1.3338,"Phoenix-Mesa-Glendale, AZ Metropolitan Statistical Area","Phoenix, AZ"
2018-01-01,85013,"phoenix, az",phoenix,az,4529,5535,-932,-500,61.236922,75.48006887,46.99377566,68.5,0.0873,5.5,-0.0352,-2.5,-22,0.1132,0.0261,0.8741,332050,-0.0206,0.0233,1.2225,"Phoenix-Mesa-Glendale, AZ Metropolitan Statistical Area","Phoenix, AZ"
2018-01-01,85017,"phoenix, az",phoenix,az,3244,1715,271,3871,83.051914,96.38458482,69.71924248,37,0.0571,2,-0.4264,-27.5,-53.5,0.3934,0.828,1.2593,177500,0.0438,0.1853,0.6534,"Phoenix-Mesa-Glendale, AZ Metropolitan Statistical Area","Phoenix, AZ"
2018-01-01,85020,"phoenix, az",phoenix,az,1569,3060,108,-532,74.440471,86.99509999,61.88584293,56,0,0,0.037,2,-34.5,0.2417,0.0493,1.1037,349050,-0.0693,0.1204,1.2851,"Phoenix-Mesa-Glendale, AZ Metropolitan Statistical Area","Phoenix, AZ"
2018-01-01,85040,"phoenix, az",phoenix,az,4774,1326,388,-662,85.912462,93.31214409,78.51277976,45.5,-0.1415,-7.5,-0.0521,-2.5,-45,0.2692,-0.1429,1.4667,188206,-0.0437,0.1403,0.6928,"Phoenix-Mesa-Glendale, AZ Metropolitan Statistical Area","Phoenix, AZ"
2018-01-01,85083,"phoenix, az",phoenix,az,6714,3353,2511,358,72.791683,79.75764799,65.82571845,64.5,-0.0915,-6.5,-0.0652,-4.5,-26,0.5588,0.1439,1.1778,415044,-0.0235,0.0506,1.5281,"Phoenix-Mesa-Glendale, AZ Metropolitan Statistical Area","Phoenix, AZ"
2018-01-01,85035,"phoenix, az",phoenix,az,2967,3487,900,248,72.096411,90.70983976,53.48298239,50.5,0.2024,8.5,0.3289,12.5,-40,0.5976,0.297,0.9704,174050,0.0241,0.1082,0.6407,"Phoenix-Mesa-Glendale, AZ Metropolitan Statistical Area","Phoenix, AZ"
2018-01-01,85022,"phoenix, az",phoenix,az,383,2388,166,17,78.51278,93.03403523,63.9915243,46,-0.1636,-9,-0.156,-8.5,-44.5,0.1667,0.0548,1.1407,338426,-0.0274,0.1008,1.246,"Phoenix-Mesa-Glendale, AZ Metropolitan Statistical Area","Phoenix, AZ"
2018-01-01,85045,"phoenix, az",phoenix,az,11338,6952,1009,-450,53.75447,49.94040524,57.56853397,90.5,0.0647,5.5,0.223,16.5,0,0.4894,0.5054,1.037,377450,-0.0681,-0.0541,1.3897,"Phoenix-Mesa-Glendale, AZ Metropolitan Statistical Area","Phoenix, AZ"
2018-01-01,85023,"phoenix, az",phoenix,az,2086,3386,-1068,-1809,72.636075,82.55860151,62.71354787,61.5,0.23,11.5,0.2813,13.5,-29,0.1615,-0.0848,1.1185,272000,0.0301,-0.0337,1.0014,"Phoenix-Mesa-Glendale, AZ Metropolitan Statistical Area","Phoenix, AZ"
2018-01-01,85054,"phoenix, az",phoenix,az,10739,6817,-1558,-553,54.376904,73.79155079,34.96225665,70,0.2069,12,0.1111,7,-20.5,0.0795,0.2179,0.7037,345401.5,-0.0133,-0.013,1.2717,"Phoenix-Mesa-Glendale, AZ Metropolitan Statistical Area","Phoenix, AZ"
2018-01-01,85015,"phoenix, az",phoenix,az,1925,3057,924,-654,74.466958,94.19944378,54.73447226,43.5,-0.1122,-5.5,-0.13,-6.5,-47,0.4149,-0.05,0.9852,233000,0.0133,0.0797,0.8578,"Phoenix-Mesa-Glendale, AZ Metropolitan Statistical Area","Phoenix, AZ"
2018-01-01,85050,"phoenix, az",phoenix,az,3420,3067,-268,2156,74.384188,88.82929413,59.93908092,53.5,0.049,2.5,-0.2819,-21,-37,0.2083,0.2185,1.0741,391050,0.1174,0.0498,1.4397,"Phoenix-Mesa-Glendale, AZ Metropolitan Statistical Area","Phoenix, AZ"
2018-01-01,85042,"phoenix, az",phoenix,az,2049,3272,-957,-214,73.202225,89.52456628,56.87988346,52.5,0.1413,6.5,-0.0789,-4.5,-38,0.1129,0.0455,1.0222,271823.5,0.0103,0.0066,1.0007,"Phoenix-Mesa-Glendale, AZ Metropolitan Statistical Area","Phoenix, AZ"
2018-01-01,85037,"phoenix, az",phoenix,az,2275,734,735,1340,90.703218,97.39107403,84.0153622,33.5,-0.1184,-4.5,-0.1184,-4.5,-57,0.6014,0.5786,1.637,200049,0,0.1467,0.7364,"Phoenix-Mesa-Glendale, AZ Metropolitan Statistical Area","Phoenix, AZ"
2018-01-01,85032,"phoenix, az",phoenix,az,90,1441,-249,97,84.972189,92.02092438,77.92345385,48,0.1429,6,-0.0857,-4.5,-42.5,0.2829,0.1272,1.4444,259550,0.018,0.0383,0.9555,"Phoenix-Mesa-Glendale, AZ Metropolitan Statistical Area","Phoenix, AZ"
2018-01-01,85016,"phoenix, az",phoenix,az,1068,6503,-627,364,56.088598,69.65964773,42.51754734,73.5,0.1484,9.5,-0.087,-7,-17,0.2386,0.1122,0.8074,482550,0.0722,0.0978,1.7767,"Phoenix-Mesa-Glendale, AZ Metropolitan Statistical Area","Phoenix, AZ"
2018-01-01,85051,"phoenix, az",phoenix,az,1860,2925,333,277,75.251622,92.76254801,57.7406966,46.5,-0.0313,-1.5,-0.0606,-3,-44,0.3208,0.1667,1.037,214291.5,0.0451,0.2351,0.7889,"Phoenix-Mesa-Glendale, AZ Metropolitan Statistical Area","Phoenix, AZ"
2017-12-01,85016,"phoenix, az",phoenix,az,1068,5876,545,-100,60.717939,75.75757576,45.67830201,64,0.1228,7,-0.1634,-12.5,-21,-0.0833,0.0732,0.8302,450050,0.0465,0.0477,1.6646,"Phoenix-Mesa-Glendale, AZ Metropolitan Statistical Area","Phoenix, AZ"
2017-12-01,85024,"phoenix, az",phoenix,az,4045,1915,806,-703,82.064314,93.54941823,70.57920982,45,0.0465,2,0.0976,4,-40,-0.0504,0.1186,1.2453,299950,0,0.017,1.1094,"Phoenix-Mesa-Glendale, AZ Metropolitan Statistical Area","Phoenix, AZ"
2017-12-01,85006,"phoenix, az",phoenix,az,4953,3759,-241,-1344,71.442271,90.09078123,52.79376039,50,0.0753,3.5,-0.0654,-3.5,-35,-0.2126,0,0.9434,325050,0.0852,0.1928,1.2022,"Phoenix-Mesa-Glendale, AZ Metropolitan Statistical Area","Phoenix, AZ"
2017-12-01,85050,"phoenix, az",phoenix,az,3420,2799,353,2475,76.834804,89.06150109,64.60810638,51,0.1333,6,-0.2917,-21,-34,-0.0909,0.4634,1.1321,349950,-0.04,-0.1219,1.2943,"Phoenix-Mesa-Glendale, AZ Metropolitan Statistical Area","Phoenix, AZ"
2017-12-01,85051,"phoenix, az",phoenix,az,1860,3258,1351,103,74.335123,91.75936581,56.91088096,48,0.1429,6,0.0435,2,-37,0.0707,0.3418,1,205050,0.0253,0.2058,0.7583,"Phoenix-Mesa-Glendale, AZ Metropolitan Statistical Area","Phoenix, AZ"
2017-12-01,85008,"phoenix, az",phoenix,az,407,2678,77,59,77.522056,92.77585986,62.26825214,46,0.2958,10.5,-0.0612,-3,-39,-0.0866,0.2889,1.0943,240050,-0.075,-0.0712,0.8878,"Phoenix-Mesa-Glendale, AZ Metropolitan Statistical Area","Phoenix, AZ"
2017-12-01,85027,"phoenix, az",phoenix,az,1540,1285,-116,-218,86.411584,96.05549163,76.76767677,40,0.3793,11,-0.0698,-3,-45,-0.1243,0.184,1.3962,220050,-0.0189,0.0659,0.8138,"Phoenix-Mesa-Glendale, AZ Metropolitan Statistical Area","Phoenix, AZ"
2017-12-01,85018,"phoenix, az",phoenix,az,1254,5353,-339,-1183,63.239995,67.13335891,59.34663087,71,0.1933,11.5,0.0597,4,-14,-0.12,0.2222,1.0377,859050,0.0257,0.2669,3.1775,"Phoenix-Mesa-Glendale, AZ Metropolitan Statistical Area","Phoenix, AZ"
2017-12-01,85044,"phoenix, az",phoenix,az,967,2860,1641,-1390,76.527938,78.30200742,74.75386779,62,-0.0534,-3.5,0.069,4,-23,-0.0779,0.0677,1.3396,329950,-0.0424,0.0694,1.2203,"Phoenix-Mesa-Glendale, AZ Metropolitan Statistical Area","Phoenix, AZ"
2017-12-01,85085,"phoenix, az",phoenix,az,5409,5713,-335,340,61.386012,65.7204961,57.05152794,72,0.2522,14.5,-0.071,-5.5,-13,-0.0702,0.325,1,415050,0.0378,0.0375,1.5351,"Phoenix-Mesa-Glendale, AZ Metropolitan Statistical Area","Phoenix, AZ"
2017-12-01,85028,"phoenix, az",phoenix,az,5310,3079,-258,1229,75.313259,87.13080169,63.49571666,53,0.2619,11,-0.2482,-17.5,-32,-0.1259,0.2553,1.1132,399050,0.0013,0.0058,1.4759,"Phoenix-Mesa-Glendale, AZ Metropolitan Statistical Area","Phoenix, AZ"
2017-12-01,85033,"phoenix, az",phoenix,az,2034,3491,187,1275,72.919064,95.41618719,50.42194093,42,0.1507,5.5,-0.1765,-9,-43,-0.1193,0.5,0.9057,165050,-0.0288,0.0652,0.6104,"Phoenix-Mesa-Glendale, AZ Metropolitan Statistical Area","Phoenix, AZ"
2017-12-01,85045,"phoenix, az",phoenix,az,11338,7961,-61,3184,49.69633,50.53701573,48.85564506,85,0.1724,12.5,-0.2377,-26.5,0,-0.0784,0.7407,0.8868,405050,0.0521,-0.0109,1.4981,"Phoenix-Mesa-Glendale, AZ Metropolitan Statistical Area","Phoenix, AZ"
2017-12-01,85037,"phoenix, az",phoenix,az,2275,1469,472,-123,84.973149,96.95051784,72.99578059,38,0.0857,3,-0.038,-1.5,-47,-0.0548,0.2212,1.3019,200050,0.0204,0.1665,0.7398,"Phoenix-Mesa-Glendale, AZ Metropolitan Statistical Area","Phoenix, AZ"
2017-12-01,85048,"phoenix, az",phoenix,az,2580,3644,1489,267,72.04002,74.30635469,69.77368623,65,0.1207,7,-0.1096,-8,-20,0.0924,0.2381,1.2264,398050,-0.0099,0.0205,1.4722,"Phoenix-Mesa-Glendale, AZ Metropolitan Statistical Area","Phoenix, AZ"
2017-12-01,85004,"phoenix, az",phoenix,az,12132,10458,-669,-314,36.050377,41.17759877,30.92315561,94,0.245,18.5,-0.0784,-8,9,-0.0811,0.1525,0.6415,305050,-0.0541,-0.0935,1.1282,"Phoenix-Mesa-Glendale, AZ Metropolitan Statistical Area","Phoenix, AZ"
2017-12-01,85013,"phoenix, az",phoenix,az,4529,4603,-118,1852,67.126966,77.42616034,56.82777138,63,0.1776,9.5,-0.3,-27,-22,-0.1311,0.1277,1,339050,-0.0311,0.1311,1.254,"Phoenix-Mesa-Glendale, AZ Metropolitan Statistical Area","Phoenix, AZ"
2017-12-01,85022,"phoenix, az",phoenix,az,383,2554,89,305,78.276435,85.77547628,70.7773942,55,0.3924,15.5,-0.0833,-5,-30,-0.0222,0.32,1.2453,347950,0.0624,0.0906,1.2869,"Phoenix-Mesa-Glendale, AZ Metropolitan Statistical Area","Phoenix, AZ"
