rltr_market_hotness_msa_phoenix.csv
month_date_yyyymm,postal_code,zip_name,city,state,nielsen_hh_rank,hotness_rank,hotness_rank_mm,hotness_rank_yy,hotness_score,supply_score,demand_score,median_days_on_market,median_days_on_market_mm,median_dom_mm_day,median_days_on_market_yy,median_dom_yy_day,median_dom_vs_us,ldpviews_per_property_mm,ldpviews_per_property_yy,ldpviews_per_property_vs_us,median_listing_price,median_listing_price_mm,median_listing_price_yy,median_listing_price_vs_us,cbsa_name,cbsa_zip_name
2017-12-01,85012,"phoenix, az",phoenix,az,10259,8355,57,-3755,47.519499,52.60196906,42.43702851,83,0.0641,5,0.3719,22.5,-2,-0.1845,0.1053,0.7925,369050,-0.2499,-0.0888,1.365,"Phoenix-Mesa-Glendale, AZ Metropolitan Statistical Area","Phoenix, AZ"
2017-12-01,85023,"phoenix, az",phoenix,az,2086,2318,-1,-1092,79.78839,90.09078123,69.48599923,50,0.25,10,0.0638,3,-35,-0.0972,0.0656,1.2264,264050,0.0236,-0.0122,0.9766,"Phoenix-Mesa-Glendale, AZ Metropolitan Statistical Area","Phoenix, AZ"
2017-12-01,85083,"phoenix, az",phoenix,az,6714,5864,-1120,-2226,60.765887,67.13335891,54.39841452,71,0.3654,19,0.136,8.5,-14,-0.1053,0.1209,0.9623,425050,0.0606,0.0658,1.5721,"Phoenix-Mesa-Glendale, AZ Metropolitan Statistical Area","Phoenix, AZ"
2017-12-01,85053,"phoenix, az",phoenix,az,3586,2191,642,-207,80.526787,97.74964838,63.30392533,36,-0.0526,-2,-0.2,-9,-49,-0.0853,0.1683,1.1132,229950,0.0028,0.0824,0.8504,"Phoenix-Mesa-Glendale, AZ Metropolitan Statistical Area","Phoenix, AZ"
2017-12-01,85029,"phoenix, az",phoenix,az,1102,2370,810,-772,79.481524,95.41618719,63.54686102,42,0.05,2,0.0244,1,-43,-0.0407,0.0926,1.1132,214950,-2e-4,0.102,0.7949,"Phoenix-Mesa-Glendale, AZ Metropolitan Statistical Area","Phoenix, AZ"
2017-12-01,85054,"phoenix, az",phoenix,az,10739,5259,3344,2125,63.770618,82.49584452,45.04539062,58,-0.2368,-18,-0.1773,-12.5,-27,-0.0833,0.6604,0.8302,350050,-0.0291,3e-4,1.2947,"Phoenix-Mesa-Glendale, AZ Metropolitan Statistical Area","Phoenix, AZ"
2017-12-01,85043,"phoenix, az",phoenix,az,3841,1456,701,282,85.053062,98.69581895,71.41030559,32,0.3061,7.5,-0.36,-18,-53,0.0075,0.2072,1.2642,204950,0,0.0787,0.7579,"Phoenix-Mesa-Glendale, AZ Metropolitan Statistical Area","Phoenix, AZ"
2017-12-01,85017,"phoenix, az",phoenix,az,3244,1986,96,3163,81.683928,98.1843754,65.18348037,35,-0.125,-5,-0.3636,-20,-50,-0.1921,0.9365,1.1509,170050,0.0027,0.1604,0.6288,"Phoenix-Mesa-Glendale, AZ Metropolitan Statistical Area","Phoenix, AZ"
2017-12-01,85021,"phoenix, az",phoenix,az,1551,5874,110,272,60.724332,77.42616034,44.02250352,63,0.1667,9,-0.1656,-12.5,-22,-0.1134,0.1316,0.8113,395050,-0.0063,-0.1053,1.4611,"Phoenix-Mesa-Glendale, AZ Metropolitan Statistical Area","Phoenix, AZ"
2017-12-01,85031,"phoenix, az",phoenix,az,6014,4708,279,147,66.52602,96.50300473,36.54903465,39,0.3,9,-0.1429,-6.5,-46,-0.0732,0.2667,0.717,165050,-0.0219,0.134,0.6104,"Phoenix-Mesa-Glendale, AZ Metropolitan Statistical Area","Phoenix, AZ"
2017-12-01,85035,"phoenix, az",phoenix,az,2967,4387,-80,-612,68.095512,95.41618719,40.77483698,42,0.037,1.5,0.037,1.5,-43,-0.2039,0.1549,0.7736,169950,0,0.0825,0.6285,"Phoenix-Mesa-Glendale, AZ Metropolitan Statistical Area","Phoenix, AZ"
2017-12-01,85007,"phoenix, az",phoenix,az,8167,6522,1245,324,57.342411,65.7204961,48.96432681,72,-0.0336,-2.5,-0.1628,-14,-13,-0.1296,0.1463,0.8868,349950,-0.021,-0.0439,1.2943,"Phoenix-Mesa-Glendale, AZ Metropolitan Statistical Area","Phoenix, AZ"
2017-12-01,85003,"phoenix, az",phoenix,az,9001,10212,457,2353,37.412096,23.2706815,51.55350978,120,0.1321,14,-0.2429,-38.5,35,-0.0392,0.6066,0.9245,455950,-0.0089,-0.0537,1.6864,"Phoenix-Mesa-Glendale, AZ Metropolitan Statistical Area","Phoenix, AZ"
2017-12-01,85019,"phoenix, az",phoenix,az,6465,4251,-438,-221,68.811533,92.77585986,44.84720624,46,0.2267,8.5,0.2778,10,-39,-0.1852,0.3134,0.8302,175050,-0.0272,0.0613,0.6473,"Phoenix-Mesa-Glendale, AZ Metropolitan Statistical Area","Phoenix, AZ"
2017-12-01,85041,"phoenix, az",phoenix,az,1098,3174,460,479,74.85296,85.10420662,64.60171334,56,0.1546,7.5,-0.125,-8,-29,-0.0698,0.2903,1.1321,229950,0.0024,0.0744,0.8504,"Phoenix-Mesa-Glendale, AZ Metropolitan Statistical Area","Phoenix, AZ"
2017-12-01,85015,"phoenix, az",phoenix,az,1925,3981,809,-1560,70.253165,91.21595704,49.29037208,49,0.1951,8,0.0103,0.5,-36,-0.0105,-0.0105,0.8868,229950,-4e-4,0.122,0.8504,"Phoenix-Mesa-Glendale, AZ Metropolitan Statistical Area","Phoenix, AZ"
2017-12-01,85009,"phoenix, az",phoenix,az,2815,3149,-806,2361,74.964838,95.84452116,54.08515535,41,0.2059,7,-0.2407,-13,-44,-0.2444,0.7586,0.9623,150050,0,0.0489,0.5549,"Phoenix-Mesa-Glendale, AZ Metropolitan Statistical Area","Phoenix, AZ"
2017-12-01,85040,"phoenix, az",phoenix,az,4774,1714,-444,-979,83.403657,87.13080169,79.67651195,53,0.7097,22,0.1398,6.5,-32,-0.0659,0.0685,1.4717,196800,0.1166,0.2296,0.7278,"Phoenix-Mesa-Glendale, AZ Metropolitan Statistical Area","Phoenix, AZ"
2017-12-01,85014,"phoenix, az",phoenix,az,2792,3378,414,-715,73.635085,83.82559775,63.44457231,57,0.14,7,0.0556,3,-28,-0.0853,0.2292,1.1132,358550,0.0243,0.0544,1.3261,"Phoenix-Mesa-Glendale, AZ Metropolitan Statistical Area","Phoenix, AZ"
2017-12-01,85032,"phoenix, az",phoenix,az,90,1192,893,548,87.01253,95.41618719,78.60887355,42,-0.0667,-3,-0.1845,-9.5,-43,-0.0617,0.3571,1.434,254950,-0.0729,0.0218,0.9429,"Phoenix-Mesa-Glendale, AZ Metropolitan Statistical Area","Phoenix, AZ"
2017-12-01,85020,"phoenix, az",phoenix,az,1569,3168,3,-217,74.888122,85.10420662,64.67203682,56,0.1546,7.5,-0.1642,-11,-29,-0.1367,0.0811,1.1321,375050,0,0.1111,1.3872,"Phoenix-Mesa-Glendale, AZ Metropolitan Statistical Area","Phoenix, AZ"
2017-12-01,85042,"phoenix, az",phoenix,az,2049,2315,608,1496,79.804373,92.77585986,66.83288582,46,0.0455,2,-0.2397,-14.5,-39,-0.0882,0.4419,1.1698,269050,4e-4,-0.0037,0.9951,"Phoenix-Mesa-Glendale, AZ Metropolitan Statistical Area","Phoenix, AZ"
2017-11-01,85008,"phoenix, az",phoenix,az,407,2755,608,-249,78.185926,95.28377793,61.08807328,35.5,-0.0405,-1.5,-0.0658,-2.5,-42,0.0583,0.3511,1.0672,259500,-0.0208,0.0756,0.9435,"Phoenix-Mesa-Glendale, AZ Metropolitan Statistical Area","Phoenix, AZ"
2017-11-01,85015,"phoenix, az",phoenix,az,1925,4790,468,-1750,67.060717,91.25456459,42.86686885,41,0.038,1.5,0.038,1.5,-36.5,0.0326,0.092,0.7983,230050,4e-4,0.0957,0.8364,"Phoenix-Mesa-Glendale, AZ Metropolitan Statistical Area","Phoenix, AZ"
2017-11-01,85007,"phoenix, az",phoenix,az,8167,7767,1460,-1117,52.249799,53.7971158,50.7024819,74.5,-0.0261,-2,0.1732,11,-3,0.1489,0.5652,0.9076,357450,-0.0532,-0.0279,1.2996,"Phoenix-Mesa-Glendale, AZ Metropolitan Statistical Area","Phoenix, AZ"
2017-11-01,85042,"phoenix, az",phoenix,az,2049,2923,1188,1603,77.26063,88.98929257,65.53196757,44,0,0,-0.1287,-6.5,-33.5,0.1624,0.7662,1.1429,268950,-0.022,0.0147,0.9778,"Phoenix-Mesa-Glendale, AZ Metropolitan Statistical Area","Phoenix, AZ"
2017-11-01,85019,"phoenix, az",phoenix,az,6465,3813,1084,-1825,72.284459,93.97784242,50.59107508,37.5,0.0135,0.5,0.2295,7,-40,0.1489,0.08,0.9076,179950,0.0025,0.1368,0.6542,"Phoenix-Mesa-Glendale, AZ Metropolitan Statistical Area","Phoenix, AZ"
2017-11-01,85032,"phoenix, az",phoenix,az,90,2085,73,619,81.983041,87.96806338,75.99801943,45,0.1842,7,-0.0526,-2.5,-32.5,0.0728,0.62,1.3613,275000,-0.0092,0.1022,0.9998,"Phoenix-Mesa-Glendale, AZ Metropolitan Statistical Area","Phoenix, AZ"
2017-11-01,85050,"phoenix, az",phoenix,az,3420,3152,-271,1694,75.759733,87.96806338,63.55140187,45,0.1688,6.5,-0.1964,-11,-32.5,-0.0075,0.65,1.1092,364547.5,-0.0469,-0.0885,1.3254,"Phoenix-Mesa-Glendale, AZ Metropolitan Statistical Area","Phoenix, AZ"
2017-11-01,85018,"phoenix, az",phoenix,az,1254,5014,569,-610,65.946649,71.77074952,60.1225475,59.5,0.0085,0.5,0.0531,3,-18,0.0417,0.4535,1.0504,837550,0.0609,0.2235,3.0455,"Phoenix-Mesa-Glendale, AZ Metropolitan Statistical Area","Phoenix, AZ"
2017-11-01,85031,"phoenix, az",phoenix,az,6014,4987,921,-154,66.079718,97.59237482,34.56706072,30,-0.0769,-2.5,0.0714,2,-47.5,0.0933,0.3898,0.6891,168750,-0.0074,0.1838,0.6135,"Phoenix-Mesa-Glendale, AZ Metropolitan Statistical Area","Phoenix, AZ"
2017-11-01,85021,"phoenix, az",phoenix,az,1551,5984,67,1595,61.307792,78.49229436,44.12329021,54,0.1134,5.5,-0.25,-18,-23.5,0.043,0.4058,0.8151,397550,0.0907,-0.0862,1.4455,"Phoenix-Mesa-Glendale, AZ Metropolitan Statistical Area","Phoenix, AZ"
2017-11-01,85009,"phoenix, az",phoenix,az,2815,2343,2198,1406,80.500712,96.13789689,64.86352664,34,-0.2688,-12.5,0.0794,2.5,-43.5,0.1842,0.8493,1.1345,150050,-0.0228,0.1115,0.5455,"Phoenix-Mesa-Glendale, AZ Metropolitan Statistical Area","Phoenix, AZ"
2017-11-01,85020,"phoenix, az",phoenix,az,1569,3171,1286,726,75.660704,84.38447732,66.93693136,48.5,-0.0583,-3,-0.1416,-8,-29,0.112,0.4787,1.1681,375050,0.073,0.1923,1.3636,"Phoenix-Mesa-Glendale, AZ Metropolitan Statistical Area","Phoenix, AZ"
2017-11-01,85016,"phoenix, az",phoenix,az,1068,6421,635,903,59.299375,74.93965464,43.65909513,57,-0.0256,-1.5,-0.2028,-14.5,-20.5,0.0105,0.3521,0.8067,430050,-0.0549,-0.0386,1.5636,"Phoenix-Mesa-Glendale, AZ Metropolitan Statistical Area","Phoenix, AZ"
2017-11-01,85013,"phoenix, az",phoenix,az,4529,4485,508,1108,68.72563,78.99362505,58.45763446,53.5,0.019,1,-0.1508,-9.5,-24,0.0427,0.5062,1.0252,349947.5,0.0157,0.1964,1.2724,"Phoenix-Mesa-Glendale, AZ Metropolitan Statistical Area","Phoenix, AZ"
2017-11-01,85051,"phoenix, az",phoenix,az,1860,4609,269,-726,67.995296,90.62944854,45.36114378,42,0,0,0.0244,1,-35.5,-0.0198,0.3026,0.8319,199995,0.0267,0.1662,0.7271,"Phoenix-Mesa-Glendale, AZ Metropolitan Statistical Area","Phoenix, AZ"
2017-11-01,85040,"phoenix, az",phoenix,az,4774,1270,442,91,87.315096,97.25815436,77.37203689,31,-0.1143,-4,-0.2955,-13,-46.5,0.0503,0.2946,1.4034,176250,-1e-4,0.1016,0.6407,"Phoenix-Mesa-Glendale, AZ Metropolitan Statistical Area","Phoenix, AZ"
2017-11-01,85083,"phoenix, az",phoenix,az,6714,4744,-411,-498,67.323761,80.60902395,54.03849725,52,0.284,11.5,-0.037,-2,-25.5,0.0556,0.3412,0.958,400745,-0.0401,0.002,1.4571,"Phoenix-Mesa-Glendale, AZ Metropolitan Statistical Area","Phoenix, AZ"
2017-11-01,85023,"phoenix, az",phoenix,az,2086,2317,319,-888,80.624497,92.06535867,69.18363558,40,-0.0361,-1.5,0.0127,0.5,-37.5,-0.0069,0.2,1.2101,257950,-0.0268,0.0134,0.9378,"Phoenix-Mesa-Glendale, AZ Metropolitan Statistical Area","Phoenix, AZ"
2017-11-01,85048,"phoenix, az",phoenix,az,2580,5133,-100,325,65.318438,73.67704401,56.95983165,58,0.1485,7.5,-0.1944,-14,-19.5,0.0625,0.2268,1,402050,1e-4,0.0321,1.4618,"Phoenix-Mesa-Glendale, AZ Metropolitan Statistical Area","Phoenix, AZ"
2017-11-01,85053,"phoenix, az",phoenix,az,3586,2833,-725,-146,77.737204,93.56935075,61.90505663,38,0.5833,14,-0.0952,-4,-39.5,-0.0444,0.3723,1.084,229300,0.0306,0.0919,0.8336,"Phoenix-Mesa-Glendale, AZ Metropolitan Statistical Area","Phoenix, AZ"
2017-11-01,85017,"phoenix, az",phoenix,az,3244,2082,900,2247,81.989231,92.06535867,71.91310268,40,0.0526,2,-0.0123,-0.5,-37.5,0.1615,1.1571,1.2689,169594,0.0032,0.1517,0.6165,"Phoenix-Mesa-Glendale, AZ Metropolitan Statistical Area","Phoenix, AZ"
2017-11-01,85024,"phoenix, az",phoenix,az,4045,2721,-17,-1019,78.349941,89.84341152,66.85647088,43,0.1169,4.5,0.4098,12.5,-34.5,0.0072,0.3113,1.1681,299950,-0.0464,-3e-4,1.0905,"Phoenix-Mesa-Glendale, AZ Metropolitan Statistical Area","Phoenix, AZ"
2017-11-01,85035,"phoenix, az",phoenix,az,2967,4307,211,1648,69.638547,91.59497431,47.68211921,40.5,0.08,3,-0.069,-3,-37,0.0198,0.9074,0.8655,169950,-3e-4,0.0962,0.6178,"Phoenix-Mesa-Glendale, AZ Metropolitan Statistical Area","Phoenix, AZ"
2017-11-01,85045,"phoenix, az",phoenix,az,11338,7900,4203,1643,51.572074,56.02525221,47.11889583,72.5,-0.2368,-22.5,-0.1471,-12.5,-5,0.3973,0.6452,0.8571,385000,-0.0374,-0.0542,1.3998,"Phoenix-Mesa-Glendale, AZ Metropolitan Statistical Area","Phoenix, AZ"
2017-11-01,85014,"phoenix, az",phoenix,az,2792,3792,1095,-1344,72.383487,82.79383549,61.97313858,50,-0.0654,-3.5,0.1765,7.5,-27.5,0.0661,0.303,1.084,350050,0,0.1834,1.2727,"Phoenix-Mesa-Glendale, AZ Metropolitan Statistical Area","Phoenix, AZ"
2017-11-01,85041,"phoenix, az",phoenix,az,1098,3634,1185,19,73.191186,84.38447732,61.99789565,48.5,-0.0202,-1,0.0104,0.5,-29,0.1316,0.5,1.084,229400,-0.0026,0.0818,0.834,"Phoenix-Mesa-Glendale, AZ Metropolitan Statistical Area","Phoenix, AZ"
2017-11-01,85029,"phoenix, az",phoenix,az,1102,3180,-325,-897,75.608096,92.06535867,59.15083246,40,0.1111,4,0.1268,4.5,-37.5,-0.0465,0.2813,1.0336,215000,0.0361,0.1464,0.7816,"Phoenix-Mesa-Glendale, AZ Metropolitan Statistical Area","Phoenix, AZ"
2017-11-01,85043,"phoenix, az",phoenix,az,3841,2157,1508,257,81.518846,99.07160983,63.96608281,24.5,-0.3636,-14,-0.4896,-23.5,-53,0.1368,0.243,1.1176,204950,0.0248,0.1158,0.7451,"Phoenix-Mesa-Glendale, AZ Metropolitan Statistical Area","Phoenix, AZ"
2017-11-01,85044,"phoenix, az",phoenix,az,967,4501,1214,-1655,68.611128,64.03416476,73.18809185,65.5,-0.015,-1,0.1197,7,-12,0.1324,0.3051,1.2941,344550,-0.0154,0.1059,1.2527,"Phoenix-Mesa-Glendale, AZ Metropolitan Statistical Area","Phoenix, AZ"
2017-11-01,85085,"phoenix, az",phoenix,az,5409,5378,-209,1328,64.207464,74.26502445,54.14990407,57.5,0.1165,6,-0.1154,-7.5,-20,0.0179,0.6286,0.958,399950,-2e-4,-0.034,1.4542,"Phoenix-Mesa-Glendale, AZ Metropolitan Statistical Area","Phoenix, AZ"
2017-11-01,85004,"phoenix, az",phoenix,az,12132,9789,2991,-1304,41.186483,52.85634709,29.51661818,75.5,-0.2844,-30,0.0486,3.5,-2,0.0278,0.2542,0.6218,322500,0.008,-0.0139,1.1725,"Phoenix-Mesa-Glendale, AZ Metropolitan Statistical Area","Phoenix, AZ"
2017-11-01,85003,"phoenix, az",phoenix,az,9001,10669,539,3115,36.64356,26.11871016,47.16840998,106,-0.0493,-5.5,-0.4239,-78,28.5,-0.0286,0.7,0.8571,460050,0.0223,0.0431,1.6727,"Phoenix-Mesa-Glendale, AZ Metropolitan Statistical Area","Phoenix, AZ"
2017-11-01,85022,"phoenix, az",phoenix,az,383,2643,211,489,78.755338,92.44909327,65.06158321,39.5,0.0533,2,-0.2617,-14,-38,0.0227,0.3235,1.1345,327525,0.0076,0.0431,1.1908,"Phoenix-Mesa-Glendale, AZ Metropolitan Statistical Area","Phoenix, AZ"
2017-11-01,85027,"phoenix, az",phoenix,az,1540,1169,1118,-208,87.99901,97.96373089,78.03428854,29,-0.0938,-3,-0.1831,-6.5,-48.5,0.2246,0.2901,1.4202,224300,-0.0121,0.1218,0.8155,"Phoenix-Mesa-Glendale, AZ Metropolitan Statistical Area","Phoenix, AZ"
2017-11-01,85033,"phoenix, az",phoenix,az,2034,3678,-552,1658,72.965278,94.5967692,51.33378721,36.5,0.3036,8.5,0.1406,4.5,-41,-0.0522,1.0185,0.916,169950,-6e-4,0.0961,0.6178,"Phoenix-Mesa-Glendale, AZ Metropolitan Statistical Area","Phoenix, AZ"
2017-11-01,85037,"phoenix, az",phoenix,az,2275,1941,1590,238,82.84335,95.61180912,70.07489014,35,-0.1667,-7,-0.0541,-2,-42.5,0.168,0.4747,1.2269,196050,-0.0051,0.1235,0.7127,"Phoenix-Mesa-Glendale, AZ Metropolitan Statistical Area","Phoenix, AZ"
2017-11-01,85028,"phoenix, az",phoenix,az,5310,2821,612,2138,77.80838,90.62944854,64.987312,42,-0.0667,-3,-0.3171,-19.5,-35.5,0.015,0.5517,1.1345,398550,-0.0274,0.0218,1.4491,"Phoenix-Mesa-Glendale, AZ Metropolitan Statistical Area","Phoenix, AZ"
2017-11-01,85054,"phoenix, az",phoenix,az,10739,8603,1778,-611,47.861608,52.34882713,43.37438881,76,-0.1059,-9,0.2258,14,-1.5,0.0787,0.8824,0.8067,360550,-0.0321,0.0301,1.3109,"Phoenix-Mesa-Glendale, AZ Metropolitan Statistical Area","Phoenix, AZ"
2017-11-01,85012,"phoenix, az",phoenix,az,10259,8412,1895,-4542,48.926162,50.12069072,47.73163335,78,-0.1522,-14,0.814,35,0.5,0.03,0.3205,0.8655,492000,0.1001,0.2329,1.7889,"Phoenix-Mesa-Glendale, AZ Metropolitan Statistical Area","Phoenix, AZ"
2017-11-01,85006,"phoenix, az",phoenix,az,4953,3518,-34,8,73.720369,86.52596398,60.91477378,46.5,0.24,9,0.0333,1.5,-31,0.0672,0.4941,1.0672,299542.5,-0.0015,0.0794,1.0891,"Phoenix-Mesa-Glendale, AZ Metropolitan Statistical Area","Phoenix, AZ"
2017-10-01,85022,"phoenix, az",phoenix,az,383,2854,-30,873,77.776433,91.27277129,64.28009441,37.5,-0.1071,-4.5,-0.3304,-18.5,-37,-0.0435,0.2941,1.1186,325050,-0.0151,-0.0413,1.1722,"Phoenix-Mesa-Glendale, AZ Metropolitan Statistical Area","Phoenix, AZ"
2017-10-01,85040,"phoenix, az",phoenix,az,4774,1712,-490,-729,84.470133,93.25788295,75.68238213,35,-0.0541,-2,-0.0278,-1,-39.5,-0.1543,0.1522,1.3475,176270.5,-0.0044,0.0433,0.6356,"Phoenix-Mesa-Glendale, AZ Metropolitan Statistical Area","Phoenix, AZ"
2017-10-01,85015,"phoenix, az",phoenix,az,1925,5258,-1104,-1508,65.463294,89.65078981,41.27579737,39.5,0.0395,1.5,-0.0814,-3.5,-35,-0.1321,0.0952,0.7797,229950,0.0263,0.0953,0.8292,"Phoenix-Mesa-Glendale, AZ Metropolitan Statistical Area","Phoenix, AZ"
2017-10-01,85041,"phoenix, az",phoenix,az,1098,4819,-315,-754,67.551292,80.22756158,54.8750227,49.5,0.0761,3.5,0.0102,0.5,-25,0,0.3256,0.9661,230000,-0.0215,0.0524,0.8294,"Phoenix-Mesa-Glendale, AZ Metropolitan Statistical Area","Phoenix, AZ"
2017-10-01,85037,"phoenix, az",phoenix,az,2275,3531,-1443,-1335,74.16934,87.5748956,60.76378382,42,0.1667,6,0.2,7,-32.5,-0.1438,0.25,1.0593,197050,-0.01,0.1257,0.7105,"Phoenix-Mesa-Glendale, AZ Metropolitan Statistical Area","Phoenix, AZ"
2017-10-01,85044,"phoenix, az",phoenix,az,967,5715,-223,-2629,63.338982,60.47327967,66.20468438,66.5,-0.0362,-2.5,0.1875,10.5,-8,-0.1169,0.193,1.1525,349950,-3e-4,0.1287,1.262,"Phoenix-Mesa-Glendale, AZ Metropolitan Statistical Area","Phoenix, AZ"
2017-10-01,85014,"phoenix, az",phoenix,az,2792,4887,-1181,-2425,67.200266,75.78526902,58.61526357,53.5,0.2159,9.5,0.3718,14.5,-21,-0.0242,0.21,1.0254,350049.5,-0.0411,0.1864,1.2624,"Phoenix-Mesa-Glendale, AZ Metropolitan Statistical Area","Phoenix, AZ"
2017-10-01,85029,"phoenix, az",phoenix,az,1102,2855,-439,-274,77.749198,92.57398777,62.9244084,36,-0.027,-1,-0.027,-1,-38.5,-0.0786,0.3438,1.0932,207500,-0.0121,0.0924,0.7482,"Phoenix-Mesa-Glendale, AZ Metropolitan Statistical Area","Phoenix, AZ"
2017-10-01,85048,"phoenix, az",phoenix,az,2580,5033,144,1379,66.464928,79.12001453,53.80984083,50.5,-0.0982,-5.5,-0.2786,-19.5,-24,-0.082,0.3023,0.9492,402000,0.0102,0.058,1.4498,"Phoenix-Mesa-Glendale, AZ Metropolitan Statistical Area","Phoenix, AZ"
