rltr_market_hotness_msa_phoenix.csv
month_date_yyyymm,postal_code,zip_name,city,state,nielsen_hh_rank,hotness_rank,hotness_rank_mm,hotness_rank_yy,hotness_score,supply_score,demand_score,median_days_on_market,median_days_on_market_mm,median_dom_mm_day,median_days_on_market_yy,median_dom_yy_day,median_dom_vs_us,ldpviews_per_property_mm,ldpviews_per_property_yy,ldpviews_per_property_vs_us,median_listing_price,median_listing_price_mm,median_listing_price_yy,median_listing_price_vs_us,cbsa_name,cbsa_zip_name
2017-09-01,85033,"phoenix, az",phoenix,az,2034,3303,-118,528,75.368679,97.18192131,53.55543615,26,-0.0877,-2.5,0.1064,2.5,-45,-0.129,0.44,0.931,169950,-0.023,0.1054,0.6112,"Phoenix-Mesa-Glendale, AZ Metropolitan Statistical Area","Phoenix, AZ"
2017-08-01,85004,"phoenix, az",phoenix,az,12132,14672,-865,-164,15.729424,7.369498465,24.08934915,131,0.2358,25,-0.026,-3.5,64.5,-0.0278,0.1864,0.5556,311550,-0.0111,-0.0918,1.1165,"Phoenix-Mesa-Glendale, AZ Metropolitan Statistical Area","Phoenix, AZ"
2017-08-01,85037,"phoenix, az",phoenix,az,2275,2248,520,-925,80.980191,95.62887591,66.33150701,27.5,-0.2143,-7.5,0.0185,0.5,-39,0,0.125,1.1429,198050,0.0312,0.1448,0.7097,"Phoenix-Mesa-Glendale, AZ Metropolitan Statistical Area","Phoenix, AZ"
2017-08-01,85051,"phoenix, az",phoenix,az,1860,4504,-232,-3033,69.197423,85.38141971,53.01342646,39.5,0.0128,0.5,0.8372,18,-27,-0.0328,-0.0167,0.9365,189950,-0.0261,0.2375,0.6806,"Phoenix-Mesa-Glendale, AZ Metropolitan Statistical Area","Phoenix, AZ"
2017-08-01,85007,"phoenix, az",phoenix,az,8167,9509,1763,-1914,44.247095,44.81305316,43.68113673,72,-0.0769,-6,-0.0069,-0.5,5.5,0.186,0.1087,0.8095,355000,-1e-4,0.0304,1.2722,"Phoenix-Mesa-Glendale, AZ Metropolitan Statistical Area","Phoenix, AZ"
2017-08-01,85031,"phoenix, az",phoenix,az,6014,3710,27,3051,72.981516,94.31031369,51.65271841,29.5,0.2826,6.5,-0.4272,-22,-37,0.0741,0.6571,0.9206,167500,0.0148,0.1352,0.6002,"Phoenix-Mesa-Glendale, AZ Metropolitan Statistical Area","Phoenix, AZ"
2017-08-01,85015,"phoenix, az",phoenix,az,1925,5937,-542,-2277,62.381841,76.84387982,47.91980252,47,0.093,4,0.1899,7.5,-19.5,-0.0091,0.1596,0.8651,227550,-0.0109,0.1378,0.8154,"Phoenix-Mesa-Glendale, AZ Metropolitan Statistical Area","Phoenix, AZ"
2017-08-01,85027,"phoenix, az",phoenix,az,1540,1366,-17,-449,86.519357,92.08862665,80.9500873,32.5,0.1207,3.5,0.1607,4.5,-34,0.0275,0.2808,1.4841,232500,0.0331,0.1997,0.8332,"Phoenix-Mesa-Glendale, AZ Metropolitan Statistical Area","Phoenix, AZ"
2017-08-01,85024,"phoenix, az",phoenix,az,4045,3366,-942,-979,74.757662,86.38689867,63.12842435,38.5,0.2031,6.5,-0.0941,-4,-28,-0.0743,0.123,1.0873,299950,-0.0388,0.0343,1.0749,"Phoenix-Mesa-Glendale, AZ Metropolitan Statistical Area","Phoenix, AZ"
2017-08-01,85022,"phoenix, az",phoenix,az,383,4910,780,-715,67.213559,64.76006984,69.66704799,56.5,0.0865,4.5,0.10780000000000001,5.5,-10,0.1875,0.4757,1.2063,349950,4e-4,0.0369,1.2541,"Phoenix-Mesa-Glendale, AZ Metropolitan Statistical Area","Phoenix, AZ"
2017-08-01,85035,"phoenix, az",phoenix,az,2967,3651,-354,-885,73.234391,92.52814739,53.9406346,32,0.1429,4,0.1429,4,-34.5,0,0.2371,0.9524,169299.5,0.0015,0.0887,0.6066,"Phoenix-Mesa-Glendale, AZ Metropolitan Statistical Area","Phoenix, AZ"
2017-08-01,85050,"phoenix, az",phoenix,az,3420,5232,-40,64,65.675236,70.61833945,60.73213318,52,0.1818,8,-0.0459,-2.5,-14.5,0.1379,0.4194,1.0476,430050,-0.0841,0.0222,1.5412,"Phoenix-Mesa-Glendale, AZ Metropolitan Statistical Area","Phoenix, AZ"
2017-08-01,85018,"phoenix, az",phoenix,az,1254,8246,960,-1794,50.954302,38.2503462,63.65825757,78,-0.037,-3,0.1064,7.5,11.5,0.0615,0.3269,1.0952,754550,-0.0264,0.0936,2.7043,"Phoenix-Mesa-Glendale, AZ Metropolitan Statistical Area","Phoenix, AZ"
2017-08-01,85040,"phoenix, az",phoenix,az,4774,2246,515,-1773,80.989223,92.08862665,69.88981877,32.5,-0.2262,-9.5,-0.0152,-0.5,-34,-0.0671,-0.2194,1.2143,169825,-0.0298,0.151,0.6085,"Phoenix-Mesa-Glendale, AZ Metropolitan Statistical Area","Phoenix, AZ"
2017-08-01,85008,"phoenix, az",phoenix,az,407,5349,-1572,-132,65.088205,74.39340117,55.78300921,49,0.1667,7,-0.1478,-8.5,-17.5,-0.0956,0.23,0.9762,294425,-0.0088,0.2015,1.0551,"Phoenix-Mesa-Glendale, AZ Metropolitan Statistical Area","Phoenix, AZ"
2017-08-01,85021,"phoenix, az",phoenix,az,1551,6218,2980,568,60.909748,73.15310976,48.66638569,50,-0.2063,-13,-0.1667,-10,-16.5,0.1957,0.3415,0.873,399950,-0.1113,-0.0858,1.4333,"Phoenix-Mesa-Glendale, AZ Metropolitan Statistical Area","Phoenix, AZ"
2017-08-01,85054,"phoenix, az",phoenix,az,10739,6819,1501,6118,58.070925,71.79240171,44.34944909,51,-0.0377,-2,-0.4874,-48.5,-15.5,0.1977,0.807,0.8175,375050,-0.026,0.0437,1.3441,"Phoenix-Mesa-Glendale, AZ Metropolitan Statistical Area","Phoenix, AZ"
2017-08-01,85023,"phoenix, az",phoenix,az,2086,3116,668,-625,76.058161,85.38141971,66.73490276,39.5,-0.0366,-1.5,-0.1023,-4.5,-27,0.0821,0.1789,1.1508,263250,-0.0068,-0.0429,0.9434,"Phoenix-Mesa-Glendale, AZ Metropolitan Statistical Area","Phoenix, AZ"
2017-08-01,85048,"phoenix, az",phoenix,az,2580,5784,1746,-272,63.107351,65.44042387,60.77427901,56,-0.0968,-6,-0.0261,-1.5,-10.5,0.1186,0.3895,1.0476,402550,-0.0371,0.0127,1.4427,"Phoenix-Mesa-Glendale, AZ Metropolitan Statistical Area","Phoenix, AZ"
2017-08-01,85083,"phoenix, az",phoenix,az,6714,3955,656,1026,71.828527,79.67969173,63.97736167,44.5,0.0595,2.5,-0.1682,-9,-22,0.1583,0.4479,1.1032,385050,-0.0103,0.0405,1.3799,"Phoenix-Mesa-Glendale, AZ Metropolitan Statistical Area","Phoenix, AZ"
2017-08-01,85053,"phoenix, az",phoenix,az,3586,1447,1071,793,86.001565,95.33987597,76.66325486,28,-0.0968,-3,-0.3563,-15.5,-38.5,0.1944,0.3438,1.3651,227050,-0.0022,0.094,0.8136,"Phoenix-Mesa-Glendale, AZ Metropolitan Statistical Area","Phoenix, AZ"
2017-08-01,85013,"phoenix, az",phoenix,az,4529,5091,1953,1424,66.340538,77.4399422,55.24113432,46.5,-0.1983,-11.5,-0.2377,-14.5,-20,0.0339,0.4023,0.9683,337550,-0.01,0.0889,1.2097,"Phoenix-Mesa-Glendale, AZ Metropolitan Statistical Area","Phoenix, AZ"
2017-08-01,85032,"phoenix, az",phoenix,az,90,1716,103,2230,84.246493,89.15648143,79.3365043,36,0.0588,2,-0.3271,-17.5,-30.5,0.0465,0.6071,1.4286,274950,0.0181,0.1227,0.9853,"Phoenix-Mesa-Glendale, AZ Metropolitan Statistical Area","Phoenix, AZ"
2017-08-01,85020,"phoenix, az",phoenix,az,1569,5445,1235,-2061,64.663737,64.76006984,64.56740322,56.5,0.0865,4.5,0.2556,11.5,-10,0.2727,0.3208,1.1111,367550,-0.081,0.3171,1.3172,"Phoenix-Mesa-Glendale, AZ Metropolitan Statistical Area","Phoenix, AZ"
2017-08-01,85016,"phoenix, az",phoenix,az,1068,7896,1594,-1003,52.817749,55.86730086,49.76819796,63,-0.125,-9,-0.0526,-3.5,-3.5,0.0566,0.2308,0.8889,425050,0.0121,0.1273,1.5233,"Phoenix-Mesa-Glendale, AZ Metropolitan Statistical Area","Phoenix, AZ"
2017-08-01,85029,"phoenix, az",phoenix,az,1102,4084,-213,-1966,71.208381,75.66379674,66.75296526,48,0.3333,12,0.4118,14,-18.5,0.1885,0.2609,1.1508,213050,-0.0088,0.1213,0.7634,"Phoenix-Mesa-Glendale, AZ Metropolitan Statistical Area","Phoenix, AZ"
2017-08-01,85045,"phoenix, az",phoenix,az,11338,9284,112,650,45.388043,53.24221807,37.53386718,65,0.0484,3,-0.1034,-7.5,-1.5,0.0455,0.4839,0.7302,388800,0.0163,0.0367,1.3934,"Phoenix-Mesa-Glendale, AZ Metropolitan Statistical Area","Phoenix, AZ"
2017-08-01,85019,"phoenix, az",phoenix,az,6465,5557,173,-2450,64.173039,75.66379674,52.68228069,48,0.1429,6,0.7455,20.5,-18.5,0.1569,0.2826,0.9365,181250,0.0354,0.1254,0.6495,"Phoenix-Mesa-Glendale, AZ Metropolitan Statistical Area","Phoenix, AZ"
2020-11-01,85086,"phoenix, az",phoenix,az,1700,1276,285,594,83.081262,76.62688031,89.53564421,40.5,0.1571,5.5,-0.2212,-11.5,-17,0.0699,1.1681,2.0082,584950,0.1141,0.1584,1.6795,"Phoenix-Mesa-Glendale, AZ Metropolitan Statistical Area","Anthem, AZ"
2020-10-01,85086,"phoenix, az",phoenix,az,1700,1561,-259,375,80.837713,79.66899365,82.00643188,35,0.0145,0.5,-0.2632,-12.5,-18,-0.1503,1.0356,1.6838,525050,-0.0141,0.0607,1.5004,"Phoenix-Mesa-Glendale, AZ Metropolitan Statistical Area","Anthem, AZ"
2020-09-01,85086,"phoenix, az",phoenix,az,1700,1302,33,1186,83.518417,80.76171111,86.27512317,34.5,-0.0143,-0.5,-0.2959,-14.5,-19,0.0094,1.5545,1.878,532550,0.0979,0.076,1.5216,"Phoenix-Mesa-Glendale, AZ Metropolitan Statistical Area","Anthem, AZ"
2020-08-01,85086,"phoenix, az",phoenix,az,1700,1335,522,1403,83.074049,82.27712957,83.87096774,35,-0.1566,-6.5,-0.2857,-14,-21,0.1079,1.4054,1.7682,485050,-0.0101,-0.0299,1.3861,"Phoenix-Mesa-Glendale, AZ Metropolitan Statistical Area","Anthem, AZ"
2020-07-01,85086,"phoenix, az",phoenix,az,1700,1857,1638,2826,79.220682,74.96647295,83.47489197,41.5,-0.3197,-19.5,-0.2845,-16.5,-18,0.3278,1.1909,1.6912,490000,0.0165,-0.0201,1.4039,"Phoenix-Mesa-Glendale, AZ Metropolitan Statistical Area","Anthem, AZ"
2020-06-01,85086,"phoenix, az",phoenix,az,1700,3495,-940,1206,68.372923,55.44301953,81.30282716,61,0.0893,5,0.1731,9,-10.5,0.3647,0.9105,1.6351,482050,-0.0341,-0.0062,1.4113,"Phoenix-Mesa-Glendale, AZ Metropolitan Statistical Area","Anthem, AZ"
2020-05-01,85086,"phoenix, az",phoenix,az,1700,2555,-301,2352,74.384114,69.34730285,79.42092595,56,0.2043,9.5,0.12,6,-15,0.1565,0.2667,1.4944,499050,-0.0167,0.0184,1.5126,"Phoenix-Mesa-Glendale, AZ Metropolitan Statistical Area","Anthem, AZ"
2020-04-01,85086,"phoenix, az",phoenix,az,1700,2254,230,2611,77.447675,72.55232476,82.34302571,46.5,0.1205,5,-0.0971,-5,-15.5,-0.0171,0.0748,1.5972,507500,-0.0332,0.0314,1.5858,"Phoenix-Mesa-Glendale, AZ Metropolitan Statistical Area","Anthem, AZ"
2020-03-01,85086,"phoenix, az",phoenix,az,1700,2484,-1353,1283,76.770082,75.36942363,78.17074025,41.5,0.0375,1.5,-0.217,-11.5,-18,-0.3036,0.125,1.5497,524949.5,0.0292,0.0823,1.6406,"Phoenix-Mesa-Glendale, AZ Metropolitan Statistical Area","Anthem, AZ"
2020-02-01,85086,"phoenix, az",phoenix,az,1700,1131,732,2257,86.048696,85.43304348,86.66434783,40,-0.4245,-29.5,-0.375,-24,-40,0.0566,0.639,1.7872,510050,-0.023,0.0935,1.6452,"Phoenix-Mesa-Glendale, AZ Metropolitan Statistical Area","Anthem, AZ"
2020-01-01,85086,"phoenix, az",phoenix,az,1700,1863,-137,1948,79.795017,70.47415281,89.11588101,69.5,0.112,7,-0.0544,-4,-16,0.3826,0.5437,1.8276,522050,0.0288,0.1652,1.74,"Phoenix-Mesa-Glendale, AZ Metropolitan Statistical Area","Anthem, AZ"
2019-12-01,85086,"phoenix, az",phoenix,az,1700,1726,144,2290,81.898776,75.17036057,88.62719153,62.5,0.2019,10.5,-0.0942,-6.5,-16.5,0.0177,0.4744,1.7424,507450,0.005,0.1402,1.6916,"Phoenix-Mesa-Glendale, AZ Metropolitan Statistical Area","Anthem, AZ"
2019-11-01,85086,"phoenix, az",phoenix,az,1700,1870,66,1776,81.443691,76.33563597,86.55174599,52,0.0947,4.5,-0.0714,-4,-18,0.0044,0.4395,1.6618,504950,0.0201,0.1476,1.634,"Phoenix-Mesa-Glendale, AZ Metropolitan Statistical Area","Anthem, AZ"
2019-10-01,85086,"phoenix, az",phoenix,az,1700,1936,552,1701,81.350913,77.21463749,85.48718908,47.5,-0.0306,-1.5,-0.0952,-5,-18.5,0.0664,0.372,1.5957,494999.5,1e-4,0.1379,1.5869,"Phoenix-Mesa-Glendale, AZ Metropolitan Statistical Area","Anthem, AZ"
2019-09-01,85086,"phoenix, az",phoenix,az,1700,2488,250,1651,78.01311,74.35532744,81.67089234,49,0,0,-0.1404,-8,-16.5,-0.0495,0.2267,1.5102,494950,-0.0101,0.1811,1.5714,"Phoenix-Mesa-Glendale, AZ Metropolitan Statistical Area","Anthem, AZ"
2019-08-01,85086,"phoenix, az",phoenix,az,1700,2738,1945,3034,76.835724,71.20699206,82.46445498,49,-0.1552,-9,-0.2283,-14.5,-12,0.0091,0.2333,1.5447,500007.1429,-1e-4,0.1921,1.5732,"Phoenix-Mesa-Glendale, AZ Metropolitan Statistical Area","Anthem, AZ"
2019-07-01,85086,"phoenix, az",phoenix,az,1700,4683,18,1352,65.911216,50.85105056,80.97138226,58,0.1154,6,0.0265,1.5,-1.5,0.1579,0.3095,1.4865,500049.5,0.0309,0.1113,1.5538,"Phoenix-Mesa-Glendale, AZ Metropolitan Statistical Area","Anthem, AZ"
2019-06-01,85086,"phoenix, az",phoenix,az,1700,4701,206,1076,65.938988,54.90478577,76.97318968,52,0.04,2,0.0196,1,-5,-0.0952,0.1176,1.4179,485050,-0.0102,0.0802,1.4923,"Phoenix-Mesa-Glendale, AZ Metropolitan Statistical Area","Anthem, AZ"
2019-05-01,85086,"phoenix, az",phoenix,az,1700,4907,-42,1078,64.695467,56.09065156,73.30028329,50,-0.0291,-1.5,0.0204,1,-6,-0.0187,0.25,1.3376,490050,-0.0041,0.0652,1.5091,"Phoenix-Mesa-Glendale, AZ Metropolitan Statistical Area","Anthem, AZ"
2019-04-01,85086,"phoenix, az",phoenix,az,1700,4865,-1098,-556,64.485859,57.89749984,71.07421747,51.5,-0.0283,-1.5,0.1573,7,-7,-0.0145,0.07,1.3222,492050,0.018,0.0755,1.5461,"Phoenix-Mesa-Glendale, AZ Metropolitan Statistical Area","Anthem, AZ"
2019-03-01,85086,"phoenix, az",phoenix,az,1700,3767,-379,107,69.386752,66.83482933,71.93867523,53,-0.1719,-11,0.0816,4,-12,0.0592,-0.0219,1.3333,483335.7143,0.0362,0.0624,1.5733,"Phoenix-Mesa-Glendale, AZ Metropolitan Statistical Area","Anthem, AZ"
2019-02-01,85086,"phoenix, az",phoenix,az,1700,3388,423,-852,71.443674,69.80508755,73.08225966,64,-0.1293,-9.5,0.3474,16.5,-19,-0.0049,0.0459,1.2813,466450,0.0411,0.04,1.5625,"Phoenix-Mesa-Glendale, AZ Metropolitan Statistical Area","Anthem, AZ"
2019-01-01,85086,"phoenix, az",phoenix,az,1700,3811,205,-2109,69.570905,67.54317111,71.59863946,73.5,0.0652,4.5,0.3243,18,-13.5,0.3205,0.0352,1.2795,448050,0.0067,0.0482,1.5448,"Phoenix-Mesa-Glendale, AZ Metropolitan Statistical Area","Anthem, AZ"
2018-12-01,85086,"phoenix, az",phoenix,az,1700,4016,-370,-2028,69.686653,66.97560053,72.39770506,69,0.2321,13,0.3019,16,-12,-0.0064,0.0685,1.322,445050,0.0115,0.088,1.5288,"Phoenix-Mesa-Glendale, AZ Metropolitan Statistical Area","Anthem, AZ"
2018-11-01,85086,"phoenix, az",phoenix,az,1700,3646,-9,-361,72.368015,71.99135536,72.74467428,56,0.0667,3.5,0.0667,3.5,-15.5,-0.0427,0.0828,1.2764,440000,0.0115,0.0932,1.4752,"Phoenix-Mesa-Glendale, AZ Metropolitan Statistical Area","Anthem, AZ"
2018-10-01,85086,"phoenix, az",phoenix,az,1700,3637,502,-114,72.472935,72.29047561,72.65539472,52.5,-0.0789,-4.5,0.05,2.5,-16,-0.0465,0.1631,1.2813,435000,0.0381,0.0793,1.4547,"Phoenix-Mesa-Glendale, AZ Metropolitan Statistical Area","Anthem, AZ"
2018-09-01,85086,"phoenix, az",phoenix,az,1700,4139,1633,-237,69.954737,62.73989137,77.16958358,57,-0.1024,-6.5,-0.0339,-2,-8,-0.0444,0.0488,1.3871,419050,-9e-4,0.0608,1.4013,"Phoenix-Mesa-Glendale, AZ Metropolitan Statistical Area","Anthem, AZ"
2018-08-01,85086,"phoenix, az",phoenix,az,1700,5772,263,-796,62.218091,49.17103499,75.2651469,63.5,0.1239,7,0.0855,5,1.5,0.0714,0.1392,1.3043,419438.5,-0.0678,0.0769,1.4015,"Phoenix-Mesa-Glendale, AZ Metropolitan Statistical Area","Anthem, AZ"
2018-07-01,85086,"phoenix, az",phoenix,az,1700,6035,-258,-892,60.805163,54.10571604,67.50460971,56.5,0.10780000000000001,5.5,0.0463,2.5,-3,-0.0118,0.1507,1.1915,449950,0.002,0.1565,1.5002,"Phoenix-Mesa-Glendale, AZ Metropolitan Statistical Area","Anthem, AZ"
2018-06-01,85086,"phoenix, az",phoenix,az,1700,5777,208,-673,61.934603,56.42489297,67.44431346,51,0.0408,2,-0.0556,-3,-6,0.0119,0.0692,1.2143,449050,-0.0239,0.1527,1.4967,"Phoenix-Mesa-Glendale, AZ Metropolitan Statistical Area","Anthem, AZ"
2018-05-01,85086,"phoenix, az",phoenix,az,1700,5985,-1676,-1319,60.886762,58.88995215,62.88357257,49,0.1011,4.5,0,0,-8,-0.16,0.0566,1.1351,460050,0.0056,0.1746,1.5338,"Phoenix-Mesa-Glendale, AZ Metropolitan Statistical Area","Anthem, AZ"
2018-04-01,85086,"phoenix, az",phoenix,az,1700,4309,-435,-446,68.88251,69.54791572,68.21710483,44.5,-0.0918,-4.5,-0.0918,-4.5,-15,-0.0991,0.1364,1.25,457499.5,0.0056,0.164,1.5352,"Phoenix-Mesa-Glendale, AZ Metropolitan Statistical Area","Anthem, AZ"
2018-03-01,85086,"phoenix, az",phoenix,az,1700,3874,-1338,-82,70.479389,69.19531147,71.76346635,49,0.0316,1.5,-0.0297,-1.5,-16,0.1327,0.2759,1.3059,454950,0.0144,0.156,1.574,"Phoenix-Mesa-Glendale, AZ Metropolitan Statistical Area","Anthem, AZ"
2018-02-01,85086,"phoenix, az",phoenix,az,1700,2536,-834,104,77.563804,82.04171387,73.08589325,47.5,-0.1441,-8,-0.1038,-5.5,-37,-0.0151,0.1136,1.3706,448500,0.0492,0.1369,1.6175,"Phoenix-Mesa-Glendale, AZ Metropolitan Statistical Area","Anthem, AZ"
2018-01-01,85086,"phoenix, az",phoenix,az,1700,1702,286,1101,83.101576,87.31956032,78.88359158,55.5,0.0472,2.5,-0.1591,-10.5,-35,0.363,0.2595,1.4741,427450,0.045,0.1188,1.5738,"Phoenix-Mesa-Glendale, AZ Metropolitan Statistical Area","Anthem, AZ"
2017-12-01,85086,"phoenix, az",phoenix,az,1700,1988,1297,803,81.671142,87.13080169,76.21148191,53,0.0095,0.5,-0.1846,-12,-32,0.0069,0.3273,1.3774,409050,0.0163,0.0767,1.5129,"Phoenix-Mesa-Glendale, AZ Metropolitan Statistical Area","Anthem, AZ"
2017-11-01,85086,"phoenix, az",phoenix,az,1700,3285,238,-179,74.992263,80.16339667,69.82113016,52.5,0.05,2.5,-0.0367,-2,-25,0.0284,0.3942,1.2185,402500,-0.0014,0.0255,1.4635,"Phoenix-Mesa-Glendale, AZ Metropolitan Statistical Area","Anthem, AZ"
2017-10-01,85086,"phoenix, az",phoenix,az,1700,3523,379,-302,74.199601,79.77970102,68.61950009,50,-0.1525,-9,0.0204,1,-24.5,-0.1402,0.4388,1.1949,403050,0.0203,0.0113,1.4536,"Phoenix-Mesa-Glendale, AZ Metropolitan Statistical Area","Anthem, AZ"
2017-09-01,85086,"phoenix, az",phoenix,az,1700,3902,1074,121,72.350588,65.55615261,79.14502358,59,0.0085,0.5,-0.0084,-0.5,-12,0.038,0.4386,1.4138,395050,0.0142,0.0156,1.4209,"Phoenix-Mesa-Glendale, AZ Metropolitan Statistical Area","Anthem, AZ"
